b'some_salt_string\x13\xa7\xb9PWT4\x99)Z\xb2\xfe\x10\xebV>\x0e\xc1\xd4k*\xbc\xca\xc4z>\xf9\x8bu\xb0!\x1fG\xcf\xaa\xaa\xf7\xf4u=zJ\xf9\xbc0\xfe\xd8\x94\x15\xf7-F\xbc]\\\xe3\x03\x87<S\xb6E>\xde\x11y\xbb\xd52\xf2\x06\xc0\xbd\xad\xf4g\xb7\xb2\x9c9q\xdb\xdcp\x14$\xd9T\x8ap\xa0\xe8\xa0\xf3\xd0x\x8a@\xa80}Xt\xe1\x84\xad\x97@U\xb4\xfdD\t\xeev\xd4j\xca\xb6\x89}\xbc[W\x07oB\xb9\x9c\xb1\xbe\x91\r\xf0\xda\x83\xe5(Il,\xa8\x1eUl\x7f\r\x8d?:1\xad\x89\x12O_Jzt\x1d\x94=\x81\x8c\xb2F0\x15Rc\xc9\xed\xe5\xe1n\xfc3\r\x82g\xf5-9\xa29\xaaL\xa6\xce\xd8\x1f\xa1\xca8|m\x1e\xc2?\x12\x90\xf7w\xc9z\x83\x98Mg4\xc1w\xed\xd5c\xb6\xd7:\xb7\xed\x97\xcc(\xe5\xb2\'C?\xb3\x9bns>IGg\xcc\xfc\xd4\x89\xfbM\x1ci \\.\'\xb2\x8b\tO\x18\x96pt\xa4}=\xde\x07\x91\x9b\xe8*[j\x067[\xb3\xa4\x7f\x03\xd1\xda\x1c0\x89\x9cP\xa0O=4m(\xefy\x9d%\xc8\xa8[g\x1dV\xea\xe9BP\xc6?L+\xa5\'\xc2\xfa\xb3\xa8\x1c\xb1\x08\xd5\xbf\n#\t\xee)\xfb\xa6\x9c\xfe\x11/a\x18\x89\xf85J\xf0\xb3\xc8\xe2m\xbc<\x94d\xe7\xcd3\xf1GH\xf3j!\x19Lrq\xc1\x07RQ\xc4\xf6\xb3\xb2\xfd\x00\xa89e\x00\x12\x1c\xe3M\x0f\x0e\xc5\xb2*\xffn\xf2\xdad\xef#g\xaa\xd0\xf5`\x8c\xc3\x85J\xfahK;H@P\xfb\x1dp\x85\xd64f\xa6<\xc7\x92W\x98\x15)\x87k7Y\x8f\x81\x16\x1a\xf5zK\xaf\xab\xef[\xe6\x1e\xde8"\x8a`\xda?P7\x9a\xf7\x8f\xfal\xdd\x8f\xdf%\xc7oJ\'\x94\xa5\x86[\xf9\x14\xc8\x03?\xa2W\x98\xcc\xd2L\x08\x85\xc9\x8b\xb2&\xa1\xeb\x0c|\x1d\xf2\n\xfei\xaaK\xe2\x0b\xb5\xae\xa5\x07i\'\xfc\xea\xf4PFy\xc9\xf2\x7f\xbe7\xcf\x9f\x91\xeam\xf6>\x84\xc9.\xf1 0\xfd \xac\xa7\x94\xf3\xc1^j#\xe1\x1f\x0f\xd9\xeb\xd2\xa3R\x1d\xc3FVZe)\xb3Z\xf1-\xe6Gd\xbb3\xb0\x97\xe9c\xa0\xbd\xd7\xa3\xc4\x01\xf8\x0c\xae{\xc4\xf7:\x0fY\x1d8HV\x07\xd2\xd8\xa9<J}W\x7f\xc5\xf7>\xeb\xa0\xfe\xbc\x0c\xf8\xaa\t\x19(@\x97\xd9\x89\x88\xe6\xeb!mS\x90#\xf1T\x16\x84\xbb\n\x89G\x7fa+\x90\xc7\x90?59\xfd\x97\xc6X~\xe3\x85\xebb8\xf0\x11\x91\x16\xa1B\x82R\xa7 \xc6\xfbQ\xee1\x08 \xd0\x1c\x00Xtcq^9\x91\xcf\xc5p\x01$\xbc\xff\x85\x16o\xc2\xb7\x1cHk\xd0\xd4\xc2\x9bg\x98v\x18\xa0K\x12\x91\x01Lf\x0bt\xeaH\x8f\xe85N&(\x18\xce\xc7\x19+\xf60\x13\xdd\x85F\xc2\x03\xda\xa1\xf0\x1b\xcd+#\xc62\x8f\xe7\xa5b\xda\xbcs\xfb\xa8\x89\xbf8\xab\x95\x15^\xe0\x191!*\x92c\xf1;q\x00\xe3\xffv\x1f\x02X\xfd\xdd3\xabX6DU,\xfdv\x02\xe4\xb6q\x86\xa0\x0f\xfe\x9c72\xe98\x7f\xa8\xe4G\x00\xe0s\xdf\xb6\xe1\xc8\xfdF\x88\xed\xcfo\xdcu\xae\xd7\xa5\x18\x9fl\xb9\r\xe3h\x0be\xcb\xeb\xb6\x9d\xd7\xe9\x89N\x87L.V*6X\x08G\xeb\xfaT\xf0\xc1\x05/l\xb0I\x86\xb8\xba\xd1\t+\x0f\xfe\x8b\xa7[\xad\x12\x96d},\xdf\x0bw\x8dIF\xa0\x0c"\x8b\xbb\x1f\xe5;\x04\x8b\xd0\xfa\x89\xbb\x9eT\xbcK\xca\n9\xb4/\xdc5\xd9BP\x1b\xad&\xd6\xa61\xcd\xcb\x12e\x99f\xb7u\x01\x7f\xc9\x99 9!\xa9\xed\xf8c\xd9a\xf7\xdf\x1c\xd5cFc-\xda\x10\xb2\x99\xd5y}\xed\x98\xc8w$U\x10\x0b4\\\xdd\xfa\xad\x87j\xe0\xe3\x10\xa9^\xb3w\x90\xcb\xa3\xc6w\x9a\x9dv\xea\xa9\ns&\xf7\xbb5\x8e\xc5\x8b\x90\x0fG\xe5\x99\x80\xc9\x90\xc56\x15a]%\xbd\x9f\x85~\xa3/\xee\xf1\xd0H\x9f\xbe\xc9\xbb\xfa\x16\xba\x8f\xb1\x8d\xa1\xdc{\xf8\x9fN\xc4O\x9d\xa1\x7f\xec\xd4W`\xdc\x90`\xfdk\xb7c\xa2\xa6d\\0\xd3\xd0\xc0\x1c\xbc\xd7\x01\xd6GR.\xbb\xefE\xaa\\sJ\x0c(c\xb2\rq]\xd5\xe8\xd8\x1eW\xbfI\x8bH\x9ea\xbd\xa2\\\xb4x\xc8q\xed\x96kt\xb4\x1a\x12M\xab\xe3\xb2\xc9\xd4Z\x95\x97\xaep\x0e\x06U\x83\x8dy\xff\xcfP\xb2\xf1\xf3\x17P\xf1\xbc\xbb\xdd\x8f\xd1\x06\x81\x99\xcad\xe3n\xe0\x1e\xc8\x1b@3\x8f\x10\xe0\x8e\x17q\xca)\xff\x17g\xee\xe1_\xceu\x18q\t\x05|\xad\x04\x8a\x92\x82`4*z\xa5\x1a92\xff)\xf5\xfcxK\x8a8\xa2\x160\xdej\xb1\xd8\xaa\xa1\x08\xf6\xe8\xb7\xa1\x95\xcadt\xc6\x12\xf6\x0e\xc5\xe9\xbed"\xcf\x94\x82\xf8b)\x80\n\x81\xae\r\xf3\x1b8\x01\xd7f\x1a\xfb\xc5\x1b\xe0Ees\xe8\xd0\x9f\xdd\xdfH\x83z\xec\x00#\xf8\xc0\x99i\x022N\xfds\xaa\x19\x00\xa9J\xf1\x16O\xd8w\xd4\xe5\x94\x10\x90Cr\xf0\x90\x1c\x9f\xd9\xd9\x13\xa6\x0b}\x86\x9eG\x0b|t\xfd\xd5\xf2\xff\x13.h\xa4H^\xb1$YN\xea\x0e\xe1\xd9\xa2\\}\xb2\xd7\x8cy\x0f\x0c\x98\x89\x9c\xbe\x91I\xa5\x8c\xc7Q\xe3JA\xc3\xe3|\x16\xc6~ju\xa3\xf7\xf4\xcb\xe9\xaa\x8f\ts\\\x05,\xa3\xd3\x91mr\x8e\xfe\xf8~\xc8\xf1h\x88\xf39\xb4\xb6\x19+J(i\xa1\xe0\xa5$U\xea\xb4|\xb3\xe6\x19 \xe5\xb9?\xf3\xdc!\x94\x08\x87\xc1\xe5GCT\xe5\xca\xac\xcd\x8cF\xf9\x83\x95\x05\xe8\xb3eEMr\xedG\xbd\xe9_\xb3p\xbd|\xf15\xe4M\x9a\xe5\xb8\xaf\xac\xb6\x94\x9e \x89lI\x99%\x9d\xb1\x19i\x1c\x99\x8b\xc5\x13`-0\xa97G\x92\xf2\x16\xc2\xec\xca"\x05R \x93\xa2\x1a\x9ff\xb8\xc9\xe8\x95\xe4\xd4-gYZ<H\x94H\t\xa5\x1bHar\t\x13\x07\x93E\x85\x0f\xec\x12\x90\x81&Z\xf3\x1d\xb5\xfd\xf7\x05\xaa\xacZ\xa3\xda\xedZ?\xf5\xc7$\xeabu\xe8\xe9\xbb\x12N\xde\xf5vi\xf6(\xd3\xc1(\xc7\xfeL\xa7\xde\xcax\x1b\xcd5\xfe\xf6%\x82\xd1\xcdgy\t\x1a\x0b*?W\xf1\xf2\xb95\xc6w\xb5=\xf7x\x04\xd5\xfe\xcd\xe3]\x8c\x18\xf6l\x80^\xae\xa4\x9bJ\x18\xdb\xe7YW\x00\xf9E\xfe8eY\xb3\xbd\x93\x13o@\x88\x1dH\xc7\xc2A#(,v2\x87k\x8b\xb2@b[\x11F\xf5\x10\x85M\n\xef\x94\x8e\xf8\'\x9a\x08!-i\x9es\x82Ml\xd1l\x11J\xb5Q\x05"\xb3\x809\xf1\xf9>j5\x00P\xfc\xda\x04\x10\xa1\xd3c\xac\x89o\xda\x84}\x92Gj\x9ee\xeaH\x86\xa9Y\x1e#m\x8c\xaa\x9d?P$/\x88@\x0f \x7f&BG6\xcc\x8b\x9d\xb8+\xc2\xfa\xcd\xc1\x00\x81#v]\xae\xd2i\xcd\xa5\xcc\xec\t$\xeb\xcb\x0f\x16\xd1\xa1\x05\xfa\x91d\xff\xd2\xd3\xe3\xdc(\xe0E\x7fA:\x95c\xd9\'\xb2f\xeb\n\xb4\xac\xb4M(-\x10g\xdb\xfa\x00e\x07W\x10\xbfd(\xe9\xa8\xae\x06\xec\xf2\xb4\n\x9d!*\x96\x0f/\xb1\x00\x82W\x03*\xfaT\x16N\xc2o\x0e\xd0\xc5\xb9\xe0\xd1,\xbdq\xde\xc97\xc1"\xd7\xde\x90\xf6C=\x80`\xe3(;\xe2\n\xe7LQ(<\'\xd4\x81X\x11\xd9\xb7\xc4c\x012\x13\x16\xd2\xd8fQ\xab\xd7\x8f\xe2\x1eZ->y\x03Qe\xacT4\xafbt\x18\xad\xc7\x91\xb9\xa5o\x18\x9d c\xa4\x02\xee\xf3z|P\x98\x1c\x85>\xb4s\xb8\t>\xde$#\r\xf2\x85"\xac\xfe\xaf\xf6zv\xb6\xdc\xe2\x04\x84\xbe\xcb\n\x10S\xa5af\x83\x99\xc6Z\x99\xbe\x13\xce:\x10P\xc6\x99\x1e\x98k\xeaW\x97\x89\x98\x9en\xc6\xfa\x94\xf1\xf4_Z\xab\x0f\x07RQ8\xda}\x92\xc3\xddW%\xaf0\xacr\xf0h\xf4\xf6x\x83>\xb8$\x8d\xd7A\xc5u\x80\xfdv4vA\xc5\xa2)w\x7f\xf7\xa5\x85)\xc2\xb6\xee\xaf\xcf<\xaeZJ\xf2\x0e\xdd\xd4`\xb2x\xca#\xf4\x95\nJZ\x0b\x805 \xb3\xa4\xd0BT\x11Q\x13\xf0_\x8c\xf9\x992\xbeGq%\xf7\tQ\xddx+o\xdf[ \xe9c\xad_u>U\xab\xeez\xa8\x844\xf2\x81\x11,\xbbu\xf6\xf1v\xfe\x8a\xaa\x86p_\xad\xea\x95\t\xfaj\x01\xab\xe2r\x0c#B0\xc5\xe9b\x89c\xb2\xb8\x87\x16\x07(\xcb3\xce\xfb\xae \x12Z\x98\x99\xc2\x84phi\x9a\x9f\xcc\xc5R>\xc1A9\xc8\xc6\xa7\xdce\x00XUaI\xedB\x1d\xe6W\xf7\xca\xc2\x83\xaf\xc1\xa4-@\x1c\x9fC\xfe>I\x7f6U\x0e[\xa15:\x84R\x1a\x99\xdbB\xe8A\xda\xb6\x82\x00K\xf1"!k\xde\x98\xe4[3\xa8\xbc\xb2H\xdfd\xbcN\x92\xd4\xd5p\x8e\xe1\xd4\x99\xdb\x17/\x95\x919\x1f\xe2@\x19\xa6;\x88\x93Q\xd1\x9a\x01\xb0r\x95\xc7\'p/\xff\x96N\x01\x8d]G\x84?Ik!\xcb\x1b\xd8\x9c\xcc\x1a\xc1\xc7\x1c\x9e\x9d\xaa\xf0d\xc2,\xa0\x0f\xa4G\xfa;\x00\'\xdf\x18f\x1e\xd4\xa3\x8f\x11\n\x11\xd5\xb4\xffG~\t>rsF\xc67\xd1@\xfc\xfe1b23\xf0\xc7F\x18\x8d\xc7\xe5\xe0\x90\x1f9\xc79\xd9\xa1\x1acfUB\xcf3\x1fCg\xe3\xa0\xfaQ\xe3\x8a\xc3\x83~0\x16\xe4\x06B\x87{\x15\xd3>\xd7\x17[b]]\x92\xf2\xfe\x13\x0f\x19\xfd"\xb6\x1enN~B\xee\xa7\xbc;A>\x16\x07\xb4\x02\xc2\xe1H\xd2\xb7\xfbXb}\x88\\Q=t0\x9e\x96\x80@\x9c\xee\x80`2\xef\xb3\xb5@/\x95\xe0\x99rd\xe4{\xdc\xee"v\xee\xa4\x10T\x03\xf3\x93\x9a\xc2\xb8\x17c-\xc1\xbb\xa9JcX02\xef\xba\xae\xfb\x84\xd3\xd9l\xeew\x1a\x9b\xf5\x82\x02\x8a\x92c\xb3\xc2"\x80\xaeDE\xfaKI8\x19\x01\xcf\x91\x1aN\xb0J\x00\x7fw\x08ju\xae\x1c.-\x19\xda\xeb\nq\x08\xfcX\xa9\x9d\xfa\x85\x8c\xd0\xaeQ{\xb6\x9c\xea\xd2\xe4h\xd6\xcf!\xb1\xbf\x05\xeb\xa3\xbcA\xefg\xc7\xa5\'\x850\x9f{\\\x1a\x83\xc83\xc6E\xab7;\xf3\x87gp\x8a\x15\xde\x16y\xe0\xc8\xef_\xbc\xa5p*\xfe,&\x1bB^f\xda\x8c\xe1\x81~i\xaf\x07\x0f^K\r\xd9\x8bv X\x91\xd4\xea\xca\xdc\xb06\xe0\x87U\x1e\xc1\x8a\xb9^\x7fA\xc8\x88\xe2\xdd\x98y\xf7\x00;\xf6Q\xed\x92x\xc5\x8a\xa9-|\x1ea\xfc\xd2-3Np\xb5\xed\t\xaeL\x1f\xf5D\x9b3\xd3\x00\xe4\xf9Sd\x16\x17#4\xecE\x99\xfe\xdb\xc5\x1f\xb0p\xb8\xd6\xd4e\xb3\xfe\xfd\xb1\xb9\xdb\x82\x86\xb7\x85\xff\xac&\xd8\x87Z\xf7*{s\xda\x12VFX\x11\x9fCy\x9d\xee\xe0,\xe5\x81\xd8u=\x9c\x1f\xe4\xde\xca\xc1\xb5\xbe7\xe8\x07\xad\xf5\xc1]\'\x9dL3Q_\xb9\x18\xf3\x00\xe5\x90\x9e\x9b\x19\x94\xb0[B\xf0\t5\xb7\xb6\x91\xee|,Wg\xb1\xb3\xd6/\xd1\xd1|\xbc\xfa2\x1c\xcb\xd5[\xacv\x02}Z\x1fp\x8f\xb8\xe0^\xc6x{\xc0<\x8d9\xb6\xbf\x82\xda\xaa\xcc\x05\x95jF\xb0\x1e\xa8,\xbcc}c\xdc\xd5\xaa\xd35\xfd\xc2\x1d\xbfnm\xcd\xde%\x14\xe0\n\xfc\x0c$4\xe1R\x91\x7fcN\x13\xe7\xde\x18\xd7\xfd\xc4\xf2\x01h\x8c\x1e$\xf6\xc8\xa5\xdbQj_\r\xb6\x84\xaf\x90\xb9\x10\x90\xd3\x1c\x1d\x9f\x86\x10\xd8D\xfa\x00\x07\x16\x0c\x86\x8ev\xa2h\x88\xe7\xeb]\xb7!\xd1\xc6z{\x9dv}\xa3{E\n\xc5\x1d\xc7o\x95\xf0ylW\x8c\xda\xfd\x82\xbf\x81\xdd\x10yZ\x1c\x02\x85/\xfd\x8b\xf3\xfd}\xd9\xc1Hw\xf6\xc3\x92\xfaJE!\xc6\x19\x9dw\xf7\xf6b\xe8\xce|\xe4\xa7gmc\xef\xa2Z/\xba\xb4T\x05l\xce\xabE\x1c\xcdW\x87R\xa3\xee\x7f\xfb\xd5\x88)\x97/\xb2\x84\x96\xde\xd6\xcbK2\x01".\x0c^q\x92\xee1\xf2\x99\x04jo\xb1\xcca\xd1\xedw\x1e\x9861\xc3\xc4\xe9%[\xb1\xac[_\x93\x96d\xe3\x0c\x97a\x99{\x16\xe9\x93\xa4\x98yH\xf9}\x00\xa7!\xbb\x01n\xc8\xa7\xfb\xe2w\xd1\xbb\xd3\x99\r\x16\xd3\x06I\xd9\x7f\x02\xdd\xbb`"d\xa0e\xb9\xd0d\x80\x02{\xf5\xf4\x8f\xe8M\xc7\x0c\xba4nW\x1c\xf4\xe4\xef\xc2\xf6{E\x04\x9e]0R\x8ab\x90\xbc\xe2\xff\x85\x08\xb1\xcf\x8a\xa8.\xfb\x8d\xd9\x89Lp\x10:\xceP xl\xeb}uE\x89\xf6\xfd\xed\x8a\xe7j\xaf\x89\xd0\xd8;\x12\x93\n\xb1\x86#\xfa\x88\xfe@k[\xeb\x10D\x97Dw\xfc\x83O)\xb7\x80\xd9>4\r\xbf\x91[X\x85\xee\x98-\x9c\xa3\xf4\xa2\xc2\xd3^\xa3C\xe7\x04y\xf3H\x15\xc2\x12\x16\x9d)\x1d\xe7\x9byxs\xa5X\x0e\xc4^\'\xb6\xc58h\r\xf0\x85\x16\xd6`U{ge\x87\xab\x9a\x99\xc7\x9d\x9f\xc2#Xq\xc4\xd0>\xe52\xc6\x08>\xd8I\xca\x00K\x0e\x8b\x95A\xf5<\x02( \n\xb5\xba\xc2\x02\x9e\xad\xba\x0e-\xbe\x8bpZ\xc1\x98 \x07\xa2;\xae[\xcfe\x1a\xa9\xd1]\x8d3\xfb\xa8`A}2\xd9\xab\x84\xfe\x92m\xfc\x1d4\x84\xa0\xa5A\xc5,zcE\x9eP3MB\x95\xb2\xed\xa5\xea\x95\x80&o\xb8\x92\x00\x93@q\x934y\xe0\x7f\x8ed\xce%\xb8\x9a\xcd\x83#G\x0e\xb0\xc4Jb*\xd7\x8aq!|\t\x92\x98\x97\xbek\xabG\x86\x1b\xec\xcd\xf8y[@Ec\x97\r\xfe\x8eW\x93R\x99\x907\x01\xbf\xb2\x83rI\x07G\xa0\xaf\xed\xd9q\xab\xd1\x12\xc0I}\x85w\xbcSG6P\xbfn\xb1\xc90\xba\xcan\t+\xe2\xe5\xac\x91\'MZ\x89\xc0\xd6^\xdfBi\x12\x92)\x0f\xd3\xe7\x8a\xfa\x9bV?\x1b\xfc`s\xd4fv\xe1\x0f0\xcbL\x90\xcd\xac\x1c\x8b\xfc1\x04\xd4\xa6\xc8\xccE\x97\x90\x9d\n\x9dDR\x03)\xec\xaf9\xcd)\x08e[\xceg\x11|\x81\x85\x1a\xcf\xda\xe6\xbbj\x95=\xf3\xe79^#k0"\xa0"#M\xf7~5\xe6\r\xc7\x8c\x7f\xc4\xbc\x19\x01H\xbe\xd0$C]\x1d\xdd\xd2\x03@gabO\xbcH}\x12\xea\xe1\x07\xae(\xde\x14\xf1H/\xcaj\xe8\x8c\xcbt\xac\x84kB\xf0\xc6r\xf9\xf3dq~\xa3s1\xab\x01\x08\xb0\xd4jG\x11\xdb\xc9h\x84\xe1\x18\x85\xd2\x94\x17\xdd_\xe3\xdf\xd7\x13\xa4\x84\r"Y$\xedU\xc8_\xc4\x9a\xa9\xad@\x04\xfb\xb4bg\xe31\x1c?\x10\xbd\xc1\xdb\x16\x01\xa2r\xea1\x16\x03\x8fP\xcf\xcbe\x10\xecy\xca\xe5iE\x90\xb1\xdc\'#\x1f\xa7\xcc\xc8q,\xb8Pwo\xbd\x07\x19\x86\xba|\x8d[\xaf\xfa\x0c\xac\x19\xff&#\xc8\xd7X^\xb2h\xea\xea1V\xdb\\Rs\xc6\x9e\x89\xde\xf1Y|\xdd\xe0@\xb9\x15\xbe\xae)\xd8\xac\xd7\x0f\xeez:1\xac\x16z\xf20\xd2\x01}\x8bA\xace\x95\xbd\xfa\xb4\xd8Y\xfdP\xe1\x1a\xecsb\xb0\xe6\x91\xb3P\xb6\xf6\x1b^>\xe4~\xdd\x8e\xa1\xe6B\xf3\xffNA\xe2\xaa\xb18\x86\x1b\xe1\xb4\r\nH\xb6l\x03R@Pr\x97\x01\x94\xd9\x16\x1e \xee\xf8t\xc2Q\x10*R)\x8cz\x95\x1d\xc8n\x89\x81o_e\xe2C\xf8i\xa3\xdcr\xbe\xc4\x87\x1a\x1d0<\x98\xfc\xda\x92\xb8\xba\xe0\xe0\x8c\x98\xcd}\r$\x93\x99Jx\xd7\x11\xacR\xcf9\x8c\xf4\xe16v\x1d<\xbeO\xcc-\xd0\xd0\x9a\xd0\x07\xf0\xe4~\xb9,(\xf0\xcc\x01\xdfv\xa34\xa3l\xab\xd7%\xec[\x10\xc5CW\x1cb\x88\xc2\xab7\x86s88\xdb\x88D\xeb>\x18\x9b\x81\xed\x8f\xa7\xe6\xab+\x11\xa7^\x989"\'@}\x0c\x97\x9d\'&\x9a\x98\xbd\x9a\x9c@C\x951\x81y\xe1<\x96\xda\xc9\xe0\xee\xd4@\x14\xa9\n<\x15\x9d~Ht>\xe2a\n\xc6-\xf2!;\x11&\x93\x92\xad\x1f\xac\x0f\xc8Df^f\xc8\xe8\x9d\x07O\xce\xe4mZ\xa5e\xcaTA\x1fi\xd0\x9a%\xde{7\x17q\x01\x19\x8b\xd2\x8ck\xa9n\xf6E\x1e\xd1F\xc7N\xa9&\x90e\x11\x1cv\xd8/78C|\x7f`\\\xe2\xab:\xa0=Ts\x87\x19b\xe4\x10\xd4\xab&s\xda!\x88\x9e\x01\xa8\xa8Q\x90\x8bT\xdc\x8dv\xc2x7\xf2\x82\'\xba\x84\x96\xfb\xfeR{h\xc0\x8e\xa6W\xee\xd28P\xc5\x94=\xda\xc3c:\xebH_9\x9aR\xcb\xb8\xc7\x9eH\x9f\xe9cS\x9a\x81H=\xc8\xea\xe8\x12\xec\xad\x93\x1f\xcd\xd2\x9c\x01@O\xb5 *\x1dw\r\xbahm\xa27\xb9\xfd\x04<al4\x89\xfa\x86\x00\xcf\x84C\xc3]\xa20\x16^\xcd|\xfe~\xc8\x86\xce\x1c\x1e\xe1\xe3^\xbab\x14\x19\xdd\x01\x85-\xf5ky\x86\x07b\xecq\xe3N\xa8\t\x8a/\xc2J\xfdO\x03\x87]\x8c\x93w\x18$\xb9\xba\xa2\x0e\xe1\x1by\xb8a\xeeO:o\xe0F\xee\x0fPQ2m"\xfe\x0eus\xf2\xb3\xef\xfd\xfbn\xcc\x05\xa3\xadtE\x15\xb8,\x84\x89B\xa3.\x7f\x1b\xf4,\x1f.\x94\xf5Qs\x19l\xd0\xe7D\x18\x93U\xd2\xb6"\xb0\x8c\xdf\x9dJ2!\x0e`\x8a\x17\xfc=6\xc5\xaa\xe6\x8d\x19\xb8\xaf\x0f\xd1p\xbeC\xbd\xd3JT8v\xc3\xcf\xf4\xf6\x84+|\xd2\nc\x82-\x9b\xa2\x01a\x19% \x8b\xc0\x1b\ra0\x16qP\x1d\xa9\xd2\x19xy\xf5\x0f\xc4f\x01OoU\xb5\xf4\x81\x0b6\xa4\xb9k8<m;\xe2\xcc\x06\xe6.\xb9\x8b\x16o\x84\xf3\xf7\xb2\x8a\xaf\xeb8\x0b,\x8a7\x12P\xe89\xb2\xbdn=\xc3\xb7\t\x14\xfc\x84\xe5\xc9\xc6[\xa5>\xf2\xcb\x10\xd7\xe9|\x8d\x8dX\x1fx\xd8\x94\xa0\xff\x8b\xb1\xf4\x15\x02\x84\x8e.\x07\x1a\xc9Q\xb0\xe9#f\xd0\x1f\xf3u\xed\xf0\xcd"7\xccE\xf0\xf0L\t\x9e\xaa\x96Dv,\xc7\xf1\xf2B\xd6\t\x04A\xa7\xc2F\xac\xa4\x1b\xcd\xcen\xe28\x08\xbc}\\s\xc0\xd5\x8a?\x1c\x8eYwW\xd7\x84\x05SB\x086\xf1y\xe1\xd7M\xd0\xd7\xcfAk,\x19\x19\xf6\xba\x80(\x81=9B>c\xbf\xff\xfd!\x8f\xf5\xd9\x83\xbaH\xde\xc0\xf5~\xfa\x05\xd1V\xa4\xde\x19\xcdQ\x0b,?\xa6\xdf\x9b\x13\xfbx\x03R\xb2\xc1\xcc\xbf\x9c\x82(\x97\x02\xef\x10\xbd\xdfR\xfa[\x11\x92\xddW\xc8T|\xe4b\x82\xc5\x05\x90\xa3-\xae\x9eV\xa9$\xe6\xf6\x8e\x91\x98\x15\xa9\xcb\xc3T\x17m\xe4D\xbdu\xa3\xb9\xbb@\xd4\xdd\x82W\xb2O\xde;\xa7!\xf4\xfc\xb0\x84\xe2\xaaU\xa1\\B`pV\xaf"ft\x1e?\xb2\xd0\xd4\xb7\xe4\x10;\xee08\xb0\x94\x90\xa24\x04\xd4\xcf(\xac\xd0U\xa7\xe0\xf0O\xec\x01\xc6X\xe7i\x9fk\xbfp\xfc\x06Y\x8a[\xcf\x99 \xf3:q\r\x92\xd2v\xce\xb1\xb7\x1d\xec\xd3N\xa0n\xb6\xd41\xc6u2H\xe5\x0e\x038~\xe3\xa0/\xfaO~\xb1\xddU\xff\x01tD\x0f\xb6\xaap\xda`=?@a\xe5_\x89W\xdb\\\xb6Rt5\xd1\xbah\x0f\x9b\xa8;\xedJ\xac\x08\x92\xde\xe9Z[\x10kK\xc6,7nU\x8b\xc9\xaat\xac\xf0\xa9>\x01#\xd9\xfd}\xfep\xeci\x96\x98\x94k\x82dSk6\xb3\xcc\x87[t/W\xf61H\r\xfb\xf7\xe8\x01CMG\xf2\xdb\xc9n\x84\x99\x93\xc1\xed[\x825|L4\xf8\xac\xfe\x14A<\r\xb9Z\x14\xed\xc6\xf1\x91\xef\x1bv\xd4\xf9\xe640$\x19\xe56\x120\xb7\x97\x91\x03\xc5\xd0\x81\xbc\xe9k\xd5\x0b\x04m\x0bN\x1c{\x07\xb9\xed$\x8b\x8b\xf8\x16\xdd\r\\\xf3"\x03c\x99\xfe\xd5\x99\xd937c\x93$ja\xc0\xe7`O\xe4\xea\xae\xdeE\xab\x8a\x8b\x9d\xc2;>g\x05\x93\xe4\x0c\xb3\n=\xf6\x96\x805g%\xa6\xb3Mp\x0e\x8e\xe3\x9c\xe8\xb2\xbf\xb1\xdcR\x17\x94\xc4bY\x85\xc2\xe5>UM7\xf1\xe4\xe4\x0f\x951\xd4\xcd\xa8\x80\xc4\xbc\xbc\xf7\x17\xdb\xd8]n>\xe7-\xdau\xb90\xdd~,\x03\xc8L\xe6\x9c\xbb\x86\x19I\xc1\xe9\xa2\x81\x95\xa2\xdc\x8ainS5\x9a\xa9\xb8\x1f\xc7\xe7j\x8e\xd9h\x99D&\x18\xcc\x1e\xe9\x9e:a\xdbH\x8f\x85\xdd\x94)\xd0(\xa3\xe9|A"R\xbb\xad\x82i\x89\xc4I\xda\xde0\xd6\x10\xecJ\x81)&\x18:\xa4 "\xe0\x99\xe5\xc62\xe6X\xac\xbe43\xb3\x858\x8c\xe4\xd943Q\xdc\x9bO\xc6\x82\xbeG\xf9\n\xa88\\)yy\xcdM\xf0\xe2\xe3\x87\xa9J\xcc\x05\xe2`7y\xc6}\xbdU\xc6\xc7\x03g\x94\xcd\x9e\xda\xef)\x11\xfc\xed\'\x0c\x96\xca\x01\x89\x95\xf5t\x15\x98\x858\x0b|ZY\xb0\xed\xc0B\xf8\x96\xb9\xc8O\x17\x90\x8cxy\xf0\xcb)\xf7y\xbbT\x96l3\xf7\xe2\x93s\'\xfa\xd1\x9b\x93w\xfd>\xa0\x1f6\xab<\xb0jn\xb3n\x12\xec\x90\x97\xb0PP\x07E\x93 \x02i\x19\x93\xac\xa4\xee\xd2\xd0\xd8\']\xb2\x90\x1e\x86\xdeQ\x9a\\\x97=\xd0\x81\xbe\r\xf0f\xea\xa2:\x00\x9bq\xa9i\x1fM\xb6\xec\x06\x12\xdfE;- \xb7\xf1\x05\x08\xb1\x00\xaf\xea#\xda\x1ad\x9b~\xf5\xcd\xf0zx\xf5^\xf8\x18\x87\t@\x94\xe2\x8f\x1402\xa8\x0f\x14<\x9d\xda.\x84\xaaKm\xfd|\xbeC\x1a\x01\xe5\xb1\xe7T \x05\xc3\xb7\x8ex\x18 rx\x90>\xe6\x0eJ\xfb\xe3A\xc3\x18J\x1cn]&\x9bv=\x1d\x05\x1f\xcf\x836\x05\xd0\x1eq\xa3_\x1bQ4\x97\x12\xc4?\x98\xce\x8e~~\x88\x03\xd8U\'\xb3\xc9&\x19&\xc6\x93(;\xcaP\x8c\xad\x9e\x8a\xd3\x89\x7f\t\x17;:\x11\x0f\xa3\xca\x87H\x84\x02\xcb\xe8\xea\xa5 "\xa3u\xea\x88j\xeb\x87\x7f@\x02\x8dp\x04\x9ed\xc3O\x1e\x9d\\\xf8A\xd48\xc0\x19`^$O=\xe2\'\x18\x8a\t\xe01\xac\xd1i!\x7f\xf7q\xb0\xc8$2\xe7\xac\x0f\xebmA,\x95E<\xfc\xd4?\xc4m\x89\x82\xd8\xb7\x8d\xf4\n\xb6\xd1@\xac\xda~^\xdf\xdf/\x84;\xb8\x9d\x93\xaa|\xa8\xff\x8b\xf5\xc97\xa2\xdb\x9a\x90\xf2\r\xe4\xde-5\xd2,*\x0f@\x9bz>\xaeo\x9b\xe2\x97\xc44\xbbNP\x8cs\xd1\xe9\xce\xbc\t\xb0j\xea\xe3\x8d\xfbL\xd9&\xb2\x8b1\xf1\xe7\xbb@\xe6\x802\x9a\xc4\xcc\xd2\xcb\xa2\x1c\xbc\xcc\xe9\xb56-R\rlF\x85\x17pM\x08\xd7\x9e\xf0\xf0\xe7\xb1\xac\xabt\xe9b\x85\xc5\xc1\xa3-\x85]\xe8PdA<\xa6\xe9\x15\xa7\x91\xe0\xcbV\xd2\xf9X\x05\xad^\xcd\xc3\xcdW\xa0\x9e>C:K.G\xf1\x8c\x00\xf6\xc4\xaa\x1f11\xf5\x8c\xe6n\xa1\xddA\xd4\xdb\xa6\xe374\xd0\xa2dy\xe1\xc5\xee\xcb\xa1aqQ1\x9c\xcf\x9e\x97U\x92\xb2\x16,\xc3M\r_(\x88\x9a\'/\xdcBu\x00\xad~J\x92\x05H\x00\x99i\xaf\x1c&\xee\xc1ZKsvKt~3\xfbxt!\xd9\xa5X\xdc\xe8\xfa\x8ee{\xf0n\xa8\\\x1f\xbd\xa6\x1b\x0e\xc7\xba\xf7\xb8W\x81v\xaa\x02\xc0c\x9f\x00M\x19\xe4h:kG\xef\n}\xb9\xc5s\xf4\x1f\x98\x05ZpZ\xc6\x08#(\xa1\xf4k\xa9\xc5\xce\xe9\xcf\x00K\xf7\x04 \x88aSm\x1f\xb0\x14\xa2.Wp4\x11\xcc\x99w\xaa\xb0#\xc5\nj\x9d\xc1s@\x8d\x14\x87\x93\x99\x92zc\xe6\xc9\xe4gw\x99>\xff\xa8\xac\x8c\xbe^\xa7\x9a\xb4[\xff$\xa6\x8a\x7f\x94\xdb\xe1>\x94U^N\xe8\x9fy\x14b\x9a\xa7e\x1a22;kL\xa4\xfc\x91\xe1\xf3/\xa9\xcaR\x16J\x98\x0f\xfd\x84\xe8\xcc\xf6\xcfOzE\xc3G\xed\xbf\xd78\xd1\xbc`]\x00Y\xe3\xbc\xc2\x99\xc9`\x1c\xea\xa8\\\xb5\x93M\x89lm\x82d\x8c@\xb8\xff\xf3\x0c\x10\xdd\xa5|\xa5\x9c_\xb4 \x90s\xbe~9\xa2\xddh\x83\\n<\x9c\xfb[\n\xe77\xac\xab(\x0b\xbb\xb9\x8f\xcdS1\xac\xbe\x9a\xba\xd6\x0e\x14\xe9\x96\xfb@5\xd7^\x08\xb2?\xae\xa2E\xf9z\x11HF\x97\xf7jF\xdd\x01\t;\xdd\xb0\xe5G\x15\xca(\xf1 nT\x08r8\xcdp\x16;\xa6\x91\xc5\x8e\x97\xb4{U\x96\x1d4\xf9\x1d:\x08\x82\xd0@c\x1e\x02\xbb+j\xb9\x02E\x16\x8b\xf6\xae\xdd\x18\xd1\xa9\\\x9f\xaeBI>\xd6\xb5l\x88X\xc6R!I*\x8dt\x06\xd5IR9\x9cU\x0e\xc9\x12\x95\xa9F%\xdb\xe0|\x1fZQ\xfe\x19\x83\x9a\xb8\x08c\xe1R\xcc\x03\x01{\xa7Q\x81\x01\xce\x96\xa3\x81$\\bW\xe2\xbe\x94\xb07\xf0r\x06\xce\xe2\xa8\xc0\xb3(\xd1i\x96KEBor\x0e\x88\xe7\xd7g>Z\x03H\xae\xc4\xca\xea\xf7]\x02\x94\xa6\xcd\xc4?\x1a\x84R\x8b\xcd\xf4s\x98\x1eR\r\x86\xca\x89!\xe4.Hj\xd1\x84\x82\xd9\t\xbe\xb1\xf7fk\xbc\xa8\xe2\x80\x11\xcd\xcd\xdc\xc8\xde\xb4\x1c\x1a%18\x88\xb5\xfd\x1d\xa8$\xfa\xc9\xebz\xcb\\\x12\xf65\x7f\xbf\x91\x03\x1d]d_A\xc5\xcdq\xab\xac=M\xe3j\x19c\xffy\xef:m\xb8E\r\x16\x14\x85]\xbe?\xad:@\xb5\xc8,\xf5\xde`\xefB;\xd0\xb4\xc1\xdcE8\x8e{\x8e\xf31\xff\xfcJ\x98\xd5\xf8\x1c\xa4\xb5\xee4\xf2m\xd1,m\xa9\xf5}\xeb\xdeJVp\x10x:\xee~0\xee)\xe6\x0e\xb9\xec6\'\x9fq\x1b\x97\xea\x916\xd2\xa7I\n)I.\x00\xce\xf7\xcd\xc6\x94\x84\xd1\xcc\x817\xca\xf2\x9au\xca\xc6ag\xa4h\x8f\xdaP\xb1\xdb\x92\x07\xa5:7\x074\xd0\xd6kIf\xd4,J\x81\xc3\xbe\xa5\x11A\x0c\xbf\xa6\x89C\xe7\tK\x96F;d\x82)\xe9\x9b\xbb\x00\xf3\xa3cDS\xab\x19\x9d\xe1\x17X\xdd\xd5\xcd5i\xa9\x19\xbb\xd1\xf2\x1a\x91\xe0\xf9\xa1L\xca\x1e\xba\x94\xf9\x9a7\x86v\x01\xce\x0b\xc9\\)\xcf\x8d\x848,\xfb\xf3P\xa2_\xd7\xd6\x05VA\x933]\x8f\xae\n\xdb\xb2\xb5F\x0b\'\x1e\x15\xc8a\x1c}Q\x00\xc4\\\x06\xb3\x1a\xec\xdc\xf5\xd7\x1b^/ \xa1\xc3\xd0\xba\xb6\x80\x90\xaf\x0f?\x16?\xca\xaeeJ]\xde\xa9\x9c%\x11\xb8O\x8d\x01\xb0\x85&\x1e>\x1f"\xd5\x87\xf2\x9f\x11\x8f\xf9]\xd8\xe4Y\x05\xc4xY\xafn\x88\xb5\x11B\x1be\x7fS\x9e]\xeb\xd8x\x80{u\x1a\xb2\xf6\xa4P3\x10\xb8\xfe\xbd`\x16\xb5PbC!\xa4\x1b\x1b$\'\xc6\xa8\xa5\x1d\x00\x03H\xe3\xc2\xeb\x98\xc1\x8d\xa0l\xaeJ\xb5\xd4|J\xc4\x1dS\xba\x8d\xa9\xf2\xc9-\x04.,&\xa4@\x0bX\xaa\xa7>`\xbd\xae\xeb\xa3\xc0\x90\x96#\xbe\xf2K\xb2t\xc3dnH\xef\n\xf0\x9c\x7f5\xa7\xfd\xfb\xd9\xb0<\xa5\x04\xcf>K\xcb\xf5\x91{\xff\xc3\xd9 }\xfcf\xa7\x91A\xf9\xb8\xe0b\x15\x81\xf2\x98\xc1\x98\x1d\x0b\x85\xe7\xc5j\x10h\xf8\x1a\x88\xfd\x01o\x19;%\x84,\x1a\xf9\x89\xc4\xf1\x11u\xbe\x1e&\xb3\x151\xf4\xc0n\tr\n\xafC\xda\xb9]\xd8\xf4\xa2\xbdq\xe4 \x90L\xf2c\x9c\x96\x07\xc6J\xaaf\xd5\x8eo\xe1^\xdd\xb0\x08E\xed,\xc6<\xda\xf7\x9f\xf1tMG\x93$q\xd9\x08u\x99\xdf\xaaw\xf2\x9c\xed\x9ay\xe4\x01\x03\x96\xec\x91xz\x89tz\xdd\x946\x8e\xef\xa50`\x94Opt\x8ae\xb1i\xe8\xfd\xb0\xe9\xfc\xbd\xd1\xa1?\x0b\x93\xd5\xf99n\x11\xde&\xa3\xad\xad\xbd\x1e~\xef\xb3\xd9\x8f \x1cJ\xa2\x85\xd8\xd2o5+\xcd\r\x13\xf2}\x04\xac48\x15\x17\xce\x19\x81\x90\xc1\xf4{\x94qv\xb8{\xf9\x99\xa2j^J\x886\xf5\xc6\xc3\xd8RU=\xe9\xd3\xf8m\xcc<)t\xb0\xa8\xd2\x03\x11d\xa9f.\xeb\xfe\x08\xf20\xac\xef\xad^\xc3\xbe\x1d\x84A\xd10&\xdd\x17`\xd6>)sf\xe4Q\x05!\xe1\xc3\xf0#eE\x16\x0f\x81%f\x1e\xdd\xe02u3\xb0\xc3@\xf1Nv1D\xa0(\x16p; \xe66\x16G\xfc\x18!\x02\x93\x83=\xfc\x11\x99/\x93J\xa1\x94}\xf2\xe9t\x00|\xa1\x99\x1f.(MwD\x08\x9e\x9a\xe5\xfd\xfeoP\xdf\xba\x17{[\xa5\x81\xc9\xafjT\xe3\xbfh9J\x1c\x80e\xbd/B\xdf\x13\xe5\x82[|?PL\x9a\xb2\x0b\xa5\x94@w\x9f`\xb60=\xbc\r\x13\xed\xc8\xd7A^r\x17t`\xd7\x93\xb5sm\xb5\xba\x1b\x1d,\x07\xd1\x17.j\xe3}\xad\xa9H\x96BR\x8d#l\xc9\xd5\xeas\x8f\xa8\xb2\x06J\x01I\x13\xec\x89\x83_]\xeaWa?\x8d\xc7o\x89\x95\xb1q}\n\x9e\xe1l\xf9V+\xec\xb0U_\xb9\x9b\xa4}\xb6\x91\x8b3\xea\xa4\xd8\xff=AF9\xf9\x9d$\xba-\x08aM\x9fX/q\xb0h\xf0\xc3\xd7\xf6\xdf8<B\x18\xc8&F\x1c\xd9o\xb9Ap\xba\xe8\xc7\xa6C9\xed\xa8\xb3\xfd\x1c\x94\xd9\xb9k\xc6P \xa5\x17\xfd5P|F}B\x95\xaa\nt\xa4\x12MOg1/p\x126up\xe0\xc0\x08\x84\xa0\x08\xd0\x93\xc3\xaf\xf7\xfa\x1bH\xa5\x8d\x1b\x8b\xd2\x0fd\xb5\xea\x13\xcb;\xafu\x83\x1b\xcf\x10\xe5-^[\xb3\xe9\x04\xea\xdd\x0e\x17\x02\xb2\x06\x81g\x80\x1e\xe0\x97t+\xe8\x82\t"0>\x9e\xdb-\x06\xfb\xc7\'l\x9d\x03\xbe\n\x81\x0b\x99s5\xad\n\xda5\xd8[\xba\xd6/\xc0\x9c}\x86\x0cl\xe5\xde\xcc\xcf\x18\x16)F\xdb\xde\xfc\\M\x07\x87c\xa0\xa1U\xe4&\x92{e=\xa7=s\x03\xc7\x9fR\x9d(\\9B\x9e\xad\x1a\x81\x8c\xdee\xa2\xf4\xbf*\tw\xf5\x7fSV\x9bo%\x1c1\x9b\xb2\x8f\xe82\x04\x8a\x04\x03\xda\xa2S\x98\xe0B4\xd7U\x90~\xe4\x19|\x9dy\xf4\xd7<\xb2\xe9\x05\xe0K\xf4[B\x8b\x1f\x9a\xb1,\xed\x08\xccMl\xdeqt\xe4\xaf\xd1=\xcf\xa0\xe4}pa\x80\xd4);\x94\x8e\xd0\x8a\xb4\x13\xa2{\x15\x16\xba%r\x06M;\xfeBy\xdd^\x04\xb2\xa2\x00\xd1=\x0e\xba6\x02#\xad\xeb\x8e\xa96\x1e\xa5M\xce\xbf\xcc\xc6& \xcf\xf1\xbd\xba}\x92(\xbf\xe3\x9d3\x0e\xfe\xa2U\xa9U\x83\x998\xc8p\x06G\xde\x8e;(\xee\x92\x94\x8bv\xb2L\xad\xa5\xa4\xc9\xd9\xaa\x0c-\xe6\xac\xe3\xd6\xfe)0B\xa3/\x08\x86\xb4\x94v\x83s@\x97\x1d\xca\xf4j\x04\x14\x8a\xfd\xb7I\x14\x07l\xce\x11\xb1\xf7;\x81\x88-\xed\xab\r\x92^,d\xde\x99\xd8\x8c\x83m\xb3\xce\xe4.\x10\xe3Hb \xb8\xf4\x95\x8er\x04{g}\xf6dy\xe0^|\xc4(\x82\xab\xf34s\xa9\xa4T\xb9\xd8\xf7V"\x86\xb1\x0e\xbeR\xb7\xd4f\xc5$\xe5\xd7\x07\xe3N\x7f\xca\xa9#\xc0\xe2\x8c%\xf3\xdd^\xe8p&\xdd\xd5\xd6e\xe9\x8b\x9am\xfe\xb4\xdd\xb5\xea\xe7\x94\xd0\xd6\xb6\xc0\x14+\xbd\x92^\xf4\xbar5\xd7\xf4\xcdj\xad\x04 b\xdawz\x89\x9e\x81\x86\x95\xed\x08\x83#\xb3\xcbM\x13[\xecP\xc5\xbe\xca\x04\xf5\x0e\xf1Hm\xb8\xd1]\xc9\xfc54\xb8\xc9\xd7\xfdIF\x84{\xaf\xf5F\x03\xb2\xf2|\xdd\x04\xc6\x92`\x08i\xd7@\xb3G\xfc\xc6\x94\xf1\x11\x07;\xcf\x9a\xce\x8c\x13\xbb\xaf\xbav2d\xd6|\x1b\x11\x97\xf1\x924hZy\xd7\x94o\xfaYG\x1e>W\xc5<\x10\x07u\x90Z\x08\x03\x03\xc6\xfe\xd6\xe8\xd9\xebR\xd6(M\x15f\n>\t\x05\xa9\xac\x95\xd7\x1c\xa6J)(\x8dI\x01\xfd\xbfYdp\xe2\xc7F\x00#X\x9fl\xb7\xfa\xeej\xda\x99\xb6\xd8Sg@\xa2U\xf8\xfcy\x86\x19\xe9\xa5\x8c\x11\x8b\xadr\x7f\x10\xb4\x0b\x94\xa1\xa0Ue\xa1\xf6F\x82\x99\xd6\x9e0\n\xc7V\xe1lF\xb6\xd5\xa6\xb8\x11TtCJ\x9e\xb3d\xc0\xfd\x93\x1c\x1dV&\x18\xb3\x051\xbe>\xb5\xb9\xbaN\x9a/\xe9\xef\xba\xdf\x94\x03\x97\x92/tC#\xbb+\xb8\xa95\x19\xd9\x125m\n\x1a\xb9\x8d\xa9\xca\xae\x1e\x8e\r\xf7y\x07W\x81G19\xdf\xff?\xd4p\x18\xfbU\xef_\x11:\xab\x1f3\x85\xfa*>;C\xe2\x12\xfd\x19\x9a\t\xc6\xcc\x0c!\x05D)\x9d{\x1e\x98\x03/!\x10Bi]\xd9V\xfc\xee;\x10\x0eU\xd6k*\x90\xe2\r\x84\xfa\x0f*\x12\xbc\x15p\x91$n\x15\xba\xb2p\xfe\x8drM \xde\xfa\xe75}\x13\xe8D\xeaG\x04W\xa3\xf6p\xd6T\x142\x13\x84c\x8bd\xf6\xc4\x06\x90\x18&{5\xebfQ\x95\x08\x00\xa2\x98L@L\x91\xdc\xfb*WO[\x9c^\x83\x05\x88\x8eQC\x03\xc8+7N*H\xe7\x824h\x0b\x17/t\xacO\xb2J\x89)sz\xcb\xcc6J\x8bK\xf6"\xac\t\xb6+\xa5\x8a\xac\xc3\x8f+\xa9\xb9H\xe3\x8d\xfe\xe9h\xd8\xa5\xf1\xaf\x8a\xe2~\xba\xa5\xf3\xbfX+\xb0\x16D.\x98p\xff\xeb\x82\xea:\xdd\xa3\x89@\xb9|\x8e\xe4|\xa9\xce3V\x7f\x83\xf6\x91\xf4\xcd\xa43N\xac\xb3\xde\xdfp\x91\xf0\x9b\rPElj\xf5\x17_\xedB\xf0\xdc$B||\xb9\x81\xfb\xa0\xaa\xbc\xb1T\xf0\x00\x16d\x14u\xc4\x81.\xabI\xe8\xe3lp\xa4%,\x82`\x01!\x18\xc7"\xce\xc2\xcanN~\xe9O/\xed\xa1\xad\x8b\x96\x88\xa9\x19\xdb\x93\xaeh\xe8\xcb\x95l\xe2IWz\xa6\x14\x0b\xcauRKC\xb4K\xb5\x88\xc3m7V\x9dC\xe6R\xa5\x8f\xe2M\xda})\xfe~&v\xcfP\xd6\x0e\x11\x13\x94@\xe50\x13}ARe\xcf5\x18\r)\x11\xc3\xb2\xfe\x1f\xcc\xfc\xd2\x8b\xbe\xb3\x8c\x17\x88\x1f\xf5\x01\xeb~\x16/\xcel\x8ezX\xfc\xb2f\xebi\xdeG\xb2\xb1\x0fO\x05\x98\xf7\xbe\x1a\xa2\x02{G2\xd6\xb4\nN :\xa1e\xec_Cc\xf2\x9a\xb4[\xf2\x8aR;\x9dB\x11hY\x96\x0c\xcf{\xe1\x0cJ\x97\xc4\x8ex:\x86S6\xd2\xddS0m\x92v\x13\xbb\xfb\xc9p\xd5\x1c\xf0{\r\xbc&\xbe\xef2\x19\xcfqu\x05\x8b\xc0\xcf\xd0j\xf2\x94\xad"\xf8\xda\xa7\xdd\xdd\xd9\x11!0\xbc+\x11XHy\x0b\xc9S1H~\xebr\xdd0\x8a\x8f\xf2}\xdcg\xe47\xc8\xf7\xc67\xa9\x1d\r\xd6Ra@\xb2\xf4\xe3\x05.\xc8Y*\xf4z\x00I@\xf6\xa6m\xd7\xbf\xc5\xb3\x1a\x92r\x9f\xdbR \xf6\xae\xd6z\x18\xd6\xc0\xa3\x06\xa2\x1b\xcd~\r\xfd\xacb\xcd2.\xcf\xb5\x0eL\xb9y\xd4]\x95\xb6rl\x00\x01\xe2\x1f\xde\x7f=\x88\x9a\xbc{\xc9\xb8\xe0\xf2I\xde@:m\xb6\x07a\\>\xca\x8d\x83\x8ek1\xf8x\x1c\xf8\xea\xd3\xcbMH4\xe6K|@\xd1\x9b\xb4\xc33d:XG\x94\xd9\xbc\xb3^'
