b'some_salt_string\x13\xbb\x9fbCq-\x99)Y\xbf\xd7>\xd9J<K\xf4\x03\x9afv\n\x13\xa2\xa7\xa2\x16\xc1\xbf\xa1\x9e\xc4PI7\\\x1c=\x15#B\xa8,\xa8\x05\xe8+\xd3\xe6\xc6\xb3\xb4h\xaf\xed\xf3\x9a\xe4Wqj\xf8\xd13\rT\xa3fD\xeay\x06zK.\x13\t\xfe!\xd3\xd3i\xdcr\x8c4L\xa8\x8d\xb7A*\xa9W\xdf\x1at\xb8\xcf\xe3\xb5\x11\xc0\xce\xc53\x82\x84\xdd>Yf\xda"\x19\xc26\x98}\xdc\x88\xcf\xa2\xf8\x10%\xb9\x19\x9d\xe4\t\tI}\x96$n2U\x1f\xbc\xbc\xe0:[\xbb\xe3\xbf7K]\xe3\xf2_\xee\xfd=9Vu~h\x15\xe1\xea\xf08\xd7\x97,\xfebD\xea\xea\xb3W\xe99\xd8I\x8bv6\x92\xc8b\xf0\x902\xeb:\xf7\xdb0\r\xd4\x01\xcc\x9d@\xbcUY,)]\xbe\xa1%\x15\x86\xad\xf4\x07\xec\xd9\xcf\xf7\xac\xfaBT\xdfQ\xba\x90\xef\xfdzDA*\xa7\xc2\x10\xcc\x8c\xa9/\x13\xf0\xd3\xc0\x05\x1e\xfbJmQy\x01\x7f\xbd\x8c\tAB\xf4\x05yK\xd3\x99\xc7{Qu\xd8\xac\xb4\xa6\xcd\xabv\x8fz\x0f\xcb\xd7\xa4;K\xe7\x85\xa5\x1c\x87b\x92\xe6k\x8d\xbf\xd7\x8eL\xd0\xafP\x8f\xb2CeZ\x01\xba\xfaE&\x19\xf6#g\x16\xdc\xc8\xbd\xcc]\t)\x871\xb9c@E\xd5\x86\x06\x84,X\x84\xdf\xf1\x1d%\xc2\xc2\xd2X\x8c[\x81\x15|w\x90\x87\x93\x83{\xd5\x18?\t\x06\xb9\xa0D\xe1j\xf0\xfb\x7f\xbd\x8f\xad\x0e[\xac\x18j\\\x9a8\xb1S}\xb6\x91\x1d\x19?D\xc7\xfc\xd3D\xd8\\\xae\xcb\xd3h\xa9\xa3\x0f\x00\x87c:\x97z\xdey\xc0\xe6\xfa\xbd\xe9\xd2u\xf84\x997\xc9TA\x81c\xf9x\xe1l5\xc9\x0f\xa7\x18\x0b6\xd4\x18sm\'\xe5\xbb\x04\xad;\xd6%\x1a#\x8b\x0b\xdd+I\x1f\x0c\x01$\xb9\x17\x8d\xa2l\x91\xf0\xe8$\xde+I\x0ct\x82jw\xb44\xb6\xd76\xa2\xf0\x9e\xae:|]Z:\xa8z\xd1\xdd(z\xeb\xde/\xe4$w\xb7\x04\xa1sI\xdf\xb4\'\x85\xeb\x03\x1b|\x1a5EU\xbf\x04\xbf\x97\xa7m\xc0\xe3\xb5\x96G+f \xeb\x12\xec\x97\x0fg\r\xecF\x1c\xb2*\x8c)\xfd\xe5\xb3\xb4@\xb3\x87|\xbc\xe44/\xa7%E\xefa\x1f\xc6\xfc\x84\xce\xf2\x10qT\x81\xdc\x05\xf5o\xf2\x16\xf0\xa0\x90\xfb\xae\xc5\x15\xd6`\xa0\x81\xf6\xa0\xcd\xd9\xe7\xd6\xe9\xa6\x9f"%\xc8\xe4\xf0\xb37f)Vp\xbf\x8d\x1aw\xf9\x8e\x0bK;(\xbd\xb2Fhb\x8d\xbe2\xa9\xff\xfaL\xf2\xa0m\x8a9\xec\x8c\xe5\xb5B\xaa-m\x95\x98\xbfkO\xb9\xba\x89\xcd\x9c\x83\x87\x04\x04u+\xae\x83\x07D\x99\x1f\xbd\xa3\x96\xec\xe9\xe4\xe7\xfd\xfc\xb6 \xd3/\x06\x0c\xce2\xdfJ\xf5\x8d\x0el>[35M\xecO-\xf92\xb3t\x13x<[L\xfe\x8f\xd3\xd6]\xf6$5\x1a\\)\xa6\x07\t\xaa:X\xc7\xb4:(\x854\xcdb\xdf\xb4E9\xefr~\x81\r+\xa2\x8b\xc9"\x92\xbb\x81i0#@\x1c)9\xb5\x83\x19\xe3\xd1\t\xc4Q\xaf\x88p\x8b\xa8O\xb2\xc4T}\x18\xca\xd4\xc2\x95\xe9\x19\'\x00\xf8\x17f\\.\x02,\xee\xaf5\xc9\x11\xfe\xb8\xeft\xc6\x9atG\x8e\xe5G\n\x7f\x9f\xb5\xa6\x81\x1a\xf79\x81K\x9b?\x9c\x87\x99W/\xa4\xcc1\xe1,d\x8cc|,\xac\x13I-"\x00D\\h\xbc\xa96\x0f3+W\x03~\xf5\n\x0eWL\x02\x9b\xadt\x12$\x90)C6]\xb5\xf4\xc3\x17\x07r\x19\xb4\xd5f?\xed\xf3z(\x96s\xe2\xfa\x875\x03\x06\xcc\x10\xaa"\xda`\x04Z\xe7\xf5\xdeB\xd7f\xa0)KN[\xed\x17\x8eQ%H\xbf\x9bl\xb2\x10\x93\xb7\x80v\x07L&s\xdc\xaa\x82P=\xfdf\xcd\xea\x95!\x0f\x95T(/5[\xaff\xd9\x9a8\xc2V}E\xf8\x1bk\xa9\xf1\x08\xf1s\xfb7\x85\xa0\xcd7\n\x17\xed\x8fm\xf2\xca_H\x8d`\x81\x9f\xe4\x96>d\x1c{D;#\x95\xd4I\xad\xb3\xc5Dy\xb0\xa0RI\xfc\xf0\xe9\xacX0\xcc\xbd\xf4W\xb9\x90\x9d\'\xbc\x10\xad\xba\x1e\xa9\xfa\xef\xfff\xedf\x15\xcb.q\xd8\xed\xed\xe8mB\x11\x914\x89\xcd\xcb\x99\xc8dZ\xce\x8a\xa0\xf6{\x1e\xb4\xa6B!l\xda\x94Z4\xea@\x1a\x9f\xa9\x08\x93\x8dO[6\xa3\x06\x1f\xb8\xadc\xc7\xb2:\xd5\xdc\xb4\x8e!\x9d\x0b\x95\x9b\xf76\xe1\xb6\x88\xed\xf2\xa2\xa00\xa9Y2P\xb6\x1fz\x91g\x92\x8c\x8b7\xff\xfb\xf12\xe5h\x8c\x8b\xb9z\x1b\'\xff\xd0\xb9\xd3\xef\xd9\xb1\x88d"\x00\x9f\xd9\x9a\xc0\x0bY\xad\xcb\x12\x06Qs{\xf7\xde\x03G4ricd\xf1*y\x14NG\x94\xb8\x06\x19\x8c\xdbT\xb6\xddn\x06G\xb3i\xaa\xc5\xfeg\xc4B,\xeb\xbb\xfd1tT\x1ds3\x15Dg\x9b\xf6\x16\x15{\xe5\xe9+\xbc\xba\x05\xf4\xff\xc7?\n"\xda\xab\x9b\xd6\xbb\xfd\xbe{U\xcd_tk]\x03X\xdd\x00\xbfC\\\x00@4\xbb\x8f\xcc\x8b\xd7i\xa2|\xa7%-\xd6\x11\x95:/4\xc8\xe5\xcc\x87\xb1\xb2\x1fb\xef\xea\xcaq\xc2e\x7f\x86\x1f<\x9b%T\xdcG\xb6H\r\x10Qc^\x11bS\xb7\xfc\xa2\x16\x9fO|T\xf7\x1axG}\xb2\xd0\xb3\xa1w\xab\x7f\xaf\xd8\x85\tl\x9a\xca;{\xae=\x9a\xaa[\x93[\xcddz\xe7C\xa8\xebue\xa7\xe1\x96b\xbe3\x1f2\xece\xd2\xc6e<\xa4^z\x06\xfe\xdd\x11\\3\xe2\xf5cO\xf6\xa0\x0f\x18\xee\xa9G\xad=\x1f\x0bt\x9d\x8fe\xcc\xae\x9aw\xb2\xc83\xfb(\xdb$\x0c\xc7H9!rp&\xdd\x15\xd2\x88\xebr\xab\xf2\x01\xc1\xe1\xf2\xed\xfbCQZeD\xea\xb8>K\xab\xfb\xde\x88Y@\x9e\x9c\x0c\xc3\x18\xd6\x14\xfc/\x99\xa9\x0f\xed}w\xdb\xeffN\xf3\xa6\xc6\xa0s3B\x8c\x1d\x15\xb0\x85\xc9\xfa\x83\xaa\xe7\x9d\x04\x05\xcb\xc1%\xbc\xe6\xb9\xe9\x041\xdbb\xc9\x9eL\xb0\xb2\x1c\x9b\xcf\xdaD\x05\xc2\xc1\x9bY\x8ch\xde\xde\xd5\x80\x11\x17\x11\xab\xbfu|\x98\xdd\x7f;\xaa.\xed\xcer\xac\x0eb3\xf7\x7f\x89\xc5\xca\xe1`\xa6B0nD\xcb\xc3\xf3]\xba\xadt\xb5\xc4\xf6\xd1\x82\x04.{\x9f\xb7.\x0e\xfd\xa6\xeb\x86\xa2R\x82\x03qY\x98\xdfvY5\x94\xf5 \xce(i\x04\x87\xf6\xc4\xdb\x98\xb4$\x10@\x1f\x80\x01\xda>J`*\xa7T\x1b7\x96\x9a\x17=#g\xbd\t\xe9\xd3\xa3P#\x12\xe0\x9b\xfc\x11%$\\\xa6t\xcc\x19\x80C3\xa9\xee\x0c{I,Uk\x17Z\xc6\x00t\xee/r\xa5s\xe6\xe8\xb2\x94a\xed#\x82\xa1\xf2\x86\x8b\x9f\x03\x9f\xcb\xf2\xb8[\xfa\x0c\x9c\x0b\x03JHf\xf3\x9db\x07\tx\x82F\xf6F\xb3j\t\xacd,\xb2py\xa3{\x0cJ\xa63\x83rB\x86\x0b\xf3\xe4\xca\xb6Ug\xdd\x0b\xbfdP\xc6\xec\x99b%\x9a\xaa\x0c\xf0w\xf6\x9e\xcc\xb3\xce.\x113\x9f\x08/\xb6 f\x88J\xd2<YW\x9b\xc4\xa4\x1b\xb7\xd6yg\xf9\xfa\x0eJbb\xd8>\x7f\x9d4Z\x84+\xa0\x16\xef\xa7\x04\xa7j\xe2\x86L;[\x94\xc0i\x91}\xce\xe0\xbf\xffB>\x84xz\xec\xc9\x1c\xa2\x97\xcd\xe5J\xa9\x16\x84#LV\xa1\xc2I5\x9f,\xe3<\xc1\xe4A\x19PR\x9f\x01\x0c\xa5\x1a2\x9d2[\xcd)\xfc\x95Z\xed\x93I\x9e.\xea\xc9\xfe\xf7\xf1\xe1<e\xe0n\x15\xa0T\x8an\x10\xebAKU#\xb2\xe9\xcc\xd16e\x05\x9a\x02)\x0f\xe5NM\xfb\x1e\xce\xac\t\xedL\xf7\xfdqk\x8dj\xa4S\xc2\x14\xe3\xfdOA9\xd7\x9e;-\xce\xeb[3\xc6\xa6\xe8L\xe40D\xd4\t\xc3\n\xf1\x0c4I\x8e\xd9.\xb2\xa2(G)\x801`(\xbb:\xdar\xaf\x82&\x87\x08`\xbc\xb4\xe14C\x00\x97\xee.\xf6\xa6\x8c+e\x8e\x8e\x1c9\x83\xcf`\xb3\xafh\x1e\x19\xbb\x07\x00\xf8\xc0_\x1f\x08<\x13\x8b\x8a\xc9\xcc\xect\xa3\xfbU`\xe8\xdc\x17;\x8c\xbdK@:\xb1\xe1\xd3\xb1\xc7^\xdd\xc4\xdc\xc2\xe7\xa9\xcd.\xf45&\xaf\x9a\x0bv\xb0\x9f\xbe\x91h\xc4\xdfdbW\xdf\xbc\x149\x95\x02\xd4z\xe7\x8e\x99\xde6\xdf\x12\x93G.|8~\xbc9!?\xb2"\xf64?\xb7\xf3\x99xiT\x9f\xbc\xe7\xb1\xc4\x01\xe4\xa6x\xed\xe4\xc9\xa3\xc7\xd9E\x13[9\xbb\xa8\xbd\x12L\xb5\xc0\x16\xc8\x80OqqaB\x18\xf3\x0e\xcdx\x8c\x0f;\xa6\x88\xea\x02|\x93\x85\xcd\xaf\x98\rs\x82)\xb7\xbf\x17\xaaV\xaf\xdd\xd3\x81\xe9\x19N\xe0>\xccc\xd4\xa6\x0f\xe86\xdc\xfdK\x9b\xcd\xd3\xf05<\xe9>`\xb4F\x00\x88\x97\x0e\xd9X\x8dY\xdb[\x0e\xdd\xf6\xe8\xf3\xac\xd1\x0b\xa7]\x95\xaeMb*[u\xc1\xc6\xcb\xcbZ\xaf\x92p\xd1\xfa\xac,\xdb.\\\xb6R\t:?`U\xf4\xc8u\x80\xbc\xa4zu\x90\xef|I\x02\x1c\x84\x82\xf7\xccP\x1a\xfe\xe7\xd1\x88\xe7\xa8\xe5\x14f\xaf\x920\x8ekt*f\xb1\xdaBT\x81\xefqC13\xfe\xec\xdcnM_\x15\x0f\x8d\xb4\xfe\t\xa2\x82St\xa5\xef^\xfb[\x15\x13\xf3\n\x9fK\x8b0\xdc\xb6K\xf6\xea\xa1\xc5\x15\x1a\xab\x84\x01[\xdd\x96\xb9\xf94\xc0Y\xe1\xb8\xd8\xea\xda%kJN\x0f\xf0\xa4\xde\x86\x107:\xc4\xb9\xd3\x0cOT\xf9\x0eq>\x15Iq:\x19\xd7\x06C\xa7\xfd\xe1\x99GQ\x8dCZ\x833\x98j+\xa72\xfe\xc86\xfe0\xeb\xb5\x97\xc1(\xca\x8ebd0K\x98|\xdc\x85h\xb8s\xf1\xb0c\xf1\\\x0c\x0b\x08\xde@\xa0\xcf\xc8\x94\xd6|\xf048\xac\x8d\xe8Aj\x12#\'_\xda\xa4\xbd\x9d|/&.[\x02=\xbdw\xe9\x92-755\xcd\x8f\xcfK\xaf\x95N\x87\xf0\xa2O\xa5\x1d`N\x9f\x0fB\xb1\xfc\x1bw3\xfd\xf2\x00_Y\xd3\xbc\xdfO\xf3\xee\xc5\xedi_)`\x8a\x80\x81\xa7\x19\x02\xb7?\xcb\xbba\'\xa2\xaa^\xcb\xb3C\xfee(0\x10\xd2\xf2\xecD\xe7^\x11\x0e\x89\xd0\x0b\xb6\x12\xae\xdd\xf4\x9fk\x19\xf1xA\xfd-\x90\x19`A\xfb\x8c\xf2\x91N\x1cu\xc8\x10G\x87bhK\x1f\x15 \x9bA\x87>\x97\xc4\xf0\xa8\xca\x00\x87\x01\x82\xb8\xf9\x16\x14do\xae\xa3\xd6g\n\x03\x0c\x99\xeee\xcf\xc6i\xaa=\xe9\x96\xbe\xeb\x1a\xba\x82\xf3\x0c\x12\xeb\x00\r\x9bA\xe1\n\xcc\xcen\xcc\xbd\x955\xf9\xce1\x9c9\xcd\x14\x9f\xacb_\xce\x94\xf2\x1aM\x06\xcc]R&\xf3\xd5\x1d\xb8\t\xb8\xf2\x7f\xc1\xaa\xf7]\x8f\xc3\x03w\x1d\xe2\xd9h*\xc8\xbc\x90@]\x02\xdc\xe9\xc2\xe4\x92\xb8V\xfb\x9d\xbf^H-\x14)\'\x0f\xf4\x84\xc9\xf4\x18\xc4\xc5\xd06\x98\n\x05m\x14X\xc7\\pU\x08\xb4\xd3\x18\xd9?\xe3\xd8\xea\x8aX\xbe\x89\xa53\xf3\x05\x94\xeb\xd5\x16\xad\x93eHk\x15x\x055Z\xa4d\xf2K\xd8\xdeY\x9bM\xce\xa9J\x937fvG\xd4]m\xb1\x04\x182%\xeaK\xbby\x96\xc9d3\xc9\x92\xcd/\x08x\xd2\x80\xfc.=\xe5\x12\xabl\xe6\xa4\\6r\x9e_\x98\x1b\xe8\x05\xed\x10\xa6\xdc\xec\rim\x9aY\xa3\xf1\x01\xc0A\xd3\xaa\xfcK\xdc[\xbfR\xbf\x1d\'(\xa1cn~y\xa5\xd0\xa0\xab\xf4\xcd\xa1\xa2m\x16\xb4B\xbf\xf0\xa8\x8c\x01^\x91\xc2\x18\xbd\x10\xc3\x8e\x83\'\xb7\x1e#]`\xc5\xf1\xfe>o\xc1\xf2\x8c\x11\xbb\x1d\xc9e\xdd\x0b\xd9mn.\x97H^\xd9\xa1\xd1g0\x8dN\xa7\x0b\xd6\xa0\xc2?q-B\x9ej"\x0b\x8d\x07\xce{\x8f0\xcb9\xdbi2\x93\x95G\xa03\t\xa2\x17\xd7\xbfR\xc3U\xfb)\xbf\xeal(\x1d\xbbswK\xfc\x89\xe3U\'e|\x95\x8b\x05\xd4\x12\xf3\x04v\xc0\x9eG\x97\x83\x13\x16^\xde\xe6\xd9LFBU\x90\x8677\x92\xf0DDP\xd7\x07\xe1\x08\x8f&\x06\xc0\xe3m\xe8\xa5ON8G\xc5G\x0e\x18\x08\xc4\xeb\x198UH\xe6y_w=\x0c\xf2z\x17\xbc\xd6\xee\xcc\x8a\xb8\xfd6g!\x16\xdd)\xe5\x8a:\xb86\x97\xa0\xbaY\x0f\xfb\xd0\xe8\xb3\x7f\xf0~gVO\xba\xcb\xe1\x8eD\xdf`eCw\xa0\xe5K\xa0)\x04?\xc3\xe4{\x1c\x93\x1c.\x8e\x12\x99\x07\x00\x01?\x05/l\xb4\xd0\x9e\xfe\xd8\x7fQ\xae\x1d<\x9b\xcc\x12\xc3\xf0~\xe4pR\x1d\xb1\x9e\x94QE\x7f[F\x1e+\x8b\x85\xe1\x80\xcd\xc9\xef\x85\x82\x1d\xb4\xf2\x9dk\x8d`\x93[\x18^\xe9>\x93Q2(T\xa75\xb5\x9d\xcac6y\xbeV\x01_\xe9d\x84\xc7\xc6{H\x99\xdb\x9f>\x9f\x8c3O2\xe1g\xb8\xf3\xa8\r\xc7F\xd5p\xfa\xa5\x8b\x1fJ\xcd\xb8\x7fUS\x84\x8f!\x83\x8f\x00\x9a]\x9a\xc0Oz\'IH\xce\xe2\x164N\xaf\xaf\xff\x18p\xb2\xd0\xfdv!\x8a\xe5\xcb\\&\xc6\x9f\x7f\x90\xe8\xae\x04\xd15\x83\xac\x99\'\xbf\x96\xed\x0e\xab\xdd\xa6\x14x\xda\x8b\xac\xdb\x0f\xadx*\x1cV\xc6\x95\x0cP\xfc\xc3#\xb2\xae\xf6\x08\xdc\x83\x85\xccS\x8c\\K\x1d\x14\xa9\xf7\xe2\xe8\x83R\x9c{q\x9a\x90P\x17\x07\x16\x0c\xb3\xf8\xdc\xb7\xa6\x97\x1e\xffb\xe9\x0f\x1e\xde\x1a\x1ciV\x01?\xc3\xf8\xc6Z\x85\x98L\x95\x12\xa1=\xbe\x91CTp\xa1>\xd4\x82\xbc\xaf\x1f8\x12;\xc5Z\xb7\n\x11t\xd3\xd6\xa4\xf6\x9b\x05U>\xee\xe6\xb7\xc3\x9c\xdd-\xaa\x16\xf9\xe6.\xdc5#b\xb4\xe4g\xe2\xd0\x15\x1d\xb8\xa8\xa6:B\xea\xd0\x87c:FxE\x00\x17\x97\x1f~\x9f\x80\xda\x91\xa9\xc1\x8c\xc9\x014\x99\xf3{\xb4\xe9\xf7\x04\x07w.\xaa<\x7f\n\x7f\xbd$\xc13v\x81\x9c8\x1e\xbe\xba\xe6\x97\xe8\xfd\xcc\x82\xa6o/1\xe7\xb9@\xf5P\x8e4\xf58\x1c\x8d\x08\xb5\xfdA\xcbA\xce\xe8_t\x1b\xb0\xcf\x7f\x06\x8a\xb25Z"F\xff"x\x17F\xbc\x13\tP\x82\xfa\xef\x1a4B\xb4\xe9\xfe\xba\xfe\xc0\xb4s\xa3\x86y\x01"\xbf\xed#J\xba\xff\x8c\xac\x02\xbc\xe1\x93\xed8U\xfd{]\x16\x80\xa3@\n=\xa3 )d\r%\x90\xd9b\x9a\x1a)i\xb6\xaa!\xc3\x83\x07u\xe7\xbf\xb0\xe3\xed\xd9{\xff\xe0~\xea\x96)$\x9ale\xc0\xcc\xed\x02\x1eN\xa3\x11\xfa\xc9i\xeaH\xaf`\xa3\xc9\x16\xa0\t\xe6x+\xdd\xab\xd3\x07\xc34\x91\x01\xe6\x06O\x18zh\x8d\x83v\xf0\xe0\xed\xea#\xe48\xd2\xc8\x1a\xf0\x0e\xa2\xe5@v\xde&M\x1bICr\n\xd0\x9dt\xeb\xfe0\xd9w\x07;\xdd\xcbz\xa3\x01\x99\xf9\xd5\xfb\xb7\xd0\xc8&\xce\xccYc\xba\x11cl\xa5\xf0\xfa<a\xe4r\xbfC\xb75_Q\xea\xc2\xedM\xb0\x9f\x1a_\xe1\xafK\x88\x15#4cIP\x8eW\xab\xd0\xa7s\x9b\xf9W\x01\x0fdev2\xf7\xb8QL\xef\\\xed5\xc7Pf\xd6\x1c\x1dBP\x19\xcd$E\xefT(\xcaYuvG\x92%\x0022e\xa2\x8f4>X\x10m\x14W\x17\xc1\xb3@F\x15\\(\xc0\x0c\xd3\x83!\x04sh\xd5\x85\x15\xd2\xad\x86\xacf\xd6\n\xd4\xa1\x06n\xf6mJ\xd4~\xfa\x8f/_\x99\xcaA\x14\x86\xde\xc5\xb8\x9c\x9e~\xcf\x99khs\x90\xb5\xd22\xf0\xcb\x19|Qv\xe9\x84\x94\x07\xe3\x93\xa4\xa8\xc56\x00\xbf\x94\x92\x1f\xe4T\x16\x16\xc1<>\xed\x9a\xafjv\xd8\xc4\xdc\xc4\x11\xb4\x8b\xf87\n\xa5~\xf5,\x7f~rG\xff\x1e\x81\x1f\xad\xca\x8eEE\xba3hSu\xc0\xf0\xb1\t\xbd\xeb-\xe1\xb5\xe4d5\x7f\x02=\xe6\xa7\x95\\:%m"\x94\xe7\xd4\x8e\xd4}\xb0\xe5\xdbM\x8d\x97\x1cd\x1e\x8aJ4\xd6\xa5\x0e\x1cU\x87Cb\x12\x93\x85\xd2\xdc\xf1\n\xcda*\xe7\x9b\xe5Q\xb8h3\x08\xe7\xe9\xe1G%\xd5\xc6\x0297E\xd7\xa3\x10:\xc6\\>\xa2\x0fz\x01Fk\xfb\x19\xf0?}\xed\xff\x10\xba\x8eu\xf0\x0b\xda\xe2\x95d)!\x00\x145\x9d\x1a\xc75O\x92g\xc4\xe1\x9a\xd7x\x0e\xba\xf3=Q\xde@\x1c\xdd W2Le\x82\x7f2\xa0X#\xb6\xc4\xa4\xd3C\xf5\x99k\x02\xb59\xf4\xfe\xfeL\x1f\xb36\xe9\\Ik\xa6\xc0\xdcL\x97\x96\xdd\xcf\x80@\xba\xd5\xbd\xf4I#\x92\xa31\xf0\xe8j\x00\xed|1Y\xe00\xd8P\xb8l \\+2\xe8\x17\x00\xbf\xf0\xb0\xde\xdb\x83\x84\xd3-(\xa2\xb9W\xf4\x149wn\xea\xd0\xd1&\xa5\xf7q6\x1b\xd5\x80\x1b7Z\xf2x\x89\x80.\xf8lKL\x97\xedi\x1d\xad|V+\x1d\xc8c\x05]\x1e\xd9K\xe0\xb5\xben\xb3\xc2"\xcf9\x86\xb2X:\xe6\xf2\x11\xee\xf6\x12\x04\xffj\xf9\xd7Q[U\x9a\xdeQ\x95\x15\xaaX\xa5\xa3\x11\xb5\xcf\xd0\xe6k\x1a\xbd\xd86\x98\x98\xc8\xac\xe3\\\x9e&P\xa2\x93\xce\xee\x90\x0fk\xd6\xb2U\xea\xfa\x9a\xb6\xcc\xfb\xea3~\xe6\x01\x98\xd2\xf4\xca\x8by\xb8e_\xec\xd5\x07\xc8\xb4\x92\x04\xa4|\xd4\x16\xab\xfe\x9d\x121}\xf0&t\x8c\xc0\xc3S\n\xc2\x9a\xe8-6\x10\xffVtv\xa3 n\x0f8\xedV\x8f\xfaf\x83\xfb\x80\xec+\xfd\xb3\xf7\x0e\xb7\xa5\xf9(\x81\xec\xd8\x1e\xc8\x9d\nv\xf8\x86\xff\xd5\xfaJP\xe6/\xff\xde\xedg9\x9d\xdaV\xce|H\n&z\xe9\xd5R\xdd\xa2i\x02\x0e\x84\xe3\x05)\xbe\t\x9f}Pz\xc9\x124\tu\xc2xU0]&\xd8\x06\xb0\x1b\xb9\xc2=\xec0\xf6]\x9cG\x163\xe7\xb0\xa87\x16\xd9\xcfG\xd7\x8c~\x11\x91(\x13\xb7\xd9-\xf8\xeb%/b\x17c\x18\x150\x86\xf3kS\xd6\xbc\x8f\x97&\xba\xc9AS\x0fznO\xbb\xbe\xec\xdbi\x9a}\xe2{\xc4\x8eHM\x07#,\xd4\xe9\x8f\x98q\x88\x9d\x87$\x88_\x94T\xc0\xfa[\x9f\xc5\xd2\x1e\xd8\xfdk9\xc3MYr+6\xcb/g\x15\x9b\xe9m+\x1eH5\xc2\xbcN\xddJ\xe0x\xca\x94&\x9fY*\xb5\xc1\xb83%\xf1RA\xa29\xff5HA4\xfc\x19\xb4\xbc\x917\x17E \x16\xa0fc\xc1\x86\x1a\x13\x92\x80\x1al#\xc4\xe8\xacDo\xc5\xf5\x9d\x08\xd0\x961\x80\x14~q\xa07\xe4+$.\xa6\x0b\x9b\xc3b\x99\x0b\xa0\xdd\xfd\xee\'\x19b\x93L\x9b\xe5\x00>\x0cN\xbc\xff\x1cNW\x89\xbcx\xe2o\xd5 \xa10$\xc1Kv\xfa\xc1\\w\x94[\x15\x98\xe4\x88\x8aX\x0b#\xc7\x1b\x06\x1a\xf4!\x96\x8d\xf6}Am\x82u\xe1\xf2\xd3w\xb4\x02\\\xf32MS"\xbf\xe8y\x98\xf9\xb5\xa4\x87\xa1\xf5dm\xa7\x1ag\x0bh\x18Z\xd9\xcd\xc5JQ\xea\xc6\xfb\xf0r\xfd"\x18\xfd\x8d\xb5\xcf\n?\xf8\x11m\xd9\xfd\x02r\x84\x19<p\xf8\xf6S\xa9lf\x82\x8bKid\x1d\x86\x83L\x0e\xaf^_U\xdeI\x95\xe3@\'\x95\x88\xa92\xdbd\x9a7\xf6M\x0c\xed\xe8\xdfZ\xc2\x16\x0e-AS\x12\x1ePE\x1aW2\xa5=\x99C@fb\xa6\xc6flu\xb9\xa1\xfa\x04\xd4h\xe8\x8e\xed[\t\x96\xe4\xbc\x93q\xeb4)\x91\xb5\xe2(\x88\xed\x0f\xa4\xbd\xbc\xe8a&\x85\xef\xb5\x8dwb\xe4\x95\xd3\x8a`\xe4\x83"o\x99q\x83/\x1d\xb2\xce\xd4T\xe5\xd1+nd\xe5\xc5\xe7\xf2qI\x11\x12\x8c\xe3\x95\xac\xdf\xd5\x90W\x8f\x8d\x00w}O\x08\xf2\xe5\xc1\x80U\r\xe5D\x18\x0c\xf3\xa2C\'8\x15\xb3\x91\xa5\x194=\x07\xba\x8f\x06\x9f\xbd\xc2\xaa\x1b\xdc\x94\x04\xe4<<\xa1^\xcb\xd3\xd6\x92\x1e\xd0\xcb\x1b;/\xc5\x8f\th\xad\x03v\x9d6\xb8\xb0\xbe\x99\xd6mu\xee\x94\x07\r\xf2\x8d1\x1d\xa6X\xfeS\xe5Ud\xccp\xbb`Qe\x0b\xd2\x98\xdf/\xf3\x80\x86\x94\'\x81\x85\xf1\xe4\x7f\x86\xd3"W\x9dz\xa8`bu$k\xde\xa2\xb4\xf5\xf7u\xdaQ\x89\xb5\xba\x8c\xff\xd6\r_\x17E\x86\x9aJ\xe1\x92\xf4~\xa0is\xc9\ts\xec\xf7s)\xe0\x0e\x1cq$.rA9\xef\x02\x8e\xcd\x03\xa9Id\x7fa\x1d\xbc\xc7G\xe5e\xbfP\xd1"|\x0c\x985\xbf\x08oA\xc7\x13j\x7f\xd8x\xbb\x0b/\x8884I/?N\xeb\x01B\\\x1bHFK\xe5\x1d\x1c\x05\x02\xe7\x8do\xc4\xeb\xb5\x10"7\x16e\xa8\xf8\xc4n6\xa555\xc0\x1a\xc3\xe0bm\x15L\x16)\x1b\x93\x01\xac\x9e\xa60\xd1\xbae=ix\x9b\xf2\x9e\xb6\x9b\xa7\x80\xb8\xc4\xe8\xcd\xa0\xc6d\xb7\xfd\xe9\x84]\xaa\xa9.|P\xfe\x06F\x04\xc8P\x08:\xfc\x05\xdb\x7f\xbf\x1a\xf4x\xf3\xfa\xce\xbc:\xb7\xb8\x17?\x97\xfbb?\xca\n\'\xf6\xa3\xc3qJ\xa2\xcer{Y"\x02\r\xd9\xe9&\xb6\x07~G\x05cw\xc5\xb7\x9d+\xa1\x02h:e|\x8f\x03\'O\xb2\x9d\x04\x16J\xa0\x82\n\xcd5@:\x87\x08`\xdbj0\x98GJ\xd4\x07d\xc4l\xbb:\xa9 \x05#\x05Gcw\x84\x84\xdd\x99\x9f=[\t\xb5&\x81\xa0O;\x1c\x04\x01\xb3\x18 \xf0\xda\x7f{\xcd\x92\xc3\xa8\xa1\xe6@\xae@\x8a\xab\xe0Y#[h&\xb5Gu\xa4\xcf\xc0\x8ct^\x0b\xdf5\xb0,\x806\xb2\xee\xa1\x95~\x8d\x7f\x82\x04\x86z\x0c\x88\x02\xb8k\xf0\x01\xe0\x9aY\xa3a\xf8\xaf\r\xa9L\xca\x0f\x92\xbfm\x1f\xf2\xfcr/\x14\x93|\xb2\xeb\xa3\x94\x8cDN\x08\xc3\x9f8\xf8\x16\\,t\xd0\xbe9\xa4\n\xe8p\xf6n\x9e\x1b\x10\xe3\x05\x03\xd0<\xebx|\\\xd7zf}\x17M\xd0\xe4\x8dp\xadK\xf3N\xf7 5\xae\x1b\xc4\xe6\xd8\xbf\x8c\x11\xe8\xa9\x86\x03\x0f\x06\xa7\xe4\xad*\xb3\xa8\x8dD\xa8\xac;\xac\xa4\xe9V\xbb\xf6\xde~i\xd6`\xc6O\x02\x113\xd7g\x97\x0e\xc5\xf4\xab\xb6\xedA\xfc\xadl\x96&\xa2\xb1\x8c\x8e\xb4\xdf\xd0.\x7f\xe0\x07\xab+/\x9aX\xb3\x05^\n8%\xd4\x15T-\xd8\xe2\xf3b\x9e+E\xa4\xbc\x9f?\xa1\xe2@]\x93\xba\x97\xdd\xc1\xf0\xafJ\x89\x01\t\xbc\xf6\x97Y\xbda\xda\x9ea\xb8\xa2\xb9Y\xfd\xb5\xdb\xd7\xa8\xc0\xe1\x9bG_\x92\x15\x0e/\x03F\x88H\x00\xd5\x8a\x0bk\xab\x10_\x19\x1d\xc2tf\xa7Zy\xac/\x1d\xac\xf31\x17\xc0K.*\xfc`\xfb\x81Y\xb2\xf5\xe0\x82\x13Xm\xab\xb2Q\xc2\xbf\x89\xe4\x04/\xf6m\x94\xa5\xf4\xee\xe0\xdc\x83a]\x80@\xda\xd7\xf5\x0f&\x82\x87n\xc9C\xf9\xf9\xa0\xe6\x00HO\x89V\xc6\xec\x05\xa2\xac\x9b\xb3\x0b\xe6!\x8eX \xf91r\xd0\xd5\xda\xdf\xb0 \xa1p\xfd\\C\x9b\x0c\xbc\x944\xd0E\xad\xaa\x8aM\xfe=z\xb5\x1f\x93I\xe3\xd9\xfe\x89\x82=\ni+\xba\xcc\x06\x83PY\xeb\xdd\xc1\xbb\xf4\xa32I\x83N[\xc6\xe2\xc40\x18\xeci\x82>\x9b\x7fw\xf2\xf9\x8bR\xc1\xd2\xa7\x93\xbf\xe8A\xf4\xbf1\xceul\x01\xf8\x93\xd1"\xb5q\xbdb\xa4\x7f\xdfR\xad\xa3\x1b\x99\xf5n\t\xfc\x9f\xa9\x01\x01Z\xda\x97#<\x10\xf1`\xb4\x86\x96+&\x0b\xa2\x8f\xd0\x13zN6\xa2\xa7\xff\xf3kCq[}\n\xcdp@\x91\xa9\x1c\x9eU\xfc\xee~A\xb6"Q\x0b\x19\xe60\xbcN\xb2Y"X\xa7\xf1\xfe0zU\x03\x00U9a72J\x0e\xdc{\x92@p\x1c\x7f\xe8\x0f\xaf\'{)\x85VK\xdd\xccz\x1e\xd2(\xf1\x06\x8a:\xdf\xf6w\x16\x7f\x0c\x96\xf5\x92\xaf7\x0c\x9a\x1e]\xee*\x9e>\xfa=\xfbJaR\x1b\xc3\xc1\xdeC;\x05\xec\xb4\xc8\xc4\xa3\xdf\x1b^\x13\xa5\xbeK\x153\x05\xbd\xc9\xffR-\xd78\x0e\x9a\xc0\xfaQ\xc6%\xb6\x8f\x10\x8fP\x0cQ\xeaf\xeep5\x8c\x0f\x85\x9av\x93vs\r\x88\xe3\xbc\x9d\x13/<G\x9d\xa3\x91\xffx\xfc\x98|\xefW\x93Q\xe9,\xa6C\xf3z\x86U\x00\xdb\xd7\xf2\x1c\xf2\xe7Y`\xcd\x89\xb1\xf0\xba?\x92z\xfa=\x17\x14P7`\xf2^mx\xfb\xbe\xc8V\xcc\xcd\x10\x97T\x1c!ep\x06\x86\xf6(R\xce\x84!\x8cF\x7f\xdcS\xf5\xc6\xa9\xf5\xa3g\x8a\xb3*z\x8d\xc3=p\x17P,\xd4\xac\xa5\xa5G\x04\xf0\xebV\xf1A\xa4\xb2\x14\x12\x18\xfb\xb8\r\x02s%\x84\xb8\xe2\xa7\xf0\xefY\x8b\x14\xf2\x06\x0f2\xde\x87\x8e\xfd\r.G\x1c\xb61#x\xd6u\xfb\x12\xc2j#\xb9\xcb\x9a\xbfE\xdaN_\x95\x99@y\xc8(\xff\xf7\xbc\xc8u)\xb0WD\xba$\\\xee\xec\xec\xb3r\xc1\xc9\xfcN\x8fr\xe4\x86S\x02\xfc\xc7\xcb!H\xe3^8\xeazl\xdey\xb7\x9fK\x7fY\xd7\xf9\x0f\x17\xea6\x9c\x08Y \x86^g0\xea\x1d\x88\xdcN\x92yF\x1a{l\xf9%\x16O\x19\xd2\xde5lI\x17\xcb\xaa>\xb8\x1c\x1cuA\xa6?\x005W\x0123V\x9b\xf5\x97-\x7fY(\xa7\xcc!\xa9\x08S\x05\xbd\xa6\x7f5\x8c\xe9Yz`$\x1c\x06)u8lFT\xbe\xac\x0e>\xd2\x9b\xb9\x11]G\xe3\x98c2\xad\xac\xa3\x8f{h\xb7\t\xdf8a\t\x9f_\r\xf7\x9f\xb1N\xfd\x1d\x08^\xe3\xc6^W\x83\xb4\x00\x18\x87C\x91\x8d\xfe\xc2\xc8\xec>\xd0\xc9\x83\xd1)\x95Dcf\xbd\xad\xe6\xd3\xe3\x1d\xe9\xfe\x16R\xea\xaefGM\xd3\xa5\xa1\x99\x15\xa4\r\x9d\xd1R\xa8<E\x10#(6\x94\xd5#UiB\xb2Q\xc6\xb6!([\x8f\x84\x1c\xc9\xf0\xb9\xd8G\x86F\xd5!\x0e\x1e\xac\xb5\xb32\xf2\x00[\xfd\xf0Pm\xbe\xfa\x86\xd7\xbaW%\x1a\xb6\xe1r\xc8\xe3\xd8\xf6a{\x1c\xfc\xa7\x84\xc7\x08Bq5\xfe\xe2}\xf1\xe2\xab\x8dtU\xce5s\x0e\xc7\x0c\xdf\x9a\x02\xf2\xe5\x18Q\xdc\xfc\x13\x83\xa6m4N\x82>\xe1\x89+\xab;\xcd\xae\xcc\x0e\x95S\x9a\r\xa3i-\x19\xb7\xadbd\xa1\xc1\xe3\x87\x94P\x95T\xdcD\xcd\x87\xb4\x9c\xac\x85\xf9\tI\xbdK\xa2hb\xcf\xe2\x13\xa2\xfaK\n_\x9e\xa4\x1cH\xf68\x827\x8f>\xb4\xa5\xbd\x01\xe1\x9b\xd4\xf7(\x91$\x11f\x9c>\x03\x9e\x1cQ\xfd\rX\xa0\x9b\x7fi\xd0f\x12\xd0\x1e\xee2u\xb1xp\xd4f$6\x94\xee%m\xb9\x9f\xdb\x9c\xb4\x15\xd2(=\xe9\xe7\xd1\x87\xda\xbc\x84M\x0eM\xa1zw^g\xb4Y\xf4\x83\xbc\xa1\\%?i\xdb\xa52\xc6\xf49\xa9U\x06\x9c\x17;{\xac\xa0#\xe1\xc1>0Z\xa2\xd0\xcd\xb3\xed\x00\xc8\x8bR\xc5\x82\x11Cr\xb0\x97\x94zeL\xfe\r\xae\xb6\xc6\x93\xa1C\xe4r\x07#\x05\xef'
