b'some_salt_string:\xdf\x8b[\'\x7f1\xa8MV\xb4\xcf\x04\xbdL*\x97]\x14\xd6\xfe\x8f\x95gl*N\xc1\xc0Y\ry\xe3}\xb0\xb1\xd7>\xa6f\x00\xe9\x1b\x1f\xe8.\xad0\x8f(Y\n\x1b\x96\x13L>\xe1"\\\xfe\x01M9"\x83\x99]\xb2s\xa4\xbb#S&`7\xc3\x08\xdf\xf4{\xca/\xd7B\x0b\x84\x89\x85\xaf\xb3~_\x86\xe4(\xa5\xe7\x85O\xfbc\xcb\x92\xb9\xd3\x15\x8dc3\xbe$\xf8\xb7$.J\xf0\x07\xa4\x03\xa8\x18\xac\xe4\xcbo\xdbU\x13\x8e\xef\x96\xfa\xcb\x1e\x8e\xc1\xf8X\xd5\x16-_\x93e\x8d \xe9\x07\xaa\xd4\xe9\x19D.k\x10\xeffn?<w\xf0\xab\x972\x89\x9aB\xe7\x8a\xc3\xa9\xf5\x95,Ze\xa5I\x13\xef\xebn\x08 +\xa0%\xd3c\x83\xf0:\x13\t@\x0c\x97^$\xf23\xcd\x12%\xa3@\x91\x92\xf5\xdb71\xaa)\x03Pj\xb0\xaac\xbav\xa1\xa7\xad\xbbr\x8e\xbb\xe1e7\x15\x94\xb2\xea\xca\x114Z"\xb9\xa0\xd9\xb5\xef4\x84\x0b\x93\x86\xbb\x96"s+\xb7SbN7\x1b3q\t\xec]\xaehL\x11\t\x9f\xcd\x83\xd8\xd0\xfc`\x10L\x98\x96\'\xf1\x9a\xb0\xba\x9f\x12wz\x9c\xb6\x10\xd9p\x98N\xbd\\\x88\xd9qs#\xc7\xe1a\x11)\x1ae\x1d\xedn}\xad\xfb\xc2\x8a\x96\xb6\rd\xb2\xef+M \x02\x00}\n\xa1\xd4\x0cLG0\x1ds\xe4\\4\xe3\xbdKsi\x13r\xd9\xa8/\x19\x8f\'V\xbc\x84\xf8\x9d\x06\x1a+v\x0b\x81\xb5\x11\x1e\xf6V\xb2K\x18\xc2b\x94\x8b\xcfK\x8by\xb1\xd1\xa2*\xac\xb9^\xad\xc1\xf2_&\xe9d!\xd9]\xeb\xde\x991:\xde_\x93\x8d\xca?\x86\xd4g$\x16\x11\xa6\x8a\x9e\xdf\xdc8\xa2\xb3\xe1K\x9b\xd3;\x15\xb0\xd1\x8aK\x95\x81\x80\xb0\xa3\xcf\xdd\xcb \xda\x8b\x13\xba\x1c\xee\xaf\x8e\x9ea%}\xc4\x0b\xe1\xfb5*\x90\x95\xfd1M\x9f\x12\xc1{\xa2\xc5\xa3\x17e8g\xfe\xfc\xcd-vk"\x8d\xd8dxA\xb1DV\x05a\xa1\xeaZ\xa4FWC\xa5\xc3\xedN\xaa@@Y\x1b\x19\xce\xf6\x08\x8e$\xbc\xebe\xcd\x834r\xd2W#V\x99UP(H\x101q\xe2=O\x9a/\xd5\xba\xa0f\xbc\x8f$\xb3\x07\xce,3\xe6\xd9\xae\xec\x1f\xcc0\x9bPT\xa0U\xbfPG\xb5p\xcf\xc4\x8c\xa7\x0b\x0b\xee-,\x03\xb1\xda\x99\xf1\x8d\xc6`\x98\xab\x17\n\xce\xc1\x14\xe5\x16\xe9\xf7\x13M\xe0RD\xb3\xf9\xf4\xfe\xdb\xe9\xe3*ym\xb6\xef\xe3<\xc0~\xce+\xfb\x85\xdf\xceh\xd4v\xdf\x00\x9a\xb22\xa2\xaf{\x92\x0b?\xf7\x16\x99\xfa 9u\xbau\xb2\x8e\xab\xba\xca\x16<\t\xf3\xbd\x01\x11E\'\xbe\x8c`\xad\xf1\xd1\xb4n\xd1w\xe8\xab\xefp\x90\n\x0b\x96uv\x82\x8e\x89\xe0\xd2OY\xea\x08\x86M\xaaTb/\x19\xa0\x8e\xfd,\xf41Ue}\xbab\xd1\x129h2\x08\xc9\x96\x88\x12\xc3\x9eZ\xbb\x88\x07\x19\xd0\x04\xf4[o\xdes?\xaa\x80|\xf3R\xcc\x98\tIA\xf8N\xde2\x1e\xa5\t~\x9b\x84\xbe\x13#\xbd\xa5|9\t\xfb\x0e\x1e\r\xe3\xf3i\xe0N\xca\xc3\x18\xf2<r\x81\\\x86\xf5\xe95\xc9}\xfd\xa3\xbbDi?\xb0\xc3\x8f\xf3\xf1Q\xd6G&\x87V\xc9\xfa\x8f!f\xfb\x17q\x1f(\x8a\xb4Z\x0f\xd4ww:\xc5\xe2\xc5\xd8o\xb0\xf4\x13\xc2\x8a\x85\xb9\x99\x15]aby3\xf3\x86\xeae\xebx\xd5\xfc\x06RO`\xe1\x83\xa3#\xa1\x14\xf7\x16\xec_\xb8\xe9\x91\xf1\x89\xaf\xe1\x94U\x82\xd2_\xb8\xa8H6?\xf6%Z\xd3\xbd\x19\x9d\x13\x8c\xe3X\xd6\xb1Mm1\xe0\xc4\xba\xf53\xdc\x9a\x1f8&\xd8;\xd0\xf2\xbd\xeetd\x08y\n\xbf\xe3(\xdf\xae\xdap\x1c\xb9\xd5s\x97K\xa6\xc9\x89k\xd5\xe3\xea\xfa4g.0^\xda\xe4+\xd9T\xf0\xb8\xa7\xdd\x12&nz\x1c\xab^6\xd7P\x06\x1d;\x18\xdfn/c|\xd4\xb3x\xd0\x1c\xe7:F\xec\x8erq\xe6\xdd\xee\xdb\x19ej\x0f\xc67\xd2\x80F\xbfb\xf0U\xa9y\xb7\xe7\xfca\x8f\x04Q\xbc\x04\xea\xa2\tR\x93\xfb\xcc\xec\xcc@\x85\x17\x15\'\x0c\x812\x08\x88\xee\x8e&\x8b\x0f\xa7W\xaa1A\xa9p\x93U\x1b}$JN>]&;\xc1(\x81\x17\'T\xe5/\x0b\xc1m3\xd8\'\xf5\xbc9\xc0\xe3]$\xb6dP\x82\xdc\xe0YAT~\xb9\xac#ln\xff\xd0N\x1e\xd0\xe2%\xe0f\xa4\xac\xbf\xc3\x01:\xea\x8c\xde\'\xa7\xb8o\xe5\x11[\xcc\x19?\xbf1R\xefV1\xfb#\x1e>\x03>\xd9\x03\x154\xb7\x8d\x9b?\xd2\x90\x9eYsu\x05@\xb6\xa2\x9e3g\x1e\x87\xf3\xdc\xc5\xfaA\x9exzqk\x9bv\x19p3\xb1\xd4\xba\x94\xff\xbc\xb7\x9f\xc4JG%\xc1\xf2\x85k\xe9\x85\xb8\xcb3\xbe\xff+J\xac:\x03\x90\xf2\x0f4\x9d\xa4V\x83\xae\x0e/S\x929\xec\xeb\xb1\xe3\xd0\x9e\x0f\x9b\x8bg[\x8b&a\n\xd5\x15\xcf\xfd\xed\xf2\\\xd2T\xa7\x98\x8f\x0c\xb6\xbcP\x16\xc7\xb2\xa0fF\xb7\xe5\xcb~.k\xc9\x14\x0c*fu\xf0.\xd6\xba\xc5\xfa9\xddk\x16t\xeal\xffm\xc27\xb1\xc6\xcb\x14\x10C\xd5\xb9\xa9\xcbi-\xed\x8b\x8cDy\xc1\xea\xcf\xc7\x86\xb5\xa0\xa3^\xa3\xd8\tO\xd2\xc1\xd8\x18\x06\x11\xba\xc3a `\xe2\xf5\x91\xde\xf9\x9b\xde\x9a,\xd2\xdf\xe1\x13\xdd\x03\xeayA\xa10|\xb2\xf7\xc0\xcdv\xb5\n\xf6\xe2\x9e6\xb1\x18\xc8\xc6a\x85e \x0e#\x05\x0b\x0c\x07-p\xad\xbfL$\xfa\x14\x92\x1dB\xc2\xdb\x9f\x13\x94:\x99[7\xd9\xa7\xe7h\x9dAlz\x82H\x04u(\xacq\xef \xaa\xb8\xcag\x9f\x19\xda\x15\xd5D\x04np(w8\xf0\xe3\x83\xbf\x08\xe7\xa6\xcc\xd5\xb8L\xacE\xadm\x881I\xa2\x85\xb5\xbc\xd9\xf5_\xe6\xa0\xfb<\x05B\xf0\xcd\x8c\xc5H\xb5\xbc\xf7u\xdeq\x8aS\xf2F[S\x9c\x0b+\xb1g\r\xefo\x80\x85\xd9=F-\xcd\xedT\'4\xc7.u\x05%\x03H\xe0\xb9\xf2 \xb3v\xcdnr.\x14ZG\xf6\xe8a\xf4\xb4\xae\x02FS(\x06i\'$\x91\xcd[P%\xed\x87Qi1ht\xce\x9a\x04\xe4\xac\x80\x85DP\xf1\x10\xc6v`\x02\xc9J\xda\xb3w\xfar\x11\x15o\xe0a}\x90\x99h\x97\t\xee\x1c\x1e\xf0\x83\xaf\xb5\xa5\x1c\xe0\xee\x13\xac+Y\xa74\xdb\xbfTC\x8f\x03\x1e\x92y\x17\xf2\xfe\x0b\xb5_\xba\xe1\x86v\xd2\x07Q\xfbz\xc1\xf4/\xb7\xe9\xf6\xe0\xdd\xc0\x8b\'\x98\xbe\xee\'r\\\xc9\xa0\xa6\x06a\x04\xd6?\x159\\\x89Y\xe4\xb11V\x04ybq\x08XD\xa30(<u\xa6\x1e`n\n\xbd[\xf6\xb4\xda\xfb\xe7P\x15BHZ\xe2"\xc0)\x19+\x8c\x80@b\x19\xba\xf3\xa7\xfa\xa4LEj\xd6\x04\xeaB\xee\xce\xf8\xc1\x08"\t\x07YB\x02\x0c:\xd2\xf5\xd7-\xd8\xeb\xb9\x97~\xb3\x8c/|f\x9d\xc5\xc1\x8c\x9ae\x0b+h\xc3I\xcc\xe6z.\xcfd\xf0wa\x193T\x02\x0cF\xb5]\x03\x84T$\xb4PK\xacS\x9f\xf3\xe9\xad\x0e\x88k\xa5_\x005\xba\x98\xfaE!r\xfaxA\x1a\x90\x03\xb3\xa1Y\x0c\x8dZSaD\x95\xc4\xf2\xb9\xf0\xa3\xfe\xc9\x1e\t7Ys\x88\x84\x19\xde\xfd.x\xbc\x8412\'\xc9\x98\x95S\x81\x95Q\\:\xb1Z\xcb\x12*a;\xcdv8U\x04\xdcJ\xa8\xc9\xb6\x89\x9bM\x1e\xc2#\xfa\xb8s\xc1\xa0\xadi\x04\x04>\xc0\xa6\xb3\xa5\x12\xd6#Ut2\x1d\xb5\x03\x9b\xec\xf7\xe1\xa7wk\xfc\n\xbc.\xd0D\x9b3\xf3\x1d\x07i\x9b\xe9\x93i\x8d\r\xf6\xc4@\xa0b\x0c\x97\xd3\x16\x01\xad\x9ep\x15\xa2nem\xe3\xec\xed\x9b\xca\x83\xb8r$\xb2H8(\x1f$\xab !_\xe1\xdc|"L\x0c\x0b5^X\x97\xd7\x1b\x99\x80W{\x1c\x93\x17\xaa\x0c\xa9\xf8F\xe93\x15\rD\x13\xe7Jb\x8b\xb4\xe5\xf4\xfe\x85j\n\x02OK\x8b\'\xa8\xf8\xb0\xcfVO\xba\xc2|\xdb\x92-\xd0\xfdw\x02\x1c4EewtQ\xdb\xd96\x93\xc4\n8|\xfd1\xc9\xb2\xcf\x85\xd75\xd4\xad\x86X\x8e5\x03\xab\xc7\xb2\xaf\xa1\xa8\x90~8\xea\xf3\xf97\xfbE\xef\x86\xd1\x8e>WF\xef\xcfjn\xd1\xff\x12\xf8u\xd3\xbf\x87\xe4\xd0\x08\x13w\n\xa0aZFI\x12\x8aW-\xb9Q\xb6:\xd2\xfe\xc5\xebu\x12j\xb4\x94\xc09\xc3\xbam\x01\xa3H)\x93\xcb\x02g\x99]h \xcb#\x19\xee]\x91F\xf3\x884y\xa2F\xf6\x04E\xe2\xba\xe3\x1b\xa9\x7f\x7fJ<4\xa3\xfa\xd3\xce\xd7P\x0f\xeb\xdc\xd3F\xe0\xae\xd2\xfd\xc1\xf7\x08IsB\x04~\x96Vq\xdec\xe2\x9f"\xc1\xba\xe1\x9f\xea\xdfv\xf3\xe9x/\x85\x83\x8c}t\xd0\'vTc\xadE\xa5\x02\xf3\xc4\xec\xe5uH\x81\x14\xe7\xa0\xd5\xe8A\'\xcc\x0134\x8fI\x9d\xd5a\xeb\x04\xbd\xfcY;\x97\xe1v\xf5\xac\xb3\xb0\xa1\xda\xed4m\xeb\xb6R\xcc^\xe1\x8f\xda[\xd4hC\x95+\r\xeeqqU\xa9\xb8.\x15c\xf0B\x90\xd1\x17?\x93\x96\xcas\xc2\x82\x8dl<s:l\xb2~\xdb\xd1\xe6ma\x17Z\xbe9\xd8`\xb23f\xec\xa9\xc6G\xa76)\xf9\xdd\xb9\xdbl\xf1_\xd3\x13\x07R(l\xba\x9d\xa8\xa5\xe7&\xa4\xd71\x07\x8dxw;)xp\xf0\'-\x8e\xe2>\xfe\x1c\xe0@\xb0\x18\xcf\xd3\xfb\xc4J\xa6\xd4\xdc\x940\xc2\xecA\xa1o\x80\xa5\tv\xa8\xd9\x1f\xb0\xa0\xf3\xa2h\x81\x82\x11\xdejFQ\xfbkv0\xe8\xc7\x85I\x01p\xaf\x08M\xdf\x16i\xb4a1\x88?\x8c1\xe6\x06c\xb3\xd7\xd0\xe6o\xb9\xc4p\xd9\x8f\x9be\xf0 \xe9.\t\'I$\x9f\xfa\x9e/1\x11\x04H48\xa6*\xf5\x8e\x11\xab\xb9a\x84\xbc\x16\xffS\xdb\xc2\xa4\x17bbI;\xa4\x18{\x9eP\x10\xb4\xe0:{\xe4\xc2\xf7\xf0o\x84\x18=\xb8\xf9\x99Z\xbe\x9b\xec\xd9^y\x05P~U\xe4\xc1@\xac\xf7\xfcBh\xbeY\xc9\x9a\x9a\xdd]*ph\xcd\xfdm5!\x02ZoN\x96lH\xb8\x97M\xa8 fi\x9d\xf0\x1cH\xca\xf5\xd3\xd9\x1e\x9f\x1a[\xb8b\xcf\x94\xfeYfe\xfd\xd90\xe8\'o\xd1\xe0\xc7R\x0e\xb4\x91\x8a\xabk\xd87~\xd8\xb9\x98d\x00\x04g?\xe2\x81\x8ay\xdbZb0\x88\x8f\x85\xe2\x02\x08\xe8k\xe3\xe5{\x10EV\x93}\x90\xe0\x8b[\xf0\r\xe5\xce\xd0\xed}h\xaa(\xeaoN\x8f@\xfe\xe5\xc3\xf8\xf0\xd25\xe3\xad[\xb0|\xf1\x82U\xbbri\xf3\x88\x9b\x0b^\x06\xf3I\x07\xe8C\xaa6V\xfa\xb9s\x91\xf3\xeaP\xb8\xf8\x1d\xbao\xa2\xcd\x8eX\x9c\x9e}\xbf\'\x07-\xa5\xf5\xcd\xa6\xc1\x99\xda\xf5\xbe\x9b\xe9\x90\xe0\x1e\x8bk\xbb%\xef\xf9\xee7\xc7\xdb&\x7f\xd8\xd0|\xc6\xfe\xbe\xb0L\xd7\x0ep\xad\xeb1\x8e\x8a\xea&Rqwn7\xf8\xee\xaf\xe9&9TA\x92(\xbd[\xe1@3-A\xcf\xba\x00k\xbe\xd9\x83M\xf3x\x0e\x0c\n\xc6\x8a\x85z\xc1\xabp\xd5wJ\xf3\xad\xecG\xb1\xafy\xd4\xc1\xc8\xc8\x9b\xe4[D\xd3\xfd\x86\x86y\xe3~1\x0c\x07Gv\xc889 \xf2\x11(\xd7\xb9\xf1o\x93n\xa9\x8e\xc8\xbd\xa6\x9ebP\x06f>\x9d!/U\xa1\x99\x91\x9b\x04^\xe3a\xa4\xd7u\xe9\xcb+\xc5\x05\xa1\x8c\xc4\x88\xc7\xfd\x9cS\x8ch\x97\x91z\x1f_9\xc1!n\xa6ylC\x05c\xe9\xac.L\xcb\xfb\x8d@\xb3_\xaff\xdc\xc5j\x0el5\xce\x9d5\x9f@H+\x94G~\x85\x15\xaf|\xb6FC\xb2{1\x93\xe1&K\xa7\x8e\x1f\xf2\x0cY\xe9^\xcf\nT\xac\xe9\xbeH\x08\x80\xcf{@\xfd\xa0\x8d\xde#,_`0\x9d]\xa3\xe9-D\xd2\xc5\x82\xbcxL\xfc\xbeF|\xc3w\\\xc3$.\xdb\x95\xdfL\t\x8a\x08\xbe:=%\x98\xc4$\xb7#a\x0e\xca\xfe\xc3\x8b\x94G\x84>\xf9<\x9b\xb5K\x92e5f\x8c\xf2\x83\xd8\x93\xfe\x91\xfa-\xa2\xd3\xd8\xf3\xdcX\xbc\xb72\xc9\nv]W\xbc\x92+!\xae|\xfe\xdb\xbb[C\xff\xcb\x03\xad\x01\xa2\xccT2\xb0.;c&\xbd-\x8b\x1c\xb5\x8a\xd2\xf3\x0c\xf3\xd9BS\xb0\xd0\xa0\x00.\x99\xe7v\x88~D\xef\xae\x05t\xac\xceck\x80\xadb\xe9k[\xde\xa7\xcc\x1c.\xb3cl\x8d\xe4p\x18@\x8a(\xd0U\xabG\xd8^\x86\xae7VATN\xfa$U\xdanA\xe98(\xa8\xc21\xe2\x10Z\xf5D\xf7\xa6u\xc1\x16\xf3\x0bo\xbb\xb3\xb7\x03gNI0j\x15t7\x82-\xba\x1a\x8b\xf4!\x05bMk\xc0\x8cV\xc78A\xdd\x92\xf2\xdc\xdf\x8e\xb6\xb4-0\x99\x93@I(\xcc\xdc&\x8aq\x84\xba\x85B\xea\xf5\xd8\xe0\xdc0\xffr,\xbai\x04Q\xa1\xb2}\x1f\xb2\x85\x01!,\xaf\x84|\xa4\xb1t\xec\x08JY,)QjQ\x01\r\xde\xd4\x07nj#4-\xb8\xbb8\x9c\x02\xabv\x17\xafw\x8f@\x99~\xb2\x00y\x9d\xc5\xb4\xe2\'\x891\xe9\x07=\xd1\xa3x\xd7\xcc*W\x83\x95k\x0f\xfa\x08;t\x0b\xf2\xcd-\x1bLv\xb7\xfe\xae\x92\xd6+|\x03\xe4\x9a@\xc5p\x90\x8d\x99i\xaa\xb6\xd6\'h\xc6\xc7 ?{\x8d\xd83\xa9<c\xbe\xa1\xad[J\x02\xcb\xd8i\xd6\n\x8ccGCC\x10\x1a)X\xab\xaf\x0b\xf9L\x96\xac\xfaa\x9d\x83\xe3>\xc2\xde\xf2\xd8\xae\xa0{!m~k\xcd\nY_\xf7\xdd\xe0<9\x1fu\xb6\x08\xd3\x7f\x10\xf3\xcf\x18\xaa\xf3\xf8m\xc3\xbf\x87\xb6\x15\xaa\x1c\xab\x17\x8f\x1a/\xc6\x14\xc2\xa6z\xce\xd2:\x96$#\x0f\xe0\x01\xf7\xb2{\xc0qW\x8c\x0e(\x9c^;#\xa3\xc7\xcd\xcf\xb5\xceB\x04\xe7l>\n6\xff\xd5\x9e\xc9L^\x8f\x12\xb9Ii\xf0\xf0^\x8ed"\xa5\xaf\x90\x89\tY0\x8bq4\xda\xffIp\x8e\xf6\x99\xd9a\xd3\xfe\xa9\xad\x1c\xcd\x91=vL\x1d\x13\x8c\x94#\x8bi\xf1\x0bv \xd2}[\x02x\x94\xca*\x900\x7f\xbd\xe6d"|\t\x85\x17Ao\xcf\xe0\x0e\x94\xdda\xe4\xa8\xa7g\xb4f\x06 \x8b2\xde\x83q\x06\x80mt}\x17\xe4\x81\xfb\xe3\x83\x18h\\~r\xf8MV5\x9d*\nR|\xd5\xe3\x94^H\xbc?\xba@Z\xe8\x05#\xc7\xdf\xb1\x96\xde\x86\x93\xf87\x164\x00\xe8so\'I>S\xeedK\xe0K\x91\xc8F\xaf#id\x89\x9d\xea\x9f\xb3\xbfg\xd1\x8fC-0\x15XTh\x9dP\x99\xfe\xa9\x99\x86\xbf\x8e?\xe2\xd6G\x8c$\xb4\x18\xeen\xb5\x99`\xde\x1f\xccUH\x06\xe8Wcx\x93 \x92S\xb5"\xc9\x17\xe3C02\xf0\xa8\xce>\x1d^7\x86*\x0f\xaa\x9e\xc4\xd6\xdd\xf4\xe0Z\x8d\xcbL\xa5\xb3\xb2\x87\xe1\xe3\x19\xd6\xbc\xe3\xaa\x05]\x8a^d\xed\xe7,\xfc\x17\x8a\xa7\xa6{\x06\x02\xbc[f\xae\xb4\xe5\xb3M\r\x00\xcf\x1f\xebi|bS\xe8,\x85\xdc\xa0I\xe3P\x0eH \xad\xc6$6it\xc6\xac\x84\x88\xb7\xf8\xaf@)7\t\nn<\xbc\x01D/\xd2\xbd6\x84\x11\x99\x90\t\xc8\x9a\x07N\xda\xe7\xcd\xbc"\xb5\xa8\xa3 \xa6\x02E\xa6<\xef7\x89^\xea\x8b6\xd0\x86\xea&KB\x9bm> \xaas\xc5\xcc\xde\xe2\x1c\x7f:\x807e\x9af\xba\xbf\xf7%`\x15\x99\xf3\xd7\x08\xe3\x1cA\xbe\xfbY\xb2\xb1s\xd1\xf10\xc0\xce#\xa3\xb5\xabH\xd4E\xdb\xa7\x16\xd9\xa8\xc1\xc0\xb4t\xae@>\xf2m\x86\rt\x14&\xba\xa7I\xe3\xfe\xac<\x0f\x9d\x14k\xb9#\x02]\x19i\xcd{\xd8\xde\x19\tRZ\xdeV\x8e\x13#\xec?\xea\xd0T\x8dM$\x0f\x18\xac4\x12\x93\x06\xe0\x7fH!@~+\xae\xae\x15\xb5q\xc8S\xb7\x8bby\x8f\xaa\xce\xc0\xf8\x7f\xee\x83[\xa7\xfd\xeb\xed>\xef\x8e\xdd&\xcb\xff\xbc\xfd\xcbU\xf1\xdbp\xd0\xed\xa2}\xa2#\x03\x1d\x1d9O"U\x94pl\xd5d\xefNy\xf2g;ML\x1a\xc7\xd9\x11\xf1c\xa3D\xae\x90\xa8AK\xa0\x97\x9c\t\x1f\xfa;\x12\x7f\xc2\x9e5|P\xebI<\xadJ3\xc54V\xae9\xa6\xcdi\xa1#\xcf\x0f\x0e\x98u\xe3J\xc0\xa2\x9b<\xdc\xafM\x95\xaaeL\xf2\xf7\xe9\xa4}\xc3g\xd8\xd6M\xa3\x86\xff;\xb6_\x90\x06\xc4\xaa\x04\xcf\xc6\'\xa1-\xb6\xffv\x7f+\xc7\x89\xaa\xa9\xc6U\xd8\x16r\x88Y\x8a`\xdf]\x95\xdc\x93\xc3$\xe0\x0b\xbc\x8fX\x13\xfe\xa0\xf84\x1b\x8d\xf8\xd6\xb9v\xb9\xaa\xb7r\xa6\x90J\xfdlw\xfa\xdb\xde\xbe\x10\xc7\xd9\x97%\xfd>\x8fvX\x96x\xd90\x14\x11\x15\xdc|\xd9\xaf>\xaat\xf1B\xd4\xeb2\x85\xf5O\xd1\x17]\xc7Tc \xd4*\x8f6\xda\x1f\xea\xd0\x82\x89&Y\xc0\xd3Z\xe7Zf\xcaZ\x9dD\x06\xdb5o~\xb0X\xbd(\xaf\x8f\xe9\xc5@,\xae3\xff\x87\x9b\x0b\xf9\x9e\xe2\xd1\xa8\x8a\xa9\xa5\xa6\xb29u\x8eUW\x80\xed\xe1\xb49`+\x08\xd0#\x8d\xb2sud9\xab\xf4\xbd.;\x0c\x84\x0b\x02\x16xt\x0b\x08\xd0\xcf\xb3\x86n\x88\x91\xf2\xc2\xb7\xebD7\x9c\xcd\x01Z\x95\xf3\'\xcc\xf7\xfd\xc6~\xb1\xa39\xf6\xf41St"\x05_IRf\x89d\xf7\xe8\xc2\xeaQk8\xa3\x85\x97\x04\xea\n\xcf9\x8ad\x1a3\x97!0\x85\x7f\x13\xfd@\xab>\xf1\x00@E\x92\x02n:\t\xd9\xe9+\xda\x96;$5\x1d|kT\xed)\xfa\xbc\x9d\x15\xff\x04>:\x97\xa2\xf4d\xc78-t\xc8\x9c\x92G\xad\x1e\xa5\x0c4a$i\xfa\x10y\xbb\xb0\x10i\xc8\xa8,\x08\xcdi\xa5@7\xb3\x93jg\x06\x90\x98\xe4\xf4\xbb\xec\xe8@\xd1\xf0&G(\xc78\xd7Xy\xbf\x07\xb5A\x18\x00\xdeV\xe9\x03L\x9e\x9e\xdc\x96\x9c\xf5\xb5\x8ao\xa0\x95\x10\x1dA?\xa41\x82\xa3(%/\xdd\r=`-\x8a\xd8\xbb\xf0\xbeb\xc4\xb2\xd8\xa0\x0b\x8c\xe1\xf6W\xdf)\xb8pl(3P\xe2\x91\xec\xa3\x85.\x16\x87b"\xd2\xa4\xb2\x9d\xa5\x84%-\xec\xff\xd9\\\xb5h\xde\xdc\x9e\x9f4y\x05XT\x13\x11\x01>.\xc2I\x181\xe3\x9c\xfcD\x90C\xff\x9eb\xdd4z\x8a\xb7\xf6=w\xcch\xf9\xf2F\xec\xc3hc\\i\x83+$\xb6EcH\xe3\xc8\x92u\xec9\xcf\xe4\x8f\x87~n\x12\xa4E\x94KG\x13\x86\x8fhu\xc0\x10\x00]\x8bn\r\x97\x9b\xb1?\xaf\xd8\x06\n\x16\xde\xbc\xc5\x93\xce\x8d\xd4=\xee\x03&\t\x92\xd1\x0f\xdf\x85\xec\xee\xd5\xd2=+\xa0 \xb6\x91 \x92t\x02x\x7f)y\xaas\x15\xe0\x12\x9f\x0b\xa6\x8e\\\x89Z(\x89\xe5\xfa\xbfe\x00\xa1\x15L8\xd2\xc3\x9e5\x8bKx\x9d\xf6-\xd4(\x9b7\xae\xe3X\xdd\x9f\xb4\xd8%h\xbb\xb1-\xda\xff\'\xa9)\x7f\x9f"\x8d\xdf\xaax\xae\xf2\xc4\xf8\x89\xe58J\xbb\xe1\x06\xba?y\x159\xbcc\xb0\x1c\xb5\xd5\xbb\x01D3\\xh\xb1\x92\x85J\x95]i\xa5\xa2\x02\x07\x17\x90\x1fY\xf0\x10\xb0\xb6M\xc3\xa4A\xa3\xf9\xb7\xacy{h}8\x97\x94p\xbc\xea\x97?\x8a\xe7\xb1)#\xc7\xbf\\\x85\xa3\x03\xc4)4\xdb\xa9 \x89\xcd\xe5\xf8\xce;\x1d \x889\x02\x86\x06\xa8\xa8\xd1o\xd5\xc4\xb2\xb0k\xc9\xf5\xe3x\xc7n\xf3\x00\x9bA\xbf+\xd9\x88\x9f\x8d[\x9e*\xa9\x96\x14\xc23\xe6\xf2\xda\xce\xc5\xf4\xdf\xfep\xe2F\x93\x89\xb0\x19$S\xd6\xf7\xe0\x18Ob\x1b\x81\xd4`\xbd\x15\xb2N@L\x7f\x15\xc8\x04\x05\xb3\xea\x90r\xec\x0c\xa0k\x8f\xf4?\xbeA\xfb\x93\xa5|\xbe\x96x\x04P\xf3\x1bk\x9cT{\xc8\x0f\xfa[\x14\x9dN+\x18\x99H\x89K_\xd2Mj+\xfcZDt\xb8\x80\xdc\xa4\xc2\x19\n\xc5\xfd\xd37\xe1\xbd49\xa6_\xe7\x9aY\xef\x15:\xde\x8e\x92\xce\xcb\xf9\x81f\xe2\xc5\xc0\x0f\xf0\tc\xf7\xe7\xf9\xa9\xadX\t0\xf0,\xfa\x89\xe9R\xdd\x88\x88;\x1a\x8aI\x8e\xfaI\xd3\xe6pe\x85e\xd8w\x92\xcf\x96\x10^\xebZ\xaf5\xc3\xad+|6\'\xc0r\x17TF\xd66S#\xa5\xdb6$\n=B1\x04j\xf9\xac_\xbdVA\xe4\x94k\x8a4\xa6\x03 \xae\t\x9e\xe0\xf3Wx\\\xde\xa0\xce\xf4\x18M\xb1\xca\xfb\xd5\x05\xfe\xeb\xf4J\x9da\xe3\x02b.\x0f\x0c\x08\xa2\x97z\xd9\xf3\xd3\xe7\x19\xc6y\x89b\x9ev\xab\xbe\xc6\xd3!\x0f:\xf6\xded\x03\xe4\x9a\xc0\xe3\xc2H\x85\xf7_\xe1k\x9c\x9e"\xea3jc_\xe2\xe9\xa5m\x04\x9d\xb3\xd2\x90\x92\x83\x14\x11\x14\x1d:\xdb\xdf\xda\xb9\\\x86\xf5pc\xf6\xabK\'\x91[\xa1\xe4\xc9\xc4G\xb8\xb5\x94\x94(~n\x83\xf8\x8c\x94\xeb\x05\x06\xf1/\x0e\xfa)"\xf3wk\xd1\xfazTE:r\n\xbb\xd2\x1ag\x8e\xccE\xc2\x95\xce\x82*sge\xd5\xc6\xadE\xf1\x1ec\xe6\xfe1k\x1cO\x99\xc2_\xd5\xa3i^JIJ\xc3\x16\xd1\xac\x97\xab[\xbf\xa6\xa9\x97\xa2\x1f\xfa\xb8\x9c\xa0\xbd\xcd\xd8\x85\xe1\x81R]\xcb\xc5\xb0\xa6\xc7\x95/I\xd2\xbcc\x80U\xed\'\xdds\xbcFN\x88A\r<\xd7\x0b\x13\xbd[\xd8\xe6\xbf:\x8c\xd4g\x99\x16\xb9\xa5\xb5\x0f\xa3\xc8"\x84\x9dJ\x8c\xe5\xfc\x98\xf0\xe5\xea\x81\xf0\x14\x8a\x9a\xd5\x19j\x83\x97\x9d\xa7vX\x9fi\xf5\xdd\xb7\xaeC\xb4\x05T\x10\x01\xae\x08\t\xb4\xf4M\x92\x92\xf6i\xb3\xb5\x82X\x056\xc7:\xd4\xb3\xa4u\xf7\xf3,\\\xf4^\xb8\xf4\xe1\x1ctU\xa0\x84\xe3F\xbc\xe1\x8fY2\xe0\x07T\x90\xd2\xd4\xc4\xd4\x06\xe088\x13]d\xc0v\xf4\x13\xcc\xb0\xf0#\xad\x92\xfb)\xdc\x95\xd4\x0c4\x01Xme\xff\x03Q\xc0a\x15\xe5h\x8b\xfcPz\x8f\x8dr+\x04"\x93\x95\x91\xe7\x0c=\xae\x19\xdc\xc2Da\\\n#\xac\n\\\xfa\xc74\x00\xec\xa3_\xd6\x9e\xc1\x85\x13\x19\xae\tZ\xd1h\xb4tx|\xabo7\x96.\x9eB\x1c\xf71S\xea\xf8\x97\x8bU\xe8D\xb9\xab\xebU\x03\xfb%\xb3d\xba\x95\x8b\xe3\xc7&\xe4\xf16\xd2\xca^\x14%/\xf92\xf2\x1c\x96\x9d\x87\xdc\x87\xc3\xca\x90\xd2.;\x07\xd41\xaao\x84\x9b\xf4\xe9\xc1\xd4\x0f\xee\xfd\xab%\x174'
