b'\x17\xcb\xfb\x8d`\xba\x0eqqM\xab\x90\xb5] \xf3\x0eiv\xe2[6)\xb2\x92q\x14\x9c\x19\xf10G\xefv\x96!\xa8\xe9\xa8\x14\'B\x98\xed\x80\xf2&\x7f\xbd\xbdRZN\xb2GK\xb9R\xcd\xc0-.iy\xe0;\x85\xee\x01\xa8\x89g\xf3\xe9\xc1hc\x04\xe0W\xd2\xb7S\x80\xba\xbcZ\x8a\xb2\xd4\x9b\xfaF\xe9\xa0\xedbj>\t\xfa\x11cQ9O\xba\xd9\x9a\xe0\xbdV\x04\x88\xbc*3x\xc2\xc9\xed\x01\xcd\xbd7\x9eLA\xcc2\x08\xc6\xef\xf58b(1\xb0\xfd\xf8\x1a\xa0\xacW\xc5s\xe3\xe0\xe4\xa4\x96\xa1!+j\xfb\xf5]d\xe2\xa0P\xdc\x00\xf9\x1aH\xe6\xe7\xd9\x81\xd6\x88\r\x88\xea\xda\x13\xdeQp\xc0\xbc?Ty\x08\x88$\xb8\xcc\x04d\x95\xf7x$\xc0r\xfd<Q\xb6u\x8f\xd8\xdfH\nY\x86kD\x14\x98s\xde\x8c\xa5{\xc3\x7f1\xb5$L\x16\x9d~\x9e\x84\xbd\xa3\x94U\xcf^\xf0\xd2k\x10\xd7!\x86Wi\xdab\xfc6\xee\x16\xfc5\'Z\xd9u\n\xa9vn\xeb\xc9B2\xd7\xc2\x1d\xc0\x80(b)B\xa3\xf9\xf4\x08;\xe0\xd7\x99\x8a\xd2$\xad\x88\xc5\xf5\xc5\xcak\xa7\x01\x94\x1f`D\x1e@:\x89\xf5e\xc0u\x00\x02z\'P\x032V\xd0\x81\x83t\xf0m\xbd\x85m\xc5s\xb0\xe9\xcf\x17\xbb>\xf3ua}a\x86\'\xd6"\xae*w\\h\x0eM\xef\xd9\xc0ANx\x9e\xc7HU\xc7\xef\xcdx\xdd\xa5\x7f\xf1M\x19\xff\xd5+\xc0\x18\xec\'\x0f\xf3\xc6\xa4\x82A\xb1\xc4\xb6v\xe9>w\xc2\xcc\xe5j\x8b\xa4A\xc8\xf5\xd4JB\xff\x87\xfa\x1d\xce.C\x12"\xb9\x1e"(@M\x87L\xdc\xeb\xf1\xe2U3\xf8\xe2\x8a7_eg\xcf\x99@\x18l\x8c\xa0p\x9d*\xf1\xb2\xe0il\x11_\x1eZ\xce\x87\xab8A\xa3@V\x92\xf5\x9f\xea\xa8\xdc\xb1\xcf\xa8S\x8d\xa1!|LZ\xc9Y\xf4n\xfc2/\x9a_l\x8a\xedt\xa8\x0e2\xce\x9d:\xd2~\x8cGp\x1d\xdf^\x0e\xfaKC\xe3\xf1\t\xc3yw\x8dU\'dY\x07\xb6b\xea\xd4\x98\xfb[t\x9a\xdek\xe9\x08FG. Wba\xcc\xa90K\x8d\x0c.\x132L\xed{\xadC\xc6\xc7\x8e\x94\x1a\x15)<N\xd5\xba\xf2\x81d\x9b\xe27@\xc4\xbb\xe1\x8a\xac\xc5\xf9\x04,\xb4\x85\x08Tg\x99\xe9RD\x13\xa9\xc4\xcc\x806\xd4`\xa16\x8b\x99\x87\x8fySI\x90Y\xe3\x99 O\x8d\xfe\x12\xa1\xe4\x90\x9a\xedW\x9a\xa2\xdd\xf6\xefA\xb8<\x8dW\xcb\xc0\xd0\x10h*\xd6\xfdpa\x85\xda\xb0\x1a\xbb\xf4B\x86\x10&,\xeb\x86s;\x12\xcb.\xb6a\xf1\tcV\xa1\xe5s\xd8x\xe8\xac\xb2\x8db\xcc\xc3\xb4\x08\x02a\xa0<\xc6\xad\x86\xa9\x05Bu\xdb\xb5\x001]\xd1\xa2\xe75\xbeZMT\xf7\xff\x85\xd6\x14\t\xca\x08k]\\\xdf\x95\xa9\xf9\x8fik\x7f\xcc\x80\'@?\xfb>\x04\xb8\x8c\x17\xd5\x91\x9c\xfc\'\x90\xcc\xffT\x0b\x03\xe5r =\xc9\x9bM\xfb%\xe0EP\x12\x01\xcc?\xe8\xaa\x8el\xe9\xbcf>\xc5H\x9bKmY\x12\x8a|\xe93\x1b\x87A\x94\xe9\x13\xb5\xa5\xd2\x89\x05\xeb\xb0\xb3\xa9\x15w\xd1G}hu\xb6\x0f\xdeu\x14\x16p\n=\x07\x9fY\xcf^d\xb6\xfdLfG\xfbY\x99;\n@?\x9b\xb1\x133\xd9F\xab\x9e\xbc\xf2\xb6\xcb\xb3\xbc\xaf\xcf\xe4\x93T\xfb\xc1\x0c\xb0u\xca\x12Ss\xeeI\xe4\x96\xbd\r\xcbL\xa62c%\xba\xd4\x1f\x93\xbf[q\xf2Q\xd9)g\x97\xa1\x89\x87\xa9\xad\xceo_\xdes\xe3\xb7\xf2\x0e\xc1\x11\x10\xce\xc5D\xf3\xdc,\xc7\xd1\x92\x9b\xf0\x9c\xb7ZX\xae\xf8\x98\xed\xc5o\xfb\xdf]\xa1\xa0\x8d\xb0_\xce\x18\xf5i\xa2Z\x9a})/T\x95\x7fH\xcb\xac\x9c\xa9`\xe1W\x85l\x8d\xd1W\xde\x0e\xf4\'#\xc6\xc8\xd5VV5\x10\x913+\x02\xca\x16\xc4\xccV\xccl\x9b\xcfn\xb3i\xd9\'%\xf65K\xfbzT\xff\x07U\xb7s\xd6\xdc\xb8\xd9\x9e\x8a\xb3\xee\x1e\xea\xa9A\x11\xab\xb9\xd5\x86\xce\x94m^\x1e\x1f\xbe\x90\xcb\xe7O#\xbf\xb7=\x88\x00e\xf4LZ\x1eF\x9d\x8d\xfb\xbf\xc6\x13\xfeE\xad\xb8lR\x87\xd29\xe2\x84\xd1\xbby\xbf"\xd2\xe9;\x87\xfd\xb15\xbdh\xda\x1b;f[\xb4C\xb1\xf3\xd8m\xd7\xd8\x92\xf8\x93\xadU\n\xf8\xac\xd4\xcbt\xe7b\x01\xe4\x03n\xec\x90\xa0\x06\x04Q\xdfi\x95\xd7C\x17j\xe1\x99\x98PeP\x8c`j\xf2\x1e\x01d6\x90\x01=KFn\x8f\x91\' \xe3\xbd\xb4\xd3\xfc\n\xd7w\x9f4\x91d{\x16d\xb1\xeaq\xa6\xaa\xcfK\xeb@\xbf\xc0Rz\xf3\x97\xfc\xa6\xd8\x89?J\x0ct\xa9\xd0t\xdf5\xd0\xe8k73 \xad\xfc\xd35\xc5?\x8c\x8a\x98\xf8\x8a\r\x16\x16\xbb\\RK\xd0\xe3\x8d\xbd\x12\x8cv\xb6b\x91\xfa\xffe\xc5\x9f\xf9\x9c\xca\xa1d\x92\xf6s\xa9\xba%\xde\x9f\x0f\xa2_\x9bn\xa5\x8ae\x91\xfe\xcc\x07\xa3J\xe7\xaa\n_\x01\xda\xcc\xdeN\tT:\x7f\xe8\xa9k\r\xb6\xfdz\x19\xf8\xc2\x88\xddfZ\xdbd\xc4\x10/\x1b\xc3\xb1\x8d\xbc\xd0\xb34\x01n\xf5\xa0\xdb\x12\xa3\xbc2#\xee\x1b\xe9\xbf\x0f\x9ea\x01k\xf3\xd4\x14YZ\xd0\x12\x11j=*]\x92\x81\x84\x1d\x9e\x0bI\x9b\xc9\xbc\x12\x89\xf4\xf7\x01\x96>\xfa\xb8Z\xe5\xb6\x98\x1ch\x93\xb5H2`\xf4:\xb6J\xe9GK\xdb\x9c\x9e=@\x13J\xfb\xcaE\xcb\x88\xe4\xe7\xea/\x00\n\xdb\x8c\x86 `\xeb\x13~\xe7!\xf1\x94W\x06(\x85k\x0f\x00\xe3\x15f\xee\x15\xf5\x8c\xee\xbaT\x144\xbe5\xd5\x1e$\njH2*\xdb7\x13\xe44\xf7\xb7\xa0\xc6S\xfc\xe1PyT#\x04a\x0eRC\xf0\xd2\x0e\x92uG\x84!YB.\x14\x01{+qB@\xc1\x02s\xdb"\xa6b\xdf)\xf2\x00\xd6"\xc0{\x1fYH\x82\x7f\xd6\xbf\xc1\xeb\x8f\xaf\xc0\x7fU\x80\xcb{\x13\xc9\x80\x0e\x1aYD\x8e\xecV\xf0\x0f\x08\x982\ru\x80:wn\xee_\t<Q\xe2,e\xda\xd5\x10%_\xc6\xf3\xa5\xec\xa7\xcaG\x94}4\xfaC\xcc\xa5\xbd\xa0Ye\x94\x1a\x85z\x11\xdco2\x8d\xf7\xaeV"\x83W\x0f\x15\x1f]Dc\x866:\x90W\xe2\xfb\xba0\xb2\x95\x0b\xf4\xafg@y\x02\x82"\x18o`\xfbh\x01\xff\xdd\x9aF\xc2\xdf{\xc5\x18\xe4\x1b+\xc0\xfb^$`\xc8\xcd#~\x9b\xc0Sw\x1b\xc4\xdf\xb4\xcc\xab\xaa\x904\x8029Cg\x8d\x04\x9c\xf7\xa0L\x0f\x82\xf4\x15\xd9\x92\xbf\x97\xe7\xcc\x1ex\x0f\x01\x80\xd0\x87\x9c\xb0\x06\xeeo\xcd\x8f\xba\x8f\xedE\xb3T\x0b\xba\xf3\xeb\xea\x03\xcc\x88J\xf06)d\xed8\xeb\xa2\xad\xa4\x8b\x8b\xf5(\xb9GP\xd1\xb0\xe8\xc1lb\x9f{\x92j=\x126\xb3\xc5\x17j&6\xf2\xc8\xc8\x15\x1a C\xbc\x8f\xf1y\x96\xa4\xefQ\\\xed\x1b\x83*\xcfC[\x0f\x92\x8dd\xb1;\x90u\xcf\x80g\x9fG\xbcU\xfc\x1e\x99\xdb\x84\x9d\xfe3\xd4\xea\xa1%8\x9e\xeb\xb0\xda_/\x18}\xcc[T\xfb\xcd\x12#!f)G~dG{\xf7\x1b(\xcb\x91\xb0\xbdX\xd0\xf8\x06\xc0V\xe6%I8\x9e@i\xa8\xde\xb8x>-\x0f\xbd\x8a\xe8\xd4\xa5\x918E\xf5\x19\xb5\x15\xdcPJp\xf6\xbd\x1d\xa3\xd4\xbd\x11\x94p0RU\xe8#Q_\xd3\xbd\x88)\x08\xb7f,\xed\xc0\xa0\xbd(z\xa4u\xd1^\x04L\xc0\xf1\xcc\xa2\xbc\xdfF\xe5x\xe7\n\xd6\xa6\xdfL\xf4\x9d\xf6q7\x91\xbc\x8a3\xe3c\x02u\xc2\xe0wb\xc3?\xaa\x97\x14\xaeM2LFJ\xe1TU\xf4!{\'\xc8\xed\xc4\x7f\xe5{\xd8C\x06F\x9c\x89\xcd\xa8\xe7\xaa\xcbF\xce\x00\xb0\xc1\xca;\xa2N\xf7\xd2\xe1r:\x88\x98\xb3\x8a&&\xc6\xf7-\x0c\xc0\x96i\xfc\xa00\xa8\xedh\x99\x1d\x8a\x9a\xf3\xa6\xbe\xd1\xfaK\x0bX\x87X?\x8b\x9b6:\xb5\r \x08\xc0m\x18\x9f5\xdc\xbe\x87>\x9e4_=\xd4p\x9a\xae\xa1W3\x02_Z\x0e\x94\x08\xbdN\xaa\xf8>4b\xf7\x0f\'\x96\xca]^ls\xb8\xbc.\xb4p\xbf\xafn\xe4\xa7\xed\xd6\xb6\xfd\x8a\xe8\xf4O/.D\xb8\xe2j\x91\xfc\x08\xd5\xbe\xbd\xba\xf2@\x1b2\xe4\xcd\x82\xbf\x80\xf3\x05dy\x06\xde\x19\xeaF\xce\x99\x9c\n\xbc\x14\x8f\x84\x0epP\xa0\xfe\x1ag\x9c\xdd\x85Q\xf3\xe6\xba0\xf2x\xb2\x19\x0b\xd4a\x0bQ\xcc\xc5\x8by\xe5U\x8b}\x7f\x19\x02\xc73\xf6\x97\x05pF\xd5\x8a\xb0\xa6\x0cF\xa3\xe6\x07\xaah\xc8E\x80\x00`w\xd5\x96\xbb\xa6L3\xb3/\xe0\x86\x97a\x08gl\xac\xb9\xd2Ww\x0c2S\x89\xc8gdM\x8f\t\t\x10\xfbh\xe1`\xf0H4h\xf9\xb5\x9f=\x1b\xf5\xc1\x0ec\xf3\xb8\x1f\xe8\xbf\xac\n\xd0:\r\xaeY<\x8d\x81[?\xd73\xdc\xad\x8f\xf0t]u\xdeqCH:\xc6\xa0\xbd\xd4u@\xb6\x93A\xe8YK\xac\xee\xd1\x153\xb7\xd6\xf3!r\xb8\xa0\rx\xc3[\xf0\x85&Ed\x8a\x91p\x18\xe53\xe7I\xab\xfb2\xc0+O\xb0jf\xa3\x91\xf6X\xcd\xd3\xea\xac\tXI\xdc\xcfa\x02\xf6\x0e\xbf\xf4\xa6\xf2\x8f3$\xa0\xc8\xea\x1a\xbd\xc6\x82b/\x7f\xff\x81/\xe2cp\xec8\xb5c\x84\xf3\x9f\xac\xcc\x08\x9e\xb2\xe3A\x85[\x15\xc5\x90\xf77\x9a\xb1\xb8\t\xd5\x16\x14\xc6\xeb\xbf\xef=\'\xbe\xfa\xa0\x96%A\x96N\xef\xa8yR=\xff\xb6zQ\xdf=\xb5\x80Y\xfd\x88\x86SU\xd2[\x8c\xb4\x97\x81\x94W\x7fZ\x00"\xfa\x83z\xb7"u\x8c\x1bf,\xda\x00\xb0\x1b\x19\x0b\x87LIx\x17\xc7\xa5\x87\x8c\xf5\x8e/mh\x16(\r(1\xd6\xb6"F\'\xe0\xbcx\xdf\x9c\xde\xa9\xab\xe8\xca\x95\x85$Km\xa9\xab\xff\x9fE\xb1\xca\xbbs\xf0\xf4\x8a\x80\xd29\x0f\xbc\xf0\xd1V8t|\xea%b\xe0\xd3\xf7\x1c\x88\x10)\x0f\xe8\x00\xc4AL\xe0\x86\x8f\x1c\x84\x9c\xd6\xc0\xf7\xe4q)\x9c\x8f\xcb\x88[\xe2\xdfX\xc7k\xa0V\x99:\x15\xc3Q+\x0c\x911Kl#\xb4\xdf \xe8g\xb3\x83\x8f\xefr=\xc2\xbe\x92\x9f\xaf~YxZj\xa3\xe8\xa7\xcd*,eL\xb7C_\xe09\xd48Y\xb8@\x11\xf1l\x90w\xecH\xf1\xfcY>\xda\xf2\xf4a<\x8b\xc2\x84\x98\x12\x854l-H\r\x81\xe9\x84\x99\x92\x15\xc2V&N\xf5dT\xa7\xa1\x06\xc0\x00\xb2\xa6-&H\xe0\xbd5\xcf!\x93\x98\xe1\xf5\x90\x88\xdb\x8c8f\xb14\x90},\x02N\x97\xcd\x94g\xce\x89\xea\xf4\xcc\xd19\xe5[\x98\x90\x94Z\xb8\xbd\x03\xf6NN\xff\x02\'HR\xd9~\xdcD}\xbe4P\xca\x9d=\xd6\r\xf3\xfb\x85\x9b\xbcv\x7f\xec\xc0\xfe\xf29\x13\xea \xb6\t\xefBC\xe66\x15\xc2\xfdR\xbc\xe4\xb7\x99\xb9\xf5\xc5H\xa8\xf8\xa8;\xfbN$\n]\xb8-\rH\xad$:\xf7a\xab\xe7*:\x8c\xee\xcc\xcdN\x8e\xbb\x83)\xa5p\x07\xf4>\xb0\xc3\xd8\xa69\xfd\xe9\xa2\xf7\x91\x9b\xd6\x0c\x14+q\x1d\xd64\x1b\xe4\xb3\xfd\x187\x0eq\xf6\x120\xd8R\xf9\xe3\x1d\xf9x\x18\xc8\xba\xa9\x1c\x1c\xf4\xb2\xef+\xccm\x8b\x13?{8\x1fhnr\x03\x85\x9c\xee\x8b\xb2\x90,\x01\xd1\xf2\xc0\xdc\xcb\x85\x00fWY\xde\xe6*\xa2\xd4\x13o\x8b\x81\x0b\xdb\x1a\xd7\xa8\x01\x19\x91\xdb\xf6\x82\xa3\xff\x9a\x84\x9f\x91@\xb8\x85\xc3Rih\xa8 Ez\xa3\xc1\x0f\xdb\xac\xaf\xdb\xe6\x8137\x9ee\xa4&\x93\x88\x85\xe6\x96\xb1=\xaf\xf3\x13\x0c\x8a\x14\xdb\xd6\xbew`\xb8\xc2\xec\t\xb9/%\xfa\x08\x89\xde\xce~tK\xcb\xf5\xeazm\x18\xcf&\xed\x9f\x97\xd1wvy\xdaum\\\x8e\xe9Uz\x1c\xda"U\xbc\x89-Ne\xf44Q\xa1O\xa8\xdb\xb4\x85\xfdb\xae_\x19\xc8y\x84\x85\xb0\xe1%\x18LH\x1a\xa00\x8c\xaf\x95\xc8\xafI\xa4s\x9b\x10\x9d\x83o(\xc6\xd9\x8aY\xf3\x82+\x1b&K\xf5\xef\xf7w;#\x95\xc7\x18^\xfe\xff\xf7\x1a\xaf\xb2(\x84q*e\x12\xe9\xdc8\xddm7\xeao\xd6\xd9\xa1^G\xf8w\x08Cv\xfc\xcc\x8dyl\x1a\xb6\x0f\x10\x9b\x8a\xf6\x8c\xd8\xf5o-*\xbb\xba\xce\n\xcc\xf7v\x04\xa5\x9e\x95e>l4<)h\xb58"\x9cF\x04\xaf\x1f\x84\x9e \x16T\x8d!\xa1\xb9\r\xfa\xc4\xf6\xc4\xd3g\x07v/)\x19`N<+\xb9C+Q6\xa9\xb3\xc1\xca\xd2\xeaY\xc5\x80\x97Q\xb4\x0f\x16\xff\x92\xb7q\xdb\xe8\xe4\xbb< \xa8^bB\x11\xc5\x14\xf5n\xcb\t\xd6\xbcK`\x84\xec~\xa5\xdd\xddi\x14S\xcd\xfb\x1e+{\x91\xa3\n\xc4q[8\x9b\xb6\xeb\x1b\x9c\xb8/\xc3`\x99r\x84\xce\xdb\xfe\xa8\xfb\x07\xb2\xf3h\n\x81\x9e\xe3\xe8\x028@\xe6\xe5\xee\xaf\x0f\xa1\xff\x90\xba\xd5\x1a\x84\xd6lx\x02-\x99\xdfQ\xd8\xe0\xb9B\xa1[B\xe6N&\xea\xc3m\xadJ\x12\xb7[\x1bM\x08\xf4\xbc\x9b\x92hQ1\xaaj\xf9v[\x8e\x83\xda*\xfd\xe1\xa7\xbc[\xe4`\xad\xa2\xe6\x82dO\xa7\xe9\xf3\x8e\xb6k\xf4\x13\xbd++e\xd2\xd6\xcd\xde\xad\xdf\x14\xe8\x0b\xd5\x85\xea\x93\xe7\xc3\x8e\x0cxO\xc2y\xf5\xc9a\xe5\xa4sb2\xe6\xa94\x7f\x8c2m\xa6\xd6\x97\x96\x8a\x88c\x131edEf\xac\xfb\x10\xf92bi\x14\xdd,Y3F\xc2\xd5\xa5\xaes\x82.BKqt[Du\xeaJ\xe2&\xb1\x18w\xfc\x83\x1dV!\x82m\x9c\xca\xe9\n\xc8\xde\x82\x11\xc74\xbf\xcd\xde\xda\x1a\xc2\xeb#p\xd9i\'u_\xcd=\xe1\xb0F,\xd5z*9`\xa8\x12\xe4\x16\x8d72lc\xac\x16\xca\xd7\x16U*\x00\xb1jk\xfd\xbcv"\x14\xb7f\xb0@\x9aJo\xc0\xf3\x1f\x14\x1bxF\x19\x06<\x18\xdd\xe82\x05K\xf4H\xe4\xd5"\x9aW\xc3r\xeel#\x86a).\xe4\xe6!H\xe0\xf49\xcb\x17!\xc7\x7f\xc7\x8aq\x15\xfe!kU"kD\xee\xbe\xa6\x8cM\'\xaf\xf5\xc4 \xcf\x17-c0\xc9\x89w\xd4m\x1f\xd6QY\n7\xeb\x8a\xfa\xf7\xb5\x14\x18\x062EFJ\xae(\xc0g\x95\x85\x06\xbd\x98\xcb_}}e\xfe}6\xf3\xd7+<\xbd\xeb\xa83\xc4^\x00-\xa9g\'\xbb\xb08\x04\xc6T*y\x01\xae\xe8]\xa8\xcb\x0b\xf0\x12\xd7\xa9\x91\xc0.8\xf7\x0fQ\xe4\x0f\x8c\xba\xe0\x18\xdc2\xfc\xc7\x85\xe5\xa4\x83\xb6\xa6\x83B\xf1\x97\x0bQ\x97\x80DX\xdb!\x88a\xf6\x8c\xef\xb3\x04& \x00\xc7\xf8\x9frT\xc1\xa5\xfc ^\x9f\xcd\xfa\x08\xa4\x95\xf6Tr\x96\xae\x0b\xa5\xf2\x1f\xafD\x1a4X(\x86\x9cV\xbc\x97\xc2\xb5\xc0\xbc\x0c\xfc\xfe\xf1\x87=\xe4\xe4\x12z`\x85\x1fK\x9c\xa4\xaeP\xa8\xf9\'\xe0\xc4\x9dmf\x90\xc6^\x02\xe2Y\xe6\xa1\xd3B\x81D\xb8l\xf7H\x9b_\x8bb\xb8KE4lw\xa4D\xee\xf6+\x91\xa4\xd2<\x11\xf4e\xc8\xc8-M\x17\x88\xb8N\xf7H\xb6N\xd8\x81\xfb\x8dQSd>\xcd\x94\x8d\xc8\xa2Z\x7f\xb3(b\x17\x866\xed\xbb\xe9\x89\xe8\xd9\x1dd9zn]\xbb\x8b`\xd4,N]\xa2\x02\xc8=\xe0\x95\xed\xce\x14*M\xda\xaa\x19b(*\xd2M<7t\xdb\\\xa38\xb1\\}\xd1,U\x1dmj\x0eK\xd4\xdc\xb9Gb\xb8d\xfe\x8d\x92M\xa1O_k\xdb\xbaG\xa9$\x0e\x90}\xa5\x0c\x9d\xf1\x8cK\x10\xb1\xa1\xc9d\xcb\xde\xe0\xb8\xa6pr\x11\xef\xe4\xd2{\xa1+E\xe7\x13\xfe\xac\xb75\xea\x8b\xda\x9d\x9f\xf4\x13\xd1\xcfMe\xdb;\t\x08[\xd5\xed\r\xe6\xc4\x14\x0c )`q\xce%\xd76\xdc\x12\x08U\xa3\xea\xb5\x89\xf6P$\xd1\t\xdaCG\xd4\x12\xee\xcb\xec\x0e)\x95\xf7\xfc\xdd \xd2\x8d\x94\x05\xb6:G,4B\xb4T\xcf\xc0\xb5\x94\xe5\x9c\xd8\x06\xd6\xeai\xc9\xc5\xaac5\x81j\xc9\x02\xeab\xe7\xa8\x01\xdb\xf3^\x945\x02_\xaf\x1c\xff}\xe4\xe01L\xda\x03\x8c[\x9f\x08W<\x9d\xd5]W)\x12i\x1a\xd0\x83\x80P\x1dfl\xa4n\xe8\xab\xe0\x08\x85-\x1e\x08\x0fS\x98\x8atB\xa4\xb3\xeb\xcb\xb5\xe9\xf0\xb9,\xaa0\x83pz+\xdb\xf2\x08\xc4H\xe0\xf3\xfe\t\xb6\x8b\x0f\x08+\xf6\x1d_^\x17\xceW\x15\xf7\x1d\xa9\xd0\xaf\x9f4\x13\x8eD\x83\xdb/\xd1\x01\xc5q\xc8\n\xc03,\x00.\xe1U\xfc\xa1o\xbe\x07\x03\xfeK\x1c\xf0N\xbdq\x17\x0c0\xbe\xf5\xdf\xb91\x8a\xd6c"y\xa1$\xac\xa5\xc6U\xd0R+WY\xa5@\xda"\x160\xb9%0O\xba\xcb((\x87\x8e\x99Q\xee\x1dK\x0b\xdd\xe6\x9ev\xa7\x8aH\xea\xc6\xa3\x02G\x8a\xf8\'\x0f\xa9\xde\xbd0\x9b+q\xbe?\x95\xf7de\x16\n\xad[\xaa>\xfb\xe2I\x9e;H3\xc5Lp\x9f\xbb\xc7\xb4n_^\x7f\xdd\xa8\x10\x11wm3#\xfbI\x8868t\x83\x1a\\\x95T,cI?\xc1\x15|?nzf\xf9v\xb5\x95\x14\x84\xb7y\xa8\x08`\x1b\x9ez\x0e\x0c\xc3\xb1\xd3*\x0e\xb9\xa3"\x96:\x85\xc1\xaf\xa3\xe0\xb50\xb5\x99\xabL\x8f\xd4\xe7\xcd3L\xa08c\x8cf\x95\x8fe\x05 \x88\xb7K\xb4\x8f\x18\x18\xb2\x10n\x1cr\x86O\xbc[\xdd\xb6W\xe9\xb9\xd2y\xd9\xd9]\x02l\xb7>\x88u\x92[\x92(\xf0\x8f\x1e\xea\xc9~\xe7q\x9f\x02^\x83\xab\x8a\xe3\xb3yP\x93\xee\x96R2\xc02z\x1b\xc7X;\xab\x14\xe1\xee\xe8\xab\xc2\x19\xc6dC\x0c\x10\xc8L\x11\xe0\x9c\x8e:po\x16n\xaf\xa9\xbc\x06{\xcd\x8bj\x9d\xc5\x8f3\x91\xbf\x96\xe8\xb3y\xc1Jd\x7f\xe2\x8ckx\xfe\xcc\\\x1f\xb3\x851\x9c$\x11\x07Y\xb2\x1c\xd30\xf6\xa3\x1f\x13r\x91\xa1\x8f\xbc_\xc6\\:\x8c4`H@XL\xfc%\x0b\x8b\x98f\x17l\xef\xef\x04\xfb\xf2\xc8\x0b\x0c\'\xe4|jU\x03G\\q8\xd4\xe0\xe0\xdaT\xdc\xae\x03\xc4\x84tlo\xb1,\x03\xfd\x905\xada \xb3\x93\xd3\xfal\xd92\xfd\x10\xa8\xcd\x04\xe5*\xd6wR\x997\xa8\xd3\x07Q\xd14\x890a\xecW\x8c\xee\xb2\x8c~\xa0b\xa8B\xa7\x1fZ\x8b\xe5H2\x02\x13\xcb+\xd1\r\x1eK\x02\xc4\x80\x92\xefl\xb8A\xf4h\x9d\xe95\xaf\xda@Q\x82R\x98u\xe4\xaf\xa0\xd4\x92\x1a\x15\xdd\x15\x94\xec\xb0\xfd\xaf\xbc@0\x08J\xcb\'\xc6\xcd\x1c_\xd9\xa8\xa3SQE\x04\x9f\xdb\xe5\x83Y\xf5\xc68\xef\x8c&\xfb\x7f#4:\x93\xee<\x97oB\x8c\xb0\xb8#_@:\n\xebZ^m\xa2\xe5C\x90\x19t\x85\xf3\xf7[\xc2\xe0\x96i\xbaD\x12\xa92\xc5\xdc7yM\xdc \x84W\xb0\xc7\xbe\x86\x12s\xbe\xa8\xf1\xb3\xec\x0e\'`%\xdd\x03MsYv\x81\xb2~\xa9\xf3\xef\xdd\x83w\x8cwK\xde\xcf}b\xe2k\xed{\xfaL&\x977\xa4\xaeN\x902\xbeQ\xd0\x05\xc6\x14\xfa\xc4\x99\xd8\xf4J\x1d\xe4\x05D0\xa8q\x078\xec\x03)\x1b[f\xc3\xb9\xcf\x17\x9a4\x84\x15\x8b\xfc11e*\xc5\x01\x0e\x1e\x86&\x0eB\xfa:\xb3Z\xdeX\x99\x91 \xd6\xe1\xbe\xb4\xaf\x05\xe0~7\x85\xcdj\x86\x19MR8E\xefj\xb7K\xb9(J\x9c\xed\xc3\x1c\x83\x8b\xbe\x13x\xadd[\x88W@\xd6\xb3\x8aO\xe5\x82\x92\xd8\xce\x93\x01\x86 \x1b\xba\xa5d5\xb1TD\x1e\xd1}\xca\x0e\xbad(\xafM\xf0]\x9f\xe5\x17\x12\xf3\xd8\xb1\xc2\rZ\x1b\xcb\x13\xd7\xe8\x11SA\xa1\xfc2\xff\xb8\xab\x03\x13R\x89\xa9\xdcdb[E\x96\xbc\x01\x8a\xf4ZEo\x1e\xa2\xd2\xdbY@\x1f\xffy\xc5+U\xe2\xd1\xe8\xf1!4Ku\xa7\xdb\xac\x01\xb1\x19|\x0e\xb6^\x0b\xca~L\xa9\xe0\xc8/\xe6\x82\x07\xc3L\xd0\xb3|u\xe4}\xcc\x01M\xea\x9d\xcf\xebA\xdd7\xc6W]X\xdf%\xeb\xda\xb8\xb3\xbf\x7f\x1f{\x9e\xd6\xfa\xc1pyZ\xea\xd3O(\xb9\xd41J\xc9\xae\x86\x9d@\xfa\x0b\xd4\xf5\x1a\x10?C\xf9\x9a\x8c\xef\x99\xd7\xdb\xbb\xbb\xa9\x9a\xef\x96\x912\x18\xec\xb0\x82\x04\xc5`+]\x0b\xbdi\xfd$\xc0+e\x81\x01\xa0\xee\xe8\xb0xou\x06w\xbc\xe6\x99`\x03\xc5\xb3\x07\xd4*\x83\x86\x11\x9b\x8bM\x86\xbdR\xe8\xae\xc7\xc8\xb6:\x16\x98\x10\x87JY\xb9[n\xa79\x91\xdd0\x15\xb0\xb4\xdd=\xb3\x83\xbd\xdc\xd2\xf7\xee\x18\xd4\x1a\xff\xbc\r"\xbd\xad\xf4*^\x85\x1cJn\xb8\x84\xa6\x1f\xd7{\x0c*\x1a`\x94\x9d+8\xcd\xf7\x8a\x96\xb8\xb1\xa4\xc0\x92\xd0@\xb5\xf9I\xee\x95B]\xcf\x81m\x05,\xea\x17\xd9lp=\x9e\xd9=\x9e\xfc\xc7r\x199{\xdf\xcc\xe7 \x06c\xbd\x87\xe4\x86\x1e0d\xee\xdd\xe7\x9a\x95\xb9\xfe\xff[y\xe4\x9a_\xd7i\xcfe\xdf\x15\x8f\xed\x95=\xee\x9a\xa3."/\x10\xf4\xae\xe0TJ\x06\x89#\x1e\xb5,X3:A\xb0>\x03l\x90\xaaB\x80p\xd3\xf0J\xad~\xa3[yf\xa0\xd4\xea\xf0\xb6(\x80\xafvsu0\x00\x91\xaaAH\xcd>x7\xe6\xed\x8c\xc3\xfc"p,\xfa\xcfK"\xe8\x10\xcdD\x13*\x83\xf9\xcf\xd7N0\xe7Zmj\xb3!\xef|?\xb6\x9dh\xbd\xf8\xcb\nK\x9a\x1b\xf8k\x99\xea\x918\xf0\x1e\xf3\x86+\xc4su\xac>{\xd3\xba\xbd$Wjq\x10\x99\xe9J\xae\xba\xa5i\xa3\xf6\xe2\xa4\x04\x14\xe3\x155\xe0\xbf\xbb\xe7H\xe2\x03UU\xde:\xb3\xed\x19\x12\x0f2\x9a\x88\xdau cY\x0e.f?\xfb\x9d\xafl\xd9\xb2\xb1N7\xbf\xad\xc3\xb5\x98l\x16:#\xad\xd6>\xcf=\x05\xb5\xdf\xf8\xd9H\xfa\xc1\xce\tb\n\xe0*\xbdj.\x9bTs\xad\x13A\xc4y\x93\xba_3\x81\x1d\xff\x95\xe6\xeb\xd2\xab,\xf2y\xcesuZ\n\x08T\t>u\x04\xe8q\x17\xf1\xe8\xb8\x97\xb8\xa1\x8e\x9d\xff\x0e\x1cM(\xe4#\xae\x04=>\x05j\x96\'\x0c.th\xea\xd9x\xdfc\xa4\xd4\xb2\x01\xa1\x8c\xe9\x9d\xba\xfet\xa7\xf8\xcbiO\xdd=\xa7\xd3\x99\xb3N\x96h\xcb=\x95 \xc9\xff{)\x00\x82\x1e\xc4\x95l\xd4\xb4\x9a\x17\x96\x87A\x03~\xdd\x8b.\xd1\xbc\x1dL\\I\x88\x8f\xb78\xb3\x90$\xda\xdb)1\xa0%\x99\x13\xbd\x1a\xa2O{>w\x82\xaa\xc8}\xd4\x14Il\xbb\xd0\xc1\xc3\xe1D\x7f&=\x04\xad\x83r\xa08\xd0B:#Y4k\x03\xc7$\xff\x91Mo\x18\x8e\x91N\xed^n2\xab~\xb9,\xa3\xa9\x9a\xd4\x82rM\xae\x01S3s\x0f;d\x14\xd7\xebD\x05\xaeE\xdb\x95\xee\xd7y\xae\xf9<`\xa7\x92\x815\xf3\x0f\xed\xb1,\x0f\x8e\xc3f\x12\x1c*~f\\\xc7\\,/\xf1=\xb7\xd6C8\x98X\r1\x84u\xb0\xf3\x19\x94I\xa5\x94\xd3\'T\xf5C\x17S\xef}\xef\x12Cb_\xc15\x81\xe1\xa9\x81\xf0\xbf\xb4M\x17\x9cZ\xc9\xf0Y\x9bT\xf0\x80j\x17\xb3\xd5\xaa\xf8\xcc\x07eY\x98\t\xe9\xf4\x92\xf56D&B\xd7\xb9\x9aaS*\xc9\x19q\x91\x07\xd5C\x81Y\xb2SEY*O\x84\x08\xb9\x96:\x04\x05\xb3\xf0\xfc\xf2N=F\x11\x00ha\x16\xd1r\xb3\x9eS\xdfj\x83\xcf\x17x\xbe\x05\xde\r\\\x80\xfe\xb6w\xd9\xbax\xc1\xb3\x00\xf8yO:\xc5f\x9f\xf3\xcc\x0f\x03$\x80\xe3\xc5\xb8\x88!\x98\xcft\xa4\xb9\xdcD\xc9\x05\x90\x96\t,\xcf\xe9 u\x994\xac\xe7\x83\xe9=\x0c\x89!\xa0\xc3\xfb\x19c\xbc\xa9\x94\xe8\xa8\xca\xf3\x9bX$\x9bA\\K\x88\x0f\x90\xa8p\xeb2\xe3X\xdd[\xc6d\xfbt}H/i\xbd\xb6O\xf8\xbdu\xb5\x9b\x858.\xc9\xb6:G\x83\xc6>q!\xad?\xb6\x07\xa1\x02w\x8b\xfe\x97)\xf2f\xe7\xd6\x86\xe8\xaf6A\xd7\xb9\x91@\xfc\xfei\xc7\xff\xbe4/$\\u\xf2\xd2\xf6\xad\xea\x0e\xe2\x96\x89\xb2\xc1\x15\xff\xaa7\xaa\x08\x00\x1e\xdb`\xd4\xefe%\xd1wK\x8d\x84U\r"\xa2\xb3Z\x91\xa3~V\x94\xb2x\xd8/c\tn\xae \xe8\xcd\xf5\x9e\'\xe3k\x85+\x887|XN\xd1Z&XD\x7f4\xc8\x0c8\x04"\x0be\xdc2\xb0;\xb5\x105\xc5\x12!\xa3b\x87\xdak!\xdd1>\xc4\xaf\x80\xda8\xdf\x1f0\xfb0\xd0\x08\xf5\nH\x0b1\xa3\xacX\x88\xb7\xb8\x0e\x8a\xa0\xb4\x19G\xa1\x81\xc3\xe2\xdf\x1aB\xf5,|Cg\xd1a\x1b%t\xd5P\xcd\x00\x95\x81BK\x84\xd2\xba\xd4\xd0m\xf2b\xe1\xa5\x9ao\x9cb\xc1/\xb9\xecdL\xfc\xec\x83.\xd7\x8e\xc5\x04`\xb6\xc1\xef\xa9\x8cTY\t\xd1p\xd3#+\xad+\x1e\x92\xee\xb6\xcc(\xb4|\x11\r\x84\x96J\xe3\xfdNOA\tDqM\xaf9c\x9d\xb9\xe8\xb6\x14\xd2S\xdaX\xf8\xe9\xee\xbcRk\x86\x13}G\x06\x8f\x19\xc0?\xfc\xa9\xb6\t\xb8\xd5\x01!\x92a\xbc\xf6\xcf\x0e\xed\xe0N\x9b\x8e\x92\x95~\x02\r5xD\x84\xc9R\xc9\xdb\x08Ra\x8e\xa2\'\xa8W\xe5\x9f{\xbb\x06;\xbc\x84\xe0.O\x15\xb5B\xf7\xe5\xa3\x13\x94\xce\x8b\xcf\x90<\x02B\xb5c\x10\'\xaf\x91t\xe4\x95\x9b\xae\x98\xb7 \x02\x85|\xcd\xb90\x14\xc0^\xce\xb9\x83R\xe7\x16y[\x9c\x8e\x040\x1f\x17=5\xcf(\x00\xcf\xb6c\x07\x8fJ\xd9\xbdky/\x06\x02\xf8\xd6U\x113\x1e}\x01\x85u\xf0S\xae\x0b\x8d\xf6u\xba\x0e\x00\xde\xaePxy \xa3\x828\xab\xba`\xf3\xd2\xdc\xf3\xb7uz\x05\x15<KZ\x07h\x8e\xe1\xfb\r\xe2\\\x02\xd3\x0c7A\xcba\x9f\xbaf%\xd3\x95\xe9\xafe\xbd\xb6\xf3\xa2\xcc=\xdc\xad\x92\xd6e\xa4\xdf\x13R\r\x9eU\xdf\x9cz\'\xad,\x15%1ap\xeb\xae\xa6\xe2\xb4\x10R\xc1\xf5\xcd\xf7\xd4\xbc\xbf\xef\x06\xfb\xe3\x12\x956\xa8b\x9d\xab\x9a\x01\xacNH\x1143\xab\x17"\xaf\xfai\xde^\xfbd\xa8\x90\x8a`\xea\x9a\x0f\x07\xd1\xc4\xe9\xefj\xfe\x18\xd3\xcc\x1c\x13\xf9\x85\xb7ar\xa3\x0c\xcf>8\x8a\xe1H\x1djo\xb5\xd3\xfdEI\xd8#^\xd5\xf0\xe6\xa5\xe5\xf3\t\xec\xc6\xf8\xe0\x0e\xf93J]\x97\x001\xb4]\xa0Uz\xc7\xdd\xf6\xf7\x1c \xd7?\x0b\x17<\x83i\x12\x15F1\xe9\xaa\xdd'
