b'some_salt_string4\xa6\x9cM\x03{2\xa1.M\xf7\xd0\x07\xd6\\l\x0b\xf9'
