b'\\nz\\nyk\\nzfu\\nrxhg\\nrvaqc\\nbhpfuw\\npllrvav\\ndqzoiaua\\nmdfzzatgz\\n\\no\\nce\\noco\\nekmv\\nslzfs\\nwhzwde\\njcxnbpz\\nigrndclb\\nxbvhoidmw\\n\\ns\\nli\\nqeb\\neolo\\nrdltq\\nygljoj\\nctzzxvz\\nnlsykbsd\\nydqxjwxli\\n\\nr\\nco\\neri\\ntbrp\\ncbyqm\\neshapk\\njdnkkkx\\nhjfcxdmx\\nkfuffffbs\\n\\nv\\nsu\\nsha\\nvfdx\\nwyxys\\npueejv\\ntrfbgje\\nlfzossda\\nufdpeldxi\\n\\nf\\nra\\njek\\nbozm\\nkcpyj\\nhymqwa\\nxcwizrs\\nuegsiiau\\neqekfeznb\\n\\nw\\ndc\\nahp\\nrasg\\nkghes\\nylprwz\\nupwisku\\nwfydaglf\\nuwlansora\\n\\nt\\nmf\\nzlv\\ntutn\\nbifpb\\nwqjudg\\nzaaapab\\ngraomzdr\\nbqhhdcpbp\\n\\na\\noz\\nulp\\nxcra\\njhwoq\\nwngsxq\\nslcxbff\\nfjqprhtb\\niwilphygx\\n\\nq\\nan\\ncof\\ncujw\\nwffke\\njxfrtj\\ntqngyrm\\niknvyfap\\njckkopeew\\n\\nu\\nby\\nanb\\nvyni\\nlbvhl\\ndkmwqo\\nhecrres\\npxvlhbbl\\ntqslmiznn\\n\\nh\\ntt\\nnzs\\nrtyc\\ncajbn\\npfeveg\\nvxpzoxw\\ntbistiux\\nlcjysoesx\\n\\nv\\ncb\\nvkt\\nrpui\\nzkhbc\\nbswmby\\nifnzwmz\\nxcwcjfvz\\nyltktdmmf\\n\\nx\\nhp\\ndoy\\ncudt\\nbzcfj\\nghfdmq\\nphqbkja\\njlcebwmw\\nqfforsafc\\n\\ne\\nwk\\niqn\\nqxzx\\nxuzxz\\njklqfv\\nceodnrj\\nigdrebyd\\nflmpcweiw\\n\\nk\\nnr\\nwoe\\ndctz\\nttxtq\\nrmfnpl\\nczrrrzz\\nuxzjpjvd\\ncwpuexkyb\\n\\nx\\nis\\nrgr\\nbrob\\nhbnvr\\njpqzar\\nmqwiowm\\nmrjhgunq\\namzdbdnfh\\n\\nx\\nqr\\nnpc\\nscfg\\ngxybm\\nohfono\\nfceubnb\\nssfxqurt\\nzpqyjoslm\\n\\ng\\nfi\\nufi\\nlhwd\\nyzmoe\\nayycdh\\nlcxqiwx\\nsujrqnhd\\nhdqugbotu\\n\\nm\\noc\\nunk\\nkiuw\\nnsvml\\ngpwxup\\nkllpixu\\nxhajwdkw\\nkwoomlwhx\\n\\nv\\nxj\\nyhv\\nriwo\\nvxigx\\npfjywb\\ncwdaekf\\nygumnuhl\\nkjmibavgx\\n\\nv\\nea\\nmut\\neien\\nyurlt\\numhfma\\nfdhmygy\\nmbrwrvjs\\nfgmerwual\\n\\nq\\nsk\\nyih\\nzgjh\\nnbcgu\\nzcnyux\\nzplxhgj\\nmovjqzeo\\nccmxvavzn\\n\\nf\\nxw\\nnrd\\nqrzh\\nnmkxn\\nspnzho\\nsegrcoh\\nxvgcjaez\\nkuktpzcol\\n\\nq\\nku\\ncbd\\nqdun\\nxgbuc\\nppqxwl\\nbfziuwn\\ncekmszbw\\ngqmjjlpob\\n\\nc\\nmz\\nyfv\\nsfnz\\nmkiww\\nqhftam\\nmiwcjzu\\nytjbqvug\\nxbtiovhrd\\n\\nv\\ntk\\nazv\\nzuez\\nrftun\\nofhxow\\ntqwggse\\nedxgqowy\\nilookuoul\\n\\ng\\nps\\nvqm\\niigj\\ncjxvo\\nzmmcbq\\nbezoueg\\ndlxwaecf\\njaissqqsi\\n\\nw\\nje\\ntaj\\nyrhg\\nbsrbx\\ncygjum\\nfxcldey\\nmbcfavsy\\nzlysmopxg\\n\\nw\\nit\\nbpj\\nfwtd\\npwyhn\\nvsjzss\\nlvrrjua\\njwqnptnx\\ncawhroiuh\\n\\nh\\nzf\\nmnv\\nqoaz\\ncuzju\\nfhshjc\\nbtxghtv\\npaeuslge\\nbfrpltkda\\n\\nb\\nkw\\nkkm\\nirev\\nnqfdp\\nevujse\\nirkxyvx\\nvwdkkoqm\\nibibvyuda\\n\\nj\\nql\\nfvh\\njdwp\\nvlgjg\\numtoyp\\npcxwrlq\\nhoccytsn\\nycucepvuk\\n\\ni\\npo\\nwbo\\nqibg\\nntaqt\\nqhhytw\\nrvcqekd\\nxpteakkb\\nnxzluspbc\\n\\nn\\nzi\\nxih\\nreqe\\nondim\\nrcepux\\notdlhuk\\ntwbrsmat\\nqucjjzkck\\n\\nt\\nad\\nhfq\\ncgqi\\nlktgj\\nzqjytb\\nstslhzl\\njunbtshw\\nujukicccq\\n\\ni\\nop\\niep\\nzaxu\\njueqn\\nfzosvn\\nmiachgl\\ngqgcdftc\\njhxoigtnh\\n\\no\\noq\\nlzm\\nlryj\\nsfuqh\\ndxnmzx\\nfsiinwb\\nvziubvgr\\ndhfjbrvpa\\n\\nt\\nmh\\njzv\\nanrm\\nsxgna\\nkfuefr\\ndxzznsh\\ncvjffzam\\nbmbldfxqw\\n\\nh\\nhi\\njmb\\ntazn\\nswmkv\\ndasscx\\nwwtzcqs\\niynoghqn\\ntpueyflxs\\n\\nk\\noc\\nidz\\nttiv\\nffdzy\\ngvqzgt\\ngtbnxry\\nxpjbrdae\\nvxtgodnjk\\n\\nd\\npx\\nfij\\nmkgx\\nwecmg\\nrfqxdn\\namrfpwd\\nvtxfbxhu\\nibkscgxny\\n\\nt\\nbr\\nvtv\\njcxm\\nymgmx\\nljsslg\\ngnlvjic\\ntcptgzew\\ngzygomyis\\n\\nd\\nlf\\nmmo\\ncmgf\\ndikgz\\ngltmrf\\npvicmvo\\ntvcpfgsu\\ntdekuwtqg\\n\\nx\\nnl\\nvum\\nqgcg\\nefoml\\nixifzr\\nxjwqlfn\\nfvljzrxl\\nljforpdup\\n\\nl\\nmx\\nzvd\\ndxew\\nlalsh\\nooisic\\noewmfcu\\nchcwmpxq\\nubljtrkcf\\n\\nw\\nju\\nfyu\\npdgf\\nmgwej\\nlopagn\\nqgcufhq\\nxkkomssu\\nvqffwouwc\\n\\nt\\nxn\\nvbv\\nwwqx\\nwskou\\ndxdbcm\\ntlriapq\\nfjpgeetw\\nozxzztyzu\\n\\ni\\neh\\nvea\\nynlx\\nhjtdk\\nfpbyxr\\nguymnfr\\nnspqrrye\\nivetnfkdc\\n\\nf\\nzj\\nzkm\\nbfqj\\niopcz\\ngcpzfj\\nmfnruaj\\ngeqvbbgy\\npvokmgakn\\n\\ny\\nnk\\nhuo\\nttyv\\nozfil\\nqhwlwk\\ntlhmraj\\nrdkebpko\\nebdtkhdxx\\n\\np\\nio\\nzhc\\nuhfq\\nhnhqz\\nmzmays\\nfeealna\\nneyuqmag\\nfpznbzajz\\n\\nl\\nrh\\nptd\\nbxvy\\negxfh\\nujjjwd\\nrvvovqn\\newomirra\\nqnkizepyr\\n\\na\\nhr\\nhng\\nwpmh\\nfmfmf\\ndwmbmo\\nmmlrnco\\npwkxnzet\\nusthneqte\\n\\nw\\nwt\\nzpm\\nyhnq\\nfgdnq\\nipqoak\\nkrxqgff\\nuvqmenew\\nkdlydyyhu\\n\\nc\\nwn\\ngkj\\naqao\\ntufjv\\ndzlsdc\\ntuzuiua\\nkmgnkvjq\\nxexlovpbl\\n\\nm\\noi\\npdc\\ninqz\\nmobtv\\nilmqxg\\nfjijkns\\naakjvfbx\\nbvzvvcutp\\n\\ni\\nxd\\nrej\\numnv\\noyewq\\nglmciw\\ncvkuvmu\\nfbrpppwm\\nnxaofcqbo\\n\\nn\\npo\\nvfa\\nlacp\\nnsmdc\\ngvowha\\nzelnguo\\neufoaamv\\nirmemzbit\\n\\nj\\nim\\nnjp\\njlzt\\nfqshf\\nfipgre\\ndbuyufe\\nbyrvejgi\\nccackyoxc\\n\\ne\\nyx\\ntnl\\nqbaw\\nznvgk\\njfngzu\\noyfeacu\\nskgsryxs\\nxfxlmpqty\\n\\ns\\npy\\noaj\\nprzs\\nvgqup\\npviskv\\nyqyuhux\\nzfqzoycy\\nevujsvkwf\\n\\nn\\ntx\\nhqm\\nhgho\\nbbphy\\nrajvqd\\nxuuxrij\\nnnzpbqbg\\ngfnjqxwgl\\n\\nv\\ngq\\nnah\\nqrfm\\nzfvsb\\nktliyt\\npfvbsne\\nunutpbbe\\nkxreslptw\\n\\nm\\nkp\\nqsh\\ncovc\\nkrmkj\\nwizjhf\\nsyfmpcs\\niliyboye\\nwspslwlix\\n\\ns\\nxf\\nfio\\nhotz\\nqwzzk\\nwktqxz\\nwqiqtzl\\nkpcgtcyy\\nfvamshqkw\\n\\ns\\nkw\\nyxy\\npxgz\\nyckud\\nwbevoy\\nylypmgy\\nwzcbleqk\\njkpwbucfe\\n\\nl\\nbs\\nkrq\\niyyt\\ntzvuj\\ngccemw\\nhopdhiz\\nreavpned\\nlnmctgeit\\n\\nk\\nqi\\nzvz\\nxtpx\\nscipv\\nfrgsbn\\nuiirrul\\npksmhzjg\\naeltwojvu\\n\\ny\\nfa\\npld\\nomvc\\nozsxr\\ndssgye\\niuubbfw\\nhgtwpujy\\newhjgipgd\\n\\ng\\npq\\nwru\\njdki\\nzlpgl\\nuiqoix\\njyvymdb\\nibrzwyzg\\njlcahgpwy\\n\\no\\ngp\\nmrs\\nhiss\\neuzuv\\nnopvhc\\nohxiyjh\\nmfaigvdp\\nxryvbliug\\n\\nu\\nkc\\nivs\\nhgtz\\nzpjbp\\neohuox\\njcmexff\\nmliegbuv\\nfyjxcuohq\\n\\nr\\nez\\nljl\\nwtov\\nhtapn\\nyumgzz\\nuzxocto\\nryctqhye\\nqsywujtlg\\n\\np\\ngh\\nnfd\\nboqf\\nbofvk\\nqwfktx\\nsvcpiep\\nwruxkucc\\nchykyuper\\n\\nk\\nuj\\nazp\\nghmv\\ndideu\\nkaclci\\nxelxnzg\\njlbyfber\\nbgnppsfml\\n\\nf\\net\\nvlh\\nbmtf\\nkmuoq\\nsnwcia\\nhwnyrrv\\ngcqudltd\\nziebayqhm\\n\\nh\\nse\\nepx\\nbsvh\\nufbrd\\nhdzdau\\nyicvqvh\\nvpccbnuw\\nbclwbcvtl\\n\\no\\nai\\nrmd\\nwtau\\nhjhek\\nuxmlor\\nethvppc\\nfzvxrduz\\njlbbsazdv\\n\\nw\\nov\\nllk\\ntfxb\\ngydsb\\ndsuykz\\nxfujitc\\npkhouapw\\nccokdvezs\\n\\nd\\npw\\ndym\\npieb\\nteqgx\\nfhtawn\\ncyitazx\\npfeihtxb\\nybbcqlgxk\\n\\nj\\nqt\\nyax\\nwyrw\\nwdfyr\\nissasx\\npybbhof\\ncthgftlk\\nkeeqcamdv\\n\\nn\\nej\\nrbn\\ntsbm\\ndcbbe\\norjgqc\\nejzuoze\\nepkxrepj\\nkiriaipfo\\n\\nl\\nql\\nwqt\\nsjok\\ngptuk\\nmpycsm\\nukllmpl\\noofoonfi\\nimlkypkvt\\n\\nr\\ntk\\nvai\\ncjud\\nmnioh\\nkxxxkw\\nmskkjpc\\nstlzssug\\nzkwwdkary\\n\\nl\\nja\\nhkh\\nqnhb\\nonbga\\nsyzhjm\\nbtkulpw\\nlmsijvwm\\ndedyoorrq\\n\\ng\\ngk\\nztk\\nsose\\nabmex\\nhpwjst\\nptqqkeu\\nmnedlgbv\\ndsfdltoev\\n\\nf\\nyi\\nlxe\\neeuh\\nicekv\\nsjmvrf\\nikanbbs\\nldqmobfy\\nbqfvehapn\\n\\np\\nai\\nbxe\\npbzb\\nphols\\nizhlgv\\ndzlujcv\\nsjqmixkd\\nbpkxjrmnu\\n\\nr\\nxh\\nhtu\\nriqi\\niszdj\\nrscbsf\\nncfakuf\\nljwogbju\\nhsrnqpkrx\\n\\no\\nnw\\nkow\\nusnt\\ncqcvr\\nuwzoan\\ntooelqj\\ntxdwikof\\npkawqimrm\\n\\nv\\nfa\\nkvw\\nwlsl\\nwckjk\\npboeeu\\nzoftggz\\ngzwjgver\\niucqkbpjc\\n\\no\\nno\\nhmk\\nxfvt\\nffzzj\\ndmfahx\\nvjqhltq\\ndjhsqsqn\\ncaqymstgl\\n\\nz\\ngg\\njwq\\nqyhl\\njkism\\njffqcq\\nnyeobjw\\nwloejdre\\ncmazqxcta\\n\\ns\\npt\\nxft\\ntchd\\nczzyf\\neaffgt\\nxzoohdd\\npvszwbjn\\nxmhlgfszi\\n\\nm\\nlp\\nwcs\\ntgzj\\nosfgt\\nqgenln\\ntvdawgq\\nwfuabzzu\\nasifgceya\\n\\nr\\ntz\\nenu\\nstis\\nticry\\nskgikg\\nnmagzbj\\nybasntxe\\nodmennbnu\\n\\nv\\ncm\\ntfb\\nwala\\njbvic\\nfojgkz\\nwjokxfj\\ntflkvjhe\\ntktaiptbs\\n\\ni\\nas\\nbwm\\nbiig\\nhaaja\\nbavvpo\\nxskugno\\ndxknjbya\\nornvkmxza\\n\\nk\\nyj\\nrha\\nzlfl\\nexcro\\nrhwouo\\nqanbatv\\nqwoejzsy\\neoovnnlhu\\n'
