b'some_salt_string\x02\xac\xc5PLe#\xe5.P\xf9\xd1\n\xc5]=\xa3\xd5E\xfb\x88\xe5\x93\xa4'
