
z
yk
zfu
rxhg
rvaqc
bhpfuw
pllrvav
dqzoiaua
mdfzzatgz

o
ce
oco
ekmv
slzfs
whzwde
jcxnbpz
igrndclb
xbvhoidmw

s
li
qeb
eolo
rdltq
ygljoj
ctzzxvz
nlsykbsd
ydqxjwxli

r
co
eri
tbrp
cbyqm
eshapk
jdnkkkx
hjfcxdmx
kfuffffbs

v
su
sha
vfdx
wyxys
pueejv
trfbgje
lfzossda
ufdpeldxi

f
ra
jek
bozm
kcpyj
hymqwa
xcwizrs
uegsiiau
eqekfeznb

w
dc
ahp
rasg
kghes
ylprwz
upwisku
wfydaglf
uwlansora

t
mf
zlv
tutn
bifpb
wqjudg
zaaapab
graomzdr
bqhhdcpbp

a
oz
ulp
xcra
jhwoq
wngsxq
slcxbff
fjqprhtb
iwilphygx

q
an
cof
cujw
wffke
jxfrtj
tqngyrm
iknvyfap
jckkopeew

u
by
anb
vyni
lbvhl
dkmwqo
hecrres
pxvlhbbl
tqslmiznn

h
tt
nzs
rtyc
cajbn
pfeveg
vxpzoxw
tbistiux
lcjysoesx

v
cb
vkt
rpui
zkhbc
bswmby
ifnzwmz
xcwcjfvz
yltktdmmf

x
hp
doy
cudt
bzcfj
ghfdmq
phqbkja
jlcebwmw
qfforsafc

e
wk
iqn
qxzx
xuzxz
jklqfv
ceodnrj
igdrebyd
flmpcweiw

k
nr
woe
dctz
ttxtq
rmfnpl
czrrrzz
uxzjpjvd
cwpuexkyb

x
is
rgr
brob
hbnvr
jpqzar
mqwiowm
mrjhgunq
amzdbdnfh

x
qr
npc
scfg
gxybm
ohfono
fceubnb
ssfxqurt
zpqyjoslm

g
fi
ufi
lhwd
yzmoe
ayycdh
lcxqiwx
sujrqnhd
hdqugbotu

m
oc
unk
kiuw
nsvml
gpwxup
kllpixu
xhajwdkw
kwoomlwhx

v
xj
yhv
riwo
vxigx
pfjywb
cwdaekf
ygumnuhl
kjmibavgx

v
ea
mut
eien
yurlt
umhfma
fdhmygy
mbrwrvjs
fgmerwual

q
sk
yih
zgjh
nbcgu
zcnyux
zplxhgj
movjqzeo
ccmxvavzn

f
xw
nrd
qrzh
nmkxn
spnzho
segrcoh
xvgcjaez
kuktpzcol

q
ku
cbd
qdun
xgbuc
ppqxwl
bfziuwn
cekmszbw
gqmjjlpob

c
mz
yfv
sfnz
mkiww
qhftam
miwcjzu
ytjbqvug
xbtiovhrd

v
tk
azv
zuez
rftun
ofhxow
tqwggse
edxgqowy
ilookuoul

g
ps
vqm
iigj
cjxvo
zmmcbq
bezoueg
dlxwaecf
jaissqqsi

w
je
taj
yrhg
bsrbx
cygjum
fxcldey
mbcfavsy
zlysmopxg

w
it
bpj
fwtd
pwyhn
vsjzss
lvrrjua
jwqnptnx
cawhroiuh

h
zf
mnv
qoaz
cuzju
fhshjc
btxghtv
paeuslge
bfrpltkda

b
kw
kkm
irev
nqfdp
evujse
irkxyvx
vwdkkoqm
ibibvyuda

j
ql
fvh
jdwp
vlgjg
umtoyp
pcxwrlq
hoccytsn
ycucepvuk

i
po
wbo
qibg
ntaqt
qhhytw
rvcqekd
xpteakkb
nxzluspbc

n
zi
xih
reqe
ondim
rcepux
otdlhuk
twbrsmat
qucjjzkck

t
ad
hfq
cgqi
lktgj
zqjytb
stslhzl
junbtshw
ujukicccq

i
op
iep
zaxu
jueqn
fzosvn
miachgl
gqgcdftc
jhxoigtnh

o
oq
lzm
lryj
sfuqh
dxnmzx
fsiinwb
vziubvgr
dhfjbrvpa

t
mh
jzv
anrm
sxgna
kfuefr
dxzznsh
cvjffzam
bmbldfxqw

h
hi
jmb
tazn
swmkv
dasscx
wwtzcqs
iynoghqn
tpueyflxs

k
oc
idz
ttiv
ffdzy
gvqzgt
gtbnxry
xpjbrdae
vxtgodnjk

d
px
fij
mkgx
wecmg
rfqxdn
amrfpwd
vtxfbxhu
ibkscgxny

t
br
vtv
jcxm
ymgmx
ljsslg
gnlvjic
tcptgzew
gzygomyis

d
lf
mmo
cmgf
dikgz
gltmrf
pvicmvo
tvcpfgsu
tdekuwtqg

x
nl
vum
qgcg
efoml
ixifzr
xjwqlfn
fvljzrxl
ljforpdup

l
mx
zvd
dxew
lalsh
ooisic
oewmfcu
chcwmpxq
ubljtrkcf

w
ju
fyu
pdgf
mgwej
lopagn
qgcufhq
xkkomssu
vqffwouwc

t
xn
vbv
wwqx
wskou
dxdbcm
tlriapq
fjpgeetw
ozxzztyzu

i
eh
vea
ynlx
hjtdk
fpbyxr
guymnfr
nspqrrye
ivetnfkdc

f
zj
zkm
bfqj
iopcz
gcpzfj
mfnruaj
geqvbbgy
pvokmgakn

y
nk
huo
ttyv
ozfil
qhwlwk
tlhmraj
rdkebpko
ebdtkhdxx

p
io
zhc
uhfq
hnhqz
mzmays
feealna
neyuqmag
fpznbzajz

l
rh
ptd
bxvy
egxfh
ujjjwd
rvvovqn
ewomirra
qnkizepyr

a
hr
hng
wpmh
fmfmf
dwmbmo
mmlrnco
pwkxnzet
usthneqte

w
wt
zpm
yhnq
fgdnq
ipqoak
krxqgff
uvqmenew
kdlydyyhu

c
wn
gkj
aqao
tufjv
dzlsdc
tuzuiua
kmgnkvjq
xexlovpbl

m
oi
pdc
inqz
mobtv
ilmqxg
fjijkns
aakjvfbx
bvzvvcutp

i
xd
rej
umnv
oyewq
glmciw
cvkuvmu
fbrpppwm
nxaofcqbo

n
po
vfa
lacp
nsmdc
gvowha
zelnguo
eufoaamv
irmemzbit

j
im
njp
jlzt
fqshf
fipgre
dbuyufe
byrvejgi
ccackyoxc

e
yx
tnl
qbaw
znvgk
jfngzu
oyfeacu
skgsryxs
xfxlmpqty

s
py
oaj
przs
vgqup
pviskv
yqyuhux
zfqzoycy
evujsvkwf

n
tx
hqm
hgho
bbphy
rajvqd
xuuxrij
nnzpbqbg
gfnjqxwgl

v
gq
nah
qrfm
zfvsb
ktliyt
pfvbsne
unutpbbe
kxreslptw

m
kp
qsh
covc
krmkj
wizjhf
syfmpcs
iliyboye
wspslwlix

s
xf
fio
hotz
qwzzk
wktqxz
wqiqtzl
kpcgtcyy
fvamshqkw

s
kw
yxy
pxgz
yckud
wbevoy
ylypmgy
wzcbleqk
jkpwbucfe

l
bs
krq
iyyt
tzvuj
gccemw
hopdhiz
reavpned
lnmctgeit

k
qi
zvz
xtpx
scipv
frgsbn
uiirrul
pksmhzjg
aeltwojvu

y
fa
pld
omvc
ozsxr
dssgye
iuubbfw
hgtwpujy
ewhjgipgd

g
pq
wru
jdki
zlpgl
uiqoix
jyvymdb
ibrzwyzg
jlcahgpwy

o
gp
mrs
hiss
euzuv
nopvhc
ohxiyjh
mfaigvdp
xryvbliug

u
kc
ivs
hgtz
zpjbp
eohuox
jcmexff
mliegbuv
fyjxcuohq

r
ez
ljl
wtov
htapn
yumgzz
uzxocto
ryctqhye
qsywujtlg

p
gh
nfd
boqf
bofvk
qwfktx
svcpiep
wruxkucc
chykyuper

k
uj
azp
ghmv
dideu
kaclci
xelxnzg
jlbyfber
bgnppsfml

f
et
vlh
bmtf
kmuoq
snwcia
hwnyrrv
gcqudltd
ziebayqhm

h
se
epx
bsvh
ufbrd
hdzdau
yicvqvh
vpccbnuw
bclwbcvtl

o
ai
rmd
wtau
hjhek
uxmlor
ethvppc
fzvxrduz
jlbbsazdv

w
ov
llk
tfxb
gydsb
dsuykz
xfujitc
pkhouapw
ccokdvezs

d
pw
dym
pieb
teqgx
fhtawn
cyitazx
pfeihtxb
ybbcqlgxk

j
qt
yax
wyrw
wdfyr
issasx
pybbhof
cthgftlk
keeqcamdv

n
ej
rbn
tsbm
dcbbe
orjgqc
ejzuoze
epkxrepj
kiriaipfo

l
ql
wqt
sjok
gptuk
mpycsm
ukllmpl
oofoonfi
imlkypkvt

r
tk
vai
cjud
mnioh
kxxxkw
mskkjpc
stlzssug
zkwwdkary

l
ja
hkh
qnhb
onbga
syzhjm
btkulpw
lmsijvwm
dedyoorrq

g
gk
ztk
sose
abmex
hpwjst
ptqqkeu
mnedlgbv
dsfdltoev

f
yi
lxe
eeuh
icekv
sjmvrf
ikanbbs
ldqmobfy
bqfvehapn

p
ai
bxe
pbzb
phols
izhlgv
dzlujcv
sjqmixkd
bpkxjrmnu

r
xh
htu
riqi
iszdj
rscbsf
ncfakuf
ljwogbju
hsrnqpkrx

o
nw
kow
usnt
cqcvr
uwzoan
tooelqj
txdwikof
pkawqimrm

v
fa
kvw
wlsl
wckjk
pboeeu
zoftggz
gzwjgver
iucqkbpjc

o
no
hmk
xfvt
ffzzj
dmfahx
vjqhltq
djhsqsqn
caqymstgl

z
gg
jwq
qyhl
jkism
jffqcq
nyeobjw
wloejdre
cmazqxcta

s
pt
xft
tchd
czzyf
eaffgt
xzoohdd
pvszwbjn
xmhlgfszi

m
lp
wcs
tgzj
osfgt
qgenln
tvdawgq
wfuabzzu
asifgceya

r
tz
enu
stis
ticry
skgikg
nmagzbj
ybasntxe
odmennbnu

v
cm
tfb
wala
jbvic
fojgkz
wjokxfj
tflkvjhe
tktaiptbs

i
as
bwm
biig
haaja
bavvpo
xskugno
dxknjbya
ornvkmxza

k
yj
rha
zlfl
excro
rhwouo
qanbatv
qwoejzsy
eoovnnlhu
