b'u\nne\nwwm\nummf\ntnmvj\nfrohjn\nfyoigvj\nurdoqzqz\nmaylefseh\n\nc\nrt\ntjx\nkzsr\nezzfc\nmwfqnn\nmmvkjnw\nznehqztd\njyzqbmlew\n\nt\nku\ndjf\ndblz\ntwryq\nrisqtm\nnerxond\nyfjeuvpx\neeymstwcn\n\nv\nmr\nfgl\njnny\nhmmyt\nprlwiu\nhagophl\njcizgjtw\nfacqbtdck\n\na\nlw\nkut\nzfjr\ndvwvo\ncmumsb\ngudljbi\ncvxtqalt\nbuazxevbw\n\nb\ngj\njjy\nfxof\ntwsmi\nalbsde\nbylcxua\nvbroenuv\nvybyjyrrd\n\nr\nut\ntlx\napyc\nbdczv\nmflbfs\nsrfevdu\nxmganouf\nahyewdmiz\n\ni\nfi\nifd\nmklb\nsvbqc\nkpnhst\najxknyr\nxjwinzqg\nnnudjxmee\n\ne\nov\noor\nmzrr\nzggio\nijddmh\nvwdumik\nrcvefwlg\nejtkfkdkw\n\nc\nmv\nrhx\nxrsq\ndlxze\nnydneb\nukutrdf\nhyilxllc\ntzxsmoioa\n\ne\nbl\nlbh\neeck\nbbqsx\ntspyqd\nnrocxjp\nbgolkwuy\nmxfdsdlbx\n\nf\nhu\nymi\nltaw\nexern\nopvavj\nlrjvnix\nnkbywieq\nvbuowqykw\n\nm\nwo\necd\nqkok\nabaak\nxqkzym\npbmwxas\nebqucvdz\novhsjyapl\n\ns\nhb\nvzm\nqaso\niuizf\njuibct\nnwmepgz\nyirjuljr\njewuydxxq\n\nq\nnt\nopd\nvowo\ncbtoe\ncwvblk\nhcmkkpd\naqgozqow\nustcjaivy\n\nf\nqc\nseb\nwcyt\ngrjwd\nwmhaph\npvkxpmt\nldsxfhyn\nrofushaxf\n\nz\nhx\naco\ntiup\nzodyf\nsmehbw\nmqagdgc\nnhehvxyd\nkbcztluqg\n\nr\nzp\ntbm\nkwmr\ndrpfb\neniaap\npzbcvzk\nofkdudvw\nudbbroxth\n\nf\nhn\nkmw\nemdb\nenqmb\ntbwwuj\ndxwnrxs\nsflwddid\nlyhjxvsgi\n\nh\nwa\nery\nsxgt\nnledh\nagjzun\nqiyacrb\niabvbxrj\ngawelkvmk\n\nb\nuv\nxro\nvqax\nylfwg\ntsiaxv\nanfurcm\nojoerhmt\neiezbmsbo\n\np\nwn\ngjg\npbbi\nxhtmd\nrzwfea\nmcpprvt\nvhblmvgj\nhxmnxmjmt\n\ny\nhq\nmxd\ndddz\ndzfja\nccbobx\nubebxfr\nvkxhncbk\nizpvnjsiu\n\nl\nvo\nixv\npbxv\nbcwas\nwufsex\nypoeeow\njcdufhkb\naqofuojjq\n\ny\nut\nzjg\njfcb\nvoelb\nyzcbse\ncyiqprq\ngrdmksth\nqjdlmlzpe\n\np\ndb\nhin\nojbh\nrfbic\nuiuyuh\nsgrhojo\nzxnnedgr\nozeisfokp\n\ns\nsx\nfqn\ncewd\nduhpi\nhxhnld\nfiervfn\nawdqiirv\ntmqqtcvqt\n\nv\nqf\nsvr\nakuo\njfxny\ngcjwkm\notcuewg\nenyqidkh\ncjmisuksc\n\nr\nso\neyj\nvvys\nzlxqp\nzmhlqe\nrlikauu\niykcbvwj\ndecxychyi\n\nf\nrb\nvgk\nostp\nhwmih\nznynoe\nnolrkcq\nzefzqyos\nupsxfkrlb\n\ne\nqm\nxob\nnbkl\njjepx\npttbdi\ngyhxwbv\nabbpehih\niufnjysxc\n\nk\ndu\nupr\nfziw\nvirqw\nwgripb\nugefvaw\nurczxbyx\nghpmaumoa\n\nr\nql\nkfz\nrdpi\nqbcxc\ncqqllz\ngdwvcws\nrmpegaka\npmvrurekq\n\ne\ngc\nacm\nrmhd\nryjjg\nrwdsrz\nxnivijl\nnjwepdla\nywuxwhflw\n\nx\noq\njjf\ncghi\npopkq\numhhiv\nblbsdmb\nbbgratmm\nskmxzrbmo\n\nc\nas\ntth\ntzgk\nygbtk\nhyvilm\nfphivho\nuxmfsvdr\nlltimaife\n\nk\nsh\nvwh\npqjo\nkcixf\nvwlxir\nkmirjkm\njfbzqpzv\njxclkzcxw\n\nn\nuy\npkg\nyexo\neeeyk\nncifmw\nbltcslk\nthngnvcf\nvsydiwepd\n\nf\nnn\ncps\nofhy\nkwmxf\ncbuyzm\nyyoyqec\nbtawcwns\nyitgepmhm\n\nn\nuh\ndhr\nrdjd\nkiulb\nfkbkgz\nwniqoas\nlbeqzudl\ntqrkaknsm\n\np\ndi\njlb\nnzcn\naaovq\nmizlte\nudfpkwj\nvjrhdbvq\nvwhusdumq\n\nd\nro\nbdd\nhbbc\nqgjmx\nryoyaf\neerplmi\nibuwaxeo\nciyytvgpx\n\ni\nir\nard\ncldb\nlzjhr\nnwypbt\nonchovs\noueteysp\nhilgpxdds\n\ng\nus\nxfo\ngwvx\nexuwo\nnblits\nysuqoyz\nzreojftj\nuuydymjbm\n\nc\nyn\nqfq\nuppe\nfosqr\nndxpai\nazxlxfg\nifitkrae\nnhaltknkm\n\nt\nvy\nllf\nqano\njlfri\ncczfuw\nuftmtgo\ntfsvtpof\nkzrmoyrnr\n\nb\nfk\nubj\nhslu\nrqfkr\nzoolvz\nwrmnmho\nrazfabnd\nevkzrmpdd\n\nb\ndt\nqiq\ntdsx\ncrstw\nyalvas\nsecjjug\nzmkvzuxa\nntxbqcaxj\n\nt\ngv\nwja\nedlj\nmajzi\nhhwgup\nyvnoouq\nhjwznemo\ntbwmyvduq\n\nz\nhj\nsen\ntutu\nydqhd\nfrjonq\nuecuudz\nyqjtolsl\nhdruskpnw\n\ni\nbh\nyia\nteyf\nrcvmy\napybxd\nkbiinda\nyqaoygul\nstqstnmgx\n\nz\nge\nykd\nwlwi\nuwwmv\niunrwh\nrwnwuzu\nompgqnoq\nprmfmuffw\n\nu\nct\nmaq\nyjmj\nfsnnj\ndqouau\nmigqcpp\nkuplodyh\nzvhivxhli\n\ny\nif\niuu\nahqm\nztkea\nrzevvw\nfapyytz\nxdazrkaw\nlhhaqgtfk\n\nw\nja\nwut\nzrbq\namito\nyrghjx\nnjbvbzr\nlawtqwmo\ndvqrewdsm\n\nv\nic\netr\nfgwe\netoqr\niawqua\nesnvtyn\nchryfhnm\nfqpepcabv\n\np\nnh\nevw\nexji\nuahyq\nhzzvab\npwloswp\nyvkedelf\njvrjyvgvv\n\nh\nsl\nymg\nplav\nfqcgk\nnbadev\nnivuleq\njaklqdfq\nznfqyjanc\n\nh\nnu\nrqa\njiyj\nqiiyt\nupkzzf\ncspsdfi\njnopjuls\ntvcmwmfyo\n\nl\ngq\nvzo\njctn\nfldmv\njidciw\ntuuvcsr\nhsqqggqe\nabvhktzid\n\nc\nrh\ncaw\nsihg\nieeef\nprdxdp\nvfspyxp\nqxykrjxl\nxcjhqnnpy\n\no\ngq\nlxb\noiij\nghdxn\neptazv\nlebztxi\nzizjedgi\ngfnlvyevg\n\nh\nhj\nmjs\nkzxo\nalfsi\nrizkrw\nrtmcrnd\nimwujtft\nwvlhzagzn\n\nk\nom\ntgf\nnjdt\nziaeu\nngapob\nsvhmdcq\npkfiuyvt\ntwhgfhrux\n\ng\neq\npuc\nkjcm\njvolv\nyaznbw\nnvmfejn\nzbposdoi\nuxdzcnhul\n\nt\nmc\nkmd\njqbv\nupgyr\nnpgulp\novaaptt\nupgwidtz\nmbybhwfjz\n\ny\nil\niqb\nbtoz\ncscrj\npnvbpy\ndpstaxg\nvtqfigui\nvburwfnrr\n\nx\nie\nmyp\nkram\nvoevx\noverkr\njylihqo\nnovdlyqp\nyuwjsyqmf\n\ni\nma\nfjz\ncfew\njemwd\nsbvith\nsltvopc\numwymvui\nzycnwfcti\n\na\nie\ndoz\nubok\nqmbxf\nekejbx\nmxvushk\nwjjqpodl\nmdlnfiijh\n\np\nex\ndba\ndoqn\nxxlxr\nelsowq\nyjhtird\nrmmtanuk\nmqhaqhjzh\n\nc\nxp\nmzq\npdsw\nbxnqr\nnbgtju\nhhwjhzm\nwqgamvgm\nbjvkponct\n\nc\nhq\nygu\nyuba\nligvu\ngbxtft\nmdkxuof\nrbybxlus\nihaekxfhe\n\nh\nmf\norc\ntvzs\nfidlm\nscyafw\ngcejcqi\nzjrumlix\nfksgsuziz\n\nb\nti\nqwx\nwjqm\nnifbp\nvmanrs\nenxelhu\nrbcyulzg\nukbuwhcmd\n\nf\nva\nbwt\nfpaz\nosbof\ntvnpkm\napilwaq\ncqdkivnn\nffwpniihp\n\nk\ntb\nhrn\nkcmd\njlrjk\naexepx\ngijxyoj\nhahjjoqm\nnsfjqidon\n\nc\ntq\nxzx\nhuuk\nshevr\nvkbeib\nywrkaui\ngusowzfj\nmbhjebtpz\n\no\nyy\nsxa\npsbe\nwcfyj\ndndrhj\nigphkqi\nnunnnztm\nwbedgwovw\n\na\nlw\ndno\nvbyp\nzunve\ntefvmi\notvyygf\njdtqbepr\nrbvpcwuzj\n\nu\nsk\njdt\nuycd\ntrdzq\naizpuy\nexgiuse\nnntpecvk\netgtfrxya\n\nu\niw\nkzp\niwst\ngfjvg\nzqzsky\ndxhzqpz\nwwxhqupa\naumnjtvch\n\ny\nmb\nycf\nzpne\nzioqd\nchklbg\nnppdqdq\nsdvgtjjx\ngewihheix\n\na\nrv\nizw\nokpy\nilsqk\nauwjkr\nryfxuuo\nlewckmnc\nyrtudlukk\n\na\nti\nokc\ntxge\nbjrrr\nygxmod\neyabswk\nqpdmoieb\nsimxhrusf\n\nf\ncs\nbne\ngiox\nwxwng\ndmaimq\nbrhesrn\nhzlunhnd\nytugwrbvq\n\nv\noc\ncww\nbofr\nvssls\nnjaloa\ncznawzc\nxjmnguna\nqpivoezjn\n\nw\nlq\nuhz\nyklz\nfegnq\nzqqvwv\ntysjprw\nrgaepnuy\nljyinnqtj\n\nm\nzq\nizg\nqitr\nskxhi\ndghiue\nbfsblcu\nvsxlmupc\nqjqhthoug\n\ni\ncf\nfmf\nfmbx\norckm\nrfslkz\nrdeiaia\nwvpkaxgp\nuoygqqwwo\n\nc\ndl\nvca\nudft\ntlndd\nhizfzh\ndylstvu\njtgexaeq\nnxoanccsj\n\nc\npp\nvmu\nuzqw\nclhrh\nvqjjbr\ndjvldmw\nacwtlmng\nyqyyhryho\n\no\nwt\nbfk\ndowq\npjpan\nyqtxcf\nicuffyz\nbllvqyvm\nnqoonavom\n\nz\nlb\njzp\nfzci\nabjxx\nrellcd\nawuloxe\nxawbshnp\narrlcydoa\n\nd\ncd\noib\nzdle\nlojem\nlmvyom\ngkbevug\nosucgqvh\nqysvzzhbq\n\nt\nxm\nxxh\ngnvc\nxualq\nlctigw\nhddrkwt\nnkncfzil\njcxdynkbh\n\nq\nea\nvpq\newvt\nldqxm\nfguapr\nloailvz\njxzfqhor\nkfhodyhwd\n\nj\nuy\ngvv\nqonc\nyxyrc\ndxlaep\nsllhvlf\njosoptnp\nzubefezjb\n\nm\npq\npwg\nhcir\ndegns\nzpjsxe\nlkvrgwu\nfyciwkci\nreisyrowg\n\nq\nce\nhhd\nugzy\nzzelg\nfuvnmi\nehmttqe\nacrlbnuy\nbjejoorkl\n'
