b'7\xbe]\x9fb\xe1\xa8\xae\xbf\xa1\xdf\xcbe\x1e\xd7\x87mr\xba\xb7{\x03\xe8uY\xc9\xf2-?\x7f\xdb~\x14\xab\x9e\x8cTZ\x98\xc1e\xa8\x8c\xa1H\x9f\x8dg\xe06\xe9\xef\xe0\xe4c<\x86\x01\x91\xe6\xa4\x98K\x9e\x04z\xa6\xbb\x89\xd8\xed\xe1\xe6\x02C\xc7\xb8\xb9\xca\x0e\x15x\x93\xda}\xd1\xb7\xdd>\xb2g^j\x13X\xd40O ~\xb3X\xa8`\xf6{h\xd3\xf1\xd0\xcf\x8c\xd3\x91\x90,;\xd4\xc4]C\xcf\x9e^\x96\x99\xda[\xbf\xf2_\xfb\x9d\xddF\xd2o\xc1K\xc0\xe4L\xd2\x01#:u\x87\x04\xf0\xe7\x99\xfe\xb9\xf1\xd6?\x9f\x14\xa7K\x06\xc3\xc5\xc2\xc9\x871\xb5\'\xda\xf3\x0ceX\xf8\xa8\xa9\x9b2n\xa8\x96\xfdu\x99\xa8S\xab\xd0A\x0c\xf8\xb5u,Gb\xb8!/\xfb\xda>\xef~6\x8a\x85"\x17\xbe\xb4\xf7\x93=\x0b\xc7 \xbe1\xc5\xd1\xa1\xed\xee\x93\x9e\xa3\xf5\xf1\x7fP\x7fX\x04\xaa\x83wI\x9d\xfeF\xa1ik]\x8e_%J\x9b\xbb\xe3^\xa0\xda\xb9\xec\xd1~W\x02\xba\x83\xe2\xc7\x82\xef\xe3\'\xb1\x16H\xc5B1\xeetO\xdc\xaf/\xd9O\xb3\xa0\x81\x9c\x0c\xd6\x83\x9cJ\xb7t\x04?_A&LU\xf4L\x91x\x07\xfd\x86\x06\x90\xecM\xba\xa5\x00\x80d\xcd\xc89Q\x19\\GO\x80\xbd\x1f\xf4\xf1Yr\xf5\x86S\x0b\xe2E\x8e\x19\x1c\xbc\x8d\xc7\xb6\xeb\xff\xb6\x03\x18\xf2\x97\xb7\x8eT0r\x11\x83\x8e \xab>\xf2d&\x96\xb9\x1bP\xd4\xeb\xa3\x05<\xbfm\x02\xfd\x1bZ\xa9\x17\x12\xfeX\xa0Y/\xf3T\x81\xa8|\xc1\xbe\x12\x82\x89\xa4*\xa1jWO\x0eX\xe5\xd7\xba\xa3\xe1f\xb1\xe1\x98\xe1-p\xb5\r\'>\xcc\xc7\xd8\xd2Z\xc2\x03x\x1cn\xb8\xde\xde\x83\xe0p=\x99\xcay\xa3cb_#CG\xb0\xfeM\x0e9\xa7W\xe0\xa2\xaf\x03[@D]\xff\n\xdf\x8a\xbfI}\x8f\x12O\x8f$\x9f\x1fR\x86O\x08\xcdWm\xe2\xa7a\xb8\x82\x1b\x94Z\x84\x86\x9d\x84\x1f\xeb\xabc\x9d\x97\xa9g\\Z(m\x81*\x8a\x90\xec\x03\xd9\xe32\x1c@\xd5`\x93\xb1\xa2\x02\x1b\x90\x95\xc0\x8a9\xa7@e\x8a\xeebQ\xbeD\xffIU\x97YI\x1b\x1f`g\xd0\x8f\xbe-A;\x99\x04\xbb\xf0\'\xe3FmsC!\x94\xeb*\xe3\x01\xacKk\x0e\xaere\xf6xu\xbb\xec\xe3l\xcb#!\x93\xbe\xfd\x9d\x93\xdab\x1c\x1eY\x1f\x02Y\xd3\xfa\xa8D\xc9\xf9\xaa\x03\xeb\xf3\xd6\'\xc4\xef|5\xaeYd\xcbF\xb1/=\xc4!\xf2\x07\xc5\x00\xe2\x0c\xca"\t\x98\xa3\xd3n\xec\x8c\xd9\xf4\xb5x^l\xa0\xff\xf8\x1f\x98\x90\nH\x81G\xe2\xda\xd4\x1f\xa1\x9c\x89\x02\xf6U\xbb}\xf1 A\xb4\x0c\xc9\xe1\x15\x1b\x98%\xd1\xbc\xeei\x84\x93o\xfe\xa0h\xb2\x92ef\r\xe4\x13\xc9\xd8\x90E\xaeu\x89b\x8c\xbd\x91\x7f\xe4)\x1c\xf3\xf0\xbe\x03\xf7\xa6]\x88\xa4^\xef\x1ct&\x91T\xb9\xc8\xf1\xc1_\xf0\xb5h\xc8]TM\xfa)\x15\xa0<\x8b&\n\x812\x98\xc02\xa6\xc7}\xa6J\x18\xf49\xe6\x03\xd7\xe3\xb5\xf7F\x95\xa3<\xd7x\x02\x85q\x021\x8a\xe7\xb4\x96\xe7\xe0s\xaf\x9f\x9b\xa3\x03\x9eZ\xbb\xe1\xd0\xbf\x14H\x8b\x0e\x96\xa4r\xeai\x85\xa78\xb6\xa7\x03KYng\xc8\xad_\xcc\xa2\xb3\xe6\xa5F\x800\xabZU>\xe4\xfd}\xe1?/&QbD[\x8b>\x8dP\xaa\x9e\x84\x893c/\n\xf2\x126\xbc\xaeD\xc2c\x9e\xcb\x94\t\x1e\xfas\xcf\xc0!\xabpn\xe3\x04\x9aK\xce\x04#Q;d!$\x19A\xf8\xef\xd8ok\x7f\xc8ph:\xcc9\xa1:\x16\x92\xa5\xc94q_\x14\xf4\xca;\xea\x8eyuX5\xeef\x8c\x85\xc4\x89A\xdb\x80\xd1\x03\xce\xf6\x11V\x81\xc3\x7f\x9et\xf4\xb9_y\xcf\xf2Y\x92\xd2\x10\xda\xb2x\x93P\xe5\xc6d~{\xc7y\x84\xed\xa2\x86q\xa1\xdc\x86\x85%\\-\x13\x11>S\xd53\r\x1f\xd2z 8|\xab]\x16\x1d\x80\xf9\xf0}\'~\xdd.+4\x16\r\x8d"\xcd?\xa6\x8fh\x85!\xc7\x8eb\xaa\xd0o"\x08\xf0y\x96\x13\xeb\x80\xbc\x08\xae;\x1b\xe3D\xdc\x98\x98\xd9\xa2\x18R\xcd\x9b\xb3]4\xc0\x80\xd0\x89\xc4\xf62\x82d\xfd#BA\xc6\x15}\xa5\x91\xfc\xed\x8f\xbd\xfb\xd7v\x86\xfa\x15\xd2\xe3\r\xc2C\xb7\x03$\xc5\xb0\x94@\xd6\xd4\xb6\\\xe1\x96\xf2\x96\xfa?\x12\xcc\xd8\r>!V+w\x1d\x18P*\xdb\xc7\x1d\xd81^A&5_J\xfc\x10\xf4\xcd>\\\xaaZ\xca\x87\xb5\xa5\xad\'\x97\x86\xe3\xfdc\xd0O\xd5S\x018;\xc6\x95\x8a\x8c`\xa0\xc6\x96\x98\xb0\npK\x00/\x88\xe7VP\xae\xd6\x93;_)h\x03\xc6\xaa7\xd8\x18\x86X\x84:j<\xc3\x13\x9b\x14I\xb5-e\xd8\x18\xfd\x1c\x12y\x8f\xcc\x00\xfa\xd3\xd5\xfc\x90\xc4!\xf0\x12\x81 [98mp\n.{\x07\xf5\xf9x0[`\xf6\xf5\xff\xb8\x0e\xf8\x18\x13\xaa\xf06\xe4c\x1b\x9f\xaa\xefH~Ch\x8er\x9d\xac\r%J[\x19|\x19\x9e\xd2\xdf\xce{Ef\x1c\x8e\x18\xfd\x1do:\x17AM>\x81\x18\x93um\xa2?\xeet\x07\xb4*bo\x18A2\xd9]0\xf4\x9f+\xa4\n}\x14 \x07\xbb\xca\'\'\xef\xd5vz\xd1\x17>-\x87#J\xb6yv\xc1\xcf\x8b+(rT\x9f\xca;\x0e@1\xd1\x94P5c\xbd\xab\xde11/Jm\x06\x98\x90\xb0\x88\'&\x02\xb1XEv\xae,\xf0`\xff\\\xd0\x9aW\x8c\xed\x1e3B\x9b\xc2B\x8a\xce\xcdj\xe7\x93\xef\x1cbS\x8c\xea\xba\x05\x910Y\x17\xa9^p\xf4\xf6^m\x0fn\xfc+\x93\xb4E$\xe6\'\x92V\xd5\xc4\xf1\xd1\x8d\x85\x0c\x1b\x9a\xd1q\xcaW\xdd\\X\xbd\x08\xf3\xc4\xa7\xecY\xcc\x84\x12\x10\xbe|\xc7\x88\t\xce\x86\xbc\xe4._\x96k\x96d\xed42\xa0)\xf7N\x1f\xb7 iw\x01g\x98X\x18\x9c\x9a\xa2\xab\xfd\xea\xdc\x16\xb8\xd2{`\xfb\x82\xf8\xb5\xbaX\x91\xa5\xf7Q\xf2[%^\xb5\xb8\x8e\x06Vr\x9f\xda\x90\x03\\\xd3\xb1p+\xee&4m\xc3\x9a\x91\xfd\x0fD\xd8\xfa\xf5l7\xbc\xb7Z\x1d\xb4\x96\xcd\x1d\xaf>R\xd7\nIQ\xdc\x0b\x87`\xc9\x06\x9amr\xe2Iq\xbf\xb6 \x00\x08\xaa\xd7\xf3\xd5x\xb8\x83\x10\xcdr\xa7\xb8\x946\xc0lq\xb1\x14W,\xd3\r^}\x1b\xc8\xa4\xb8\xdf\xcc=\xc3\xe4\x8aL\xe6)\xa8 \xda\x13<\x9b9\x14\xdc..\xa99,\nh\x93\x86\xbb\xa6\x17\rw\xcc\xcev\x0bY\x83\xef\xa70\x86M\xa2\x00\xf2W;\xc3e\xe2\xf9g\xc0\x1f\x9b\xe5\tS\xb5T\xd2\xcd\x0b{\x14\xd5\xa1\xc5\xa95\x7fPM\x96@\xc1\xe58i@]\x06J\xb6\xb351s\x8f\xa3\x98\xf3\xd3\x10d\xcb3\x92@=(\xe0\xcf\xdf\xa3\xb5UB\xad\xa8i\xa8*\xe6m\xb9\xd4\xc9 [\x9e\x84\xca\xc2\xb8\x96\xa0lt\x8a\xd7\x18/N\xf6\x8e\xf7\xb1\xb1l{\x00\xd6k\x84\xdfM\xc9\x82\xfb\x19\xf09\xff\xfa+\xce@\xb0\xd1\xb5F\xcdY\xeb$\xaf\xde\xf9}9~\xad*\xca\xed:\x04\xf1X\x13\xcb\xf1\x99\x8f6\xe5\xcf\xc7\xa9\xbfd^\x8a\x1bU\x881\x85\xf3\xc1.w\x9b\xb8\xeb\xbd%k\xb2\x06z\xf5\xac\x8bX\x81\xb9\xcdH]\xa3\xf0\xdaJ(O\\\x17L-!\x0f\xce\x974\r=u\xe1\xad9B\xb9\x96x\xf3t[\xd5FN\x03\xa5k+:u\x9d\x96(\xb3\xba\x01<\xd5\xc5\xfd\xfd\'\xdb\xb6\x1f\x87\xad\x94[\xc1\xc3\xedb\x18}\xfc\xb3\xcb\xbe\xa4\xce\x8a*\xff\x8b\xd5g\xb8\xb5?6BR\xd6%\xbe\x82\xb7\x0ef{3\xe4U=\x17Z.s\xaa\xc6\xe2r \xa7\xd4\xd0\x17\x8b\x07wS\xb2@Sb\xfb\xd5\x81\xd9\xb4\xd5\xe67/B\xe4\x1a\xe5F\xabpy$|Wt`\xce0\xf5\x810%\xac>gwm\x04\xca{\xaa\xcc\x87\xde\x08\x9b\xf8\xf5@\xe4?\x1c\x1d\xab\xa9\xdc\xdb-\xf6\x8a\xaf\xf22\x8e\xcd\xf0\xd8\xee\xaa\xeb\xe8ZP.;v\xed`:k8\xc9\x94\xa9`u\xc3\x10\xbf\xac:i\x8dWO:es\x8c\xe1\xccQru5&\xe6\xe7&\xdaM\x8c\xdd\xa9\xe6\xb8h\xd2\xef\xa5\xbb4?%\xe0\x83\xd6\xbd\xd2\xee\r\xaef\x80\xb2\x91\x8cmA\x0f\x17\xc4_\xfbofA\x90-<\x1a\x17\x90\xa1\x93\xd4g\x0b\n\x8d\x1bo\xe9\x99\x95x\x07\xe1\x0e\xc7\x7fNV]0d\xfa\xf1LFNL%\x08\xa9\xb4\x8c\xe8\xfb\xed\x947\xdc$\xb5ci\xbe%&R\xcf\x98\x90\xe6$j\xcd\xe1\x05\x1bZ%\xee\x9d\xa9A$\xae;\x0f\xae\xb6BX\x1fP\x1bA\xfb\xb3\xc3\xda\xcd\x9a\xff\x8d\x93\xec\xfa\x19\x96\x9d\xfc\xe6D\x80T\xab$co\xad\xe5r\xd0z\x08\x86\xe5\xaa\xc6\xdf\x15\x18\xb4\n\x82!\x1aHL\x11";\xd8\xe0\x998n\rL\xaf)U \x0f\x04\x16\xcdtA\xb9\xb5W\x96\x0f\x10M\xc2P}\x10\xfeI\xbf\xad}p\xd5z\xc4]H\xb4U\x92\xb4\x154\xba\xe9\xde\xb3G\x99\xde\xd7\x9d\xe4\xf3\x89\xe5\xe8\xea\x8a\x80at\x8d\xdak\xf7\x1f$\\\x0f\x9f\xfd\xd3\x84\xc92\xcd\xeb\x88\nY\xc5\x8bl\xaa\xa6^Fnw\xa9\x9c\xf6B\xd7\xd6\x8f\xf5B\x95m\x14:\x00\xd9\x15\x97\x9d\xab\xe9U\xff\xddQ\xb2\x871\x83\xe9\x82\x07\x8a\xf2\xf2\xa7a\xd8~\xf7\x06\xd7\x87\x9e$\xc7\x01\te\xa5\xfa3\x11\x13\xf9\x93\xba\xef\x90J\xb4:\x1ci\xc3\xe0\x9fI\x9b_\x86\x90S\xcc\x89G\x08\xf7\xae\xf9t\x16\x8684\xa6\x8eE\xbal\x9d\x17\xbd:\xaf\x9faY3\x04&\x1f(Aw4`\xca\'\xfd\x98oaZ\x00-s9\x11\xf2\xceVi\x11c\x91\x02wO\xed\xe0\xf0)\x84$\xe6\xa6Z\x8a\xe4\xdb\x91l\xb0a(em\x99\xdf\x9c{\x93G\xad\xb0\x13\x81\x1dlM:\x8eb\xfd\xbd\xa1\xce\x1a\xc9P\xa061\x9c\x86\xb2\xcb\x95\x18IZ\x8b\xd6|\xff\xfb\x8e\xb5\x9d\x0b\xc7[\xd2\x1e5\x89S\xda\xe9wA\xa6k\xa7p\xcc\x18\x0b\x85G\xad\xb0\xb4\xfc^\xc9\xc0\x96g\xb1"\x97t"\x96)\x8b\xb8n\x84\xd6\xd4(\xc7\xf3W\xbb\xa1\xad3\xb06+!Q\xa0%\x17U\xf5\xf6cJ"\x91\nd;g\x11\xb8d\xee\t\xca\xc5\xb2\xe6;3\x06D\r)\xa88\xbau\x0c\xd9[\xdc\x833*Kg[qr"\xd9\xc2\xcd\xf0\xc46o7zj\x8a\x85n\xa5\xf4\x18\xe1I\x9e\xa86\xdc\x16\x8c\x02\x9b\x84 v\x8ai#\x96\x91\xa6\xf6\x88\xfcy\xf8}^\xe7SO\xf7\x02d\xfa\xabf\x11\xcd\xcdJ\xd7\n\x9a\xf6\x8f8\x95\xacg\x93\xfa \t\x04\xe4\xd8\xc4\xb0\xa2\xea\xb0\x06\x16\xc1\xa4>\x93?H\x810\x8c\x98u\xb36\xdb\xb3\x85\x9e\x1c\xc3\x9ak\xa4E\r\xdd\xf3\x03\xf6A\x1d\xbc\xad&x\x8fQ\x81\xf0u\xd6|\xf7\xfd\x95\x08\x0b\x96\xff=\xce\xed\xa5\xf1\x94\xa0\x12O\xcf\xe9q\xfc\xbf\xbc\xbd\xb5\xe0\xd4\x84\xb8\xf1\x17I\xeb\xbd\xb1M1\x02\x05<\xda\x0f\x13\x15\xc6\xc3=\xed\xf2\x94\xce\x90Go\xa8\x817V\xb4Y\xea\x9b\xaaO\xfa\x9c\x01;^K\xcc S\x9e\xdd;\xa3,\x11\x89\x8d\x1b4\xc4F\x90$E\x03L\xc6\x8eq\x1dw\x9b$9\xc6\xf0\xb5\xd1\xaa\x1f)ejU@\x91\xef2\xda\xb6\x87\x9b\xa5\x0e\x96\xebQ\rv\x15\x9a\x1d\xea\xdd\xf3\xac\xd3\xff\xdb\x07\xea]\xe5\x8e\xd5\xe1U\xa5\xaak\xf5\xc6+\xf7iR\t\xdb\xe3\x1a\xadNF\xed\x0b\x1b6F\x91\x8e\xfe\xa5$\xa5\x07l\x916>v\xc2\xd9\x1b\xdb\x0e\x17p\xcd;c\x07]\xb8\xa7\xe9Su\xd0[\xc1r\xbcnx\x89\xeb\xcd\xd4\x8d\xc7\x0b\xe1\x8a\x930\xeeAh3\xaa9\xce\xd6">Pv\xdf*b\xe9U\xc7>\xdb\xa2\xa0 \x03Y\xa3\xa5\x86\xc3\xb1\x1a|\xf7\xb40\xe0B\xb2\xc3H\xc1\xf1F4\xfe\x0e\x00\xfb\x12z\x8dH\xd0\xe5&\xe0%\xa3\xb2/\x1b!\xbcX\xa5\\\x9aC\xca\xea\x86\x14\xb0_\xdb\xcb\x0e^\xf8\x03\xb9d\x01\x8c\xbd\xfb]\xe3W\r\xfd\xa1\xbaLEI\x96\xfe\x8a]\xe0\xfc\xa9p\xf3\xc6^\xb9\xad\x8e\xd6\xb6\xea\xc5\xc3\xac\x17\x1e\x1d\x1f\xda\xea\x17;!\xcf\xccR\x991\x07\xbbn\x88\x84\x0b\xba\xe9a\xb34v\x85~\xbdI\xe0\x84\xe3\xd3\xb6\xf9\xec4Of\xe7\xd72\xd6\xaf\xa8\xf0\'H\xba\x07\x97C\xc5\xe8\x0cE\xae\xea\x8cm7\xe2\xc5\x85sWVz\xb6Ev\xdf\xe5:R,4TV\x90\x00n\xff\xa5p;\x1a\xf8D\xdb\xcc"\x8d\x1f2\xcakm\x82\xa4*\xa8\x98\xf0L@\xca\xcd~e;\xe4\xe1\xb3\xac\x0ex~\x0bGn\x0b\xd5\xf7\xdb\xfa\x03T\x1aLP\x1c_\x16y=\x0c\xf0\x08?\x89\xe2\xb3}\xe9:\xaaR\xe3\xa2\xbb\x96\xef\xed_\xbf7rq\xb3\xfb\xbc\xbb\xc3\xdd%"n\x13\xfc\x9f\x80\\A\xe4\x80\xf4\x11\x16)\xfe\x11iM\xa3U\xe2\x0f\xe2\x81\x13L\xffu\xe4e|\xa4\xedk\xc2\xc5B\x80\x10y3\xf9\xb8\x82\xa2\xcb\x82\xc0\\\x17\xe2\xe2\x84G\xc2\x02\x83\xa5m\xf1\x84\xea\xe4\xd5<\xf9\xd8\xc7\x10n\xac\xd2\\N\x85\x9dC|\xaf\xe9t\x08x#\xda\xaf\xfc\xab\nJ\xfe\x97\xa1\xfe\x19\r\x80~#j\x87\x1b^\xac\xf2\xadVN2\xffj$\xd6\xcc\xbaR\xb6Wp(\xb8\x1e<\xd7\x01\x06\xd9j\x00*\xc9\x82\x80\xdcfb\tg\x0b%{6\x90J!\x08\xe5*\r$\xc0\xc5IA\x97Q\xde\x13\x16\xf3y\xfc\xed>[\x93\xfc\xf5\xbdm\xbdL\xe0j\xf8\xb7\xc0\x86yD\x02\xd9\xe8\xf0\xd5uh\xaf-4A\xd1\xebK=f\xfcC\xb5Ub\xa9dk\xe3\xbb;\x80*\xd0]\x9a\xc4A\xce\xf6\\\xa9\xa9<Qf\xf8\x06\xe2\x04\xb8\x90\x80I\x7f\x13L\xdf\xd9\xe82\x1e\xe4\xf3J\xc5\x1c\x88\xbe\xe3\xa4\xa3s.\xd8i\xfd\xa3\xe2s\x7f,i\x87\xf0\xb83\xc0\xfac\x8f9\x94|\x04\xe6n\xb9\x16l9\xac\xa2\x88H(\x02\x91\xdd\x8d\x99\x9b:s=z[U\x8a\xa3`&~\x92\x95\xa1\x0b\x83\xec\x0c\x80\x9fXn\xa3\xd9\xce\x1an\xde\xc4.\xcb\xe9\rw2IYk\x02\x92\xf3\xc1\xd8J9\xe8v^\x7fCm\xd5\xd3\xeaMh;vA@\x94\xd4o\xe3\xf6\x1d\x80W\x13y7\xd2\x9c\x95/\xf9Q\xf1S\x02\x19\x0b\xaf\x87\xa2\x98\xd2\xd8\t9x\xcd\x8aW\xbd\xcey\xcd\x8b\xaf\xcaM.xbA\xdf \x93\x1a\xeb\xa4\xccch\xedTM\xb5\xe1c#\xcbu\x98iC\xa8\x1d\x98\x8e\xc6\xdb@<i(\xbe!\xc1\x17j\x03\x1c\x8a\xf3\xb4,M\x91\x18Pg$;&\xdf\x1e\xbbK\xed9\x92\x93\x91$t\xa0\x03\x12\x86\x96\xbd\xbf9\xecT\x07XZ2!\xfeo\xeb\xfb2\x0c~%\xc3\xe0\xb0\x0f\xe327\x9aOc\x92\xdbH\x0f\x81\xa9 n\x12\xa1^\xc0#\xa3\x91.\xd0\x9b[\r\x94\xc7\x0f\xb8\xa6\xb5C\xd9y\xc4\xff\x17\x1a\xf7X\xb1D"\xbf\x9eTB\tV"\x01\xd4\xf9\xf25\x81\xe2\xf1-|-D\xa4\xd8\xf9dA\xb55\xbc\xeeu\xefAh\xd7\x19\xc9j\xab:\x04c\xe9\xcb\x16\xf8\xd5Q\x9a\x95\x8c\xe0\xd4\xed\x10\x8eJ\xae#1\xd5\xea\xa9r\xd0E\x89\xb0\xa0v\xfdh\xd9,\x82\xed\xc7\xfb\x94\xc0\x8f\xf1(=\xeb\xbd\xf6W\xbd\xf5\x91\t\xdd\xa8\x08\xc7>\x01\xce.;\x19s\xc9\xba\xc5\xaf\xcc\xe5\xd5K;\xca\x84\t\x02\x08\x86\xc9\xa8\xd7\xf4_\x97FP\xdf;\xfd\x93\xe4\xad\x9d\xd1\x85\xdb>uj\xf1\x16u\xa7\x1bb\xb2\xc82\x7f\xd0\x8d\x91wM*fR\xb9\x18\xb4\xb9\xab"}\x80\xe5\x85\xc0=\xaa\xcf\xb2K\xfcqX\xb2\xf8\xfbv\x7f\xa5\x88_D\x979\x02\xe17X:N\x90<zk\x15\x9b\xc1\xdfJ\xf8\xa8O%T\xd1\x01\x8f\xb70\xa3\x96~3l\xc4\xd3\x99,\x92B\xaf\xdaV\xaan\xfe#\x0eA\x91I"}\x9e\x10\xbc\xd5\x85i\xfe\n\xc5\xd1\x0c\xec\xab\x8a-sAt{G\xf1\xd05.\xa7Z\t\xf5\x96\x85d\xbb\xcd\x1b0K\x99\x06\xb3\xee\x89\xa6\xael\xb6\xa3B%MN!n\xff_M\xc9\xab?|~\x0b\xf7Ua\xd5\x8e\x9b2\xa5\xeb\x81\xb7\x16\xb3\xdbG\x87\xf2\x97\xfe\xdf\x8a\xe0\x82\x93/\x8b\xe9\xe1\xcet\xe4\xefG\xbb*\xab\x96\x0fB\x1e\x8b\r/\x0e\xee\xc2\xef\xc0-&1\x90/\xe7\x8b\xcf\xb9\xd6\xf6\xa1\xeb\xd8\x0b>\xd7\x03&\x9atu3%\xb4`p\xbb\xea\x93s\xf7\x88\tj\xfc#\x8a&.\xb4\xc1%\x08sC\xb8-\x10\xf05ne\x0f\r\xe8\x0c+\xfen\xd8\x10\xf1\xc6r\xfe\x08\xb0,]\x8e(+`\xd3\x03\xa6\x8f\x16\x85y\xe7\r\xd4J0\x98\xcf\x98\xc5\x1d0\xf7x\x90)\x0eM\x06l\xc3Q\x85\x92\x1f_\xc9l\xd5\xd1\x95Q1\x8adw\xa0\xd3\xee\x86!\xd6!\xe5h\x96M\xccbRoX\xac\xbe\xe6.T\xcc\x99\xc8\x86\xb1\x16\xa20\x8e\x13\xbci\x8f\xfer\x98\xa2m4\x04[\xe3\xbf)\xff\xd1\xddh\x1aG\xd1\x87M\xf9\xcf\xc6\xe4\xbe\x88\xff\xfd\x03\xb4\xf4\xdc\x8b\x86v\x19\x1d\x8b\xe4\xb6\xb6@6\xf2|\x83I\xaehy\xf6\xb0\xfc\xb4\x0b\xd7\x13\xc1m\xd0\xc3S\x0b\xbc\x0c\xa1o\x0f\x1c\xb3`)y\xec|\x03\xe9Q*\xc5\xa8\x14^\x05\x088\xa4\xb49\xcd97]g\xe1\x15\xac\x96\xee\x85\xb1\xe0\xa4G\xb9jw\x96\xafQ\xf3\xd1(\xac`\x88p\xa10\xe0\x8f\x9e\xe0\xc2<\xcf\xc4\x8e\xea?)4\xe3\xdf\x89\x9er\xef\xb8pj\xc7\xa4#K2\t\x86F\xc9P\xde^6[\xb7\xa1\xf2\xa0\x0e!E~\x8c\x8e\xcd9*I\x86\xfbu\x12\x10\x92>\xb0\xb9_#\xef=\xd2\x08nv\xacJ\xf5\xd8\x19\xc4\x7f\x9c\x0f\xe1ws\xe2(\xa2R\xab\xc1P\xd3\xc9\x8c\xd4\x89\x02b\x13;\x8d\xbd;i>\xd5\xd5\xf1\x0b\xa9\xe1C\xaas\x0c\xb3\xeb\xbe\xa6\xc9^\x8c\x85\\Y\xc9\x814DQG\xd5EpU4\x19\xbcp\x1dw]\xb4t\x17Lo\xa6I\x01\xed\x04\xe1>R\x16\x1d:\xba\xae\x02_|\x05P\xebX\x03v\xfd\xac\xea\x8c%X\x1b\xb8\xb5\xa1\x08A\xeaI\x94\xa6Y\'>\x84\x1e-u\xfc\\B\xb5\xdf]*8\xb3\x1b\xac\x8f\xc6\x14y\xdb\x14\xf1T\x9b\xa4z\t\xc2\xebm\xb8\x01\x91eP\xd9\xb1\x0f\x08\xaaM\xf7T\xc3\xb0\xa8\xe19\x8bN\x15\xd2P\x1c\x0b\x9e\xbd4\x950\xdf|\xfc\x04\x7fa\xcd\x0e\xfa\xbb\xbb\x0fNy1\x1d\x9a4\x9c\xf9\x97\xcb\x8au\x00?V\xc0\xf5,)|cq\x17\x08\xf6\x06\x9b\x86fP\x9aJ\xbb\x9e\xd4U\xe7\x8bU\xc0Z\x82\x1b\xac\xda[\x14\xf6J8K\x19\xff\xe1\x90\xaci\xf8}Dk\x03\xebir\x87\xf1s\x85\x0f!\xa2I,\xd5\xc5\xe4\xc6\xf9\xcd\xbd\xcc|\xb5?j-\xf0\x8d(\xea\xcc\xd5\x95$9Kv\x04$\xe5\xfc+;J(\xbc2\xa6\xbf\x9e\x96xD\xb5\x0b\x133\xa3\xc6\xfa\xf1\xd7\xf6\xd5\xb2\xab\xcb]\x1d\xba\x9c\xfa\x08\x96"\xac\x97\xf7r\xab:\x9ca\x04\xc1aI\xedt\xae\xd0\x88\x91\xf3\xaa\x9a\x91_\x11E\x9f\xe2\xbd\x15g@\xa7\xa0(\x8f\xe9j\xe8\xa8\xd5\xe4\x08Bt\xfe\x11\xa9\xdd\x01\xd2\x19\xdcl\x98\x07Zy\x03 IY\xa9\x02\xe2\xe9\xee\xa9\xf6\x8d\x16N\x8a\x1c\xf2+;\xcc\xd6#\x05 \xe9\\\xd6\xc8\x10\x91e\x8d\xdb-\n\xd6\xa6\rH\x16\xf2\x8e\xbe\xa9\x9f\x98V\xdd\\\x1f\xdf^\xda\xa6D\xbe\x9cU>\x8b\xc0\xe7|\xaf\xec\xa7\xdb\xcd\x82P\xf0\xcd\xf5$os/\xe2!\xab\xf4t\xcf\xff\x83k\x11\xe9\x9c\xde\xa1H\x06)\xb9\xb8\xae\x12\x02n\xc4R5\x81\xce\xafj\xf5b\x83\xa3C\x9d\x134\x9bN\x13x\xe0D\xa6<\x19C\xcb\xa5\xfdz\xa5&Zc\xed\x81D\xa6\xeet\x0b\xd2u\xadSB\x1dO\xbdR"\xb2\xae\xb5\x8d\x87\xfa$\xcf\xf0\xb0G\x85)_\\\x1eUm\x88\xef\x12\x1b\xa88\x91\xd6n\xc3\xb2\x95\x87\x8bb\n\xa7\xca\xa2f\x9eM}\xcc\xa2I\xe0\x19m\n\xa7\x1fZ\xce)\xc5\xc4\xb2\xaa\x85\xba\x90\x88%\xd6\x06\xb7\x07p\x94+(n\xb7\xbd\xf6\x9a\xd8^\x03l\xbe\xfd\xa8\x02\x02\xc9 \x0fT\x99C)\xf2\xa2\x08\xdc\xb4\x9f\x196IE\xcd2Ks\xd4\x944\xf3\xa4\xb4M|K-=v\x8dlCh\xf8Z\'\x80\x05 \\gfCo!dA\xa2bO\x01D"9\x1fx]/\x00\xd3\xd1E\x9em\xce\xa1\x0f\x8b\x1a\xa3:c-\xde7\xa2}\xbd\xf6\x8f*\xa7y\x85\xc9\xb4\xa4\x05?\xa7\x1c\xed\x97\xc7\xf6\xd6D\x12\xf6\x1b5\xc0\xea0\xa2\xe4\x97\xd8\xf9\xc5~1\x147\xf2\xd6(}\x82x\xa9J&\xfa\xa1\xe0\xda\xd4\xf28\xe1\x022dX\xa2\x9a$\x95\xbe\xf4\x9cK\xa8\x98\xf1l\x01\xf8Os\x1a\xad\xe0\xd8\xa8#\x9d>\x87\x9eh\x1d\x10!\xde,\xcdhU\x828\xdb\xf4%r\xde\x04S\xf0#\xad%`\xb3(v\xe6\xe5\xaa*:\xa3\x82\xe30\xfcg\xc6\xb8\xe8%d\x0f\xa9G\xca\x96AgQ\xb5=\x10\x07\xe1\xcd\xbau!\xd3\xe6\xa4\xdf\x87*\xbel\x8e\xd8r\xa4A\\<N\xd7q\x96\xb5q"\xf4\x1d\xb8\x94\xd3~.\xdfR\xdbB\x96\x96V\x14\n\xf1\xe5\x8b<\xeb-9\xd1\xd3\xff\xf2f`J\xf7\xa57M\xc3\x1e\xff\x1b\x1a\x82\xb6\xf8\xa4\xc7\x9a\x01\x04\xab+\x91\xda\xad\xb6\x13@\xb9U\xab\xb7\xfdO\xd0\xd84\xfc)<\xb2\x1d\x97e\x1a\xdc\xa6j\x96\t\xde8\xbb\x1e\xe9\xa2"\xe3\xef\x8c\x9e5d\xa8t~P\t\xda\x0e_nry\x9bu\xf4\xd8\xf1\x1b\xed\xf4\xd8\'28\xd5g\xad\xce\xb5\x173-\xb0[T7\xb3~\xe5\x8c\x07 \xed8\xf2\xc3E8%\xba4\xbaT\xc6\xedS\x96\xf4\x7f\x91z\xc4\x90<\x8e\xd3\xe8J\xaa\xa2\x8d\x1d\xc2\xe7W^\xe1K\xe0\xa3\\\xc8e+\x8d\xe9\xd0\x00\xff\xc9t\xb5E\x96\x89J\x1b\xb4\x99H\xbeh\xb0\xb9q\xba\xbe\xdfn\xd5\xf3\x0cw|f\xfae\x19\x818\xff\xe1\xb8\x87\xf1\x05\x951R\x19\x15\x86\x08'
