json = {};
json.a = {};
json.a.id = 3;
json.a.popup = {};
json.a.popup.menuitem = [];
json.a.popup.menuitem[0] = {};
json.a.popup.menuitem[0].onclick = "CreateNewDoc()";
json.a.popup.menuitem[0].value = "New";
json.a.popup.menuitem[1] = {};
json.a.popup.menuitem[1].onclick = "OpenDoc()";
json.a.popup.menuitem[1].value = "Open";
json.a.popup.menuitem[2] = {};
json.a.popup.menuitem[2].onclick = "CloseDoc()";
json.a.popup.menuitem[2].value = "Close";
json.a.value = "File";
json.ab = {};
json.ab.id = 2;
json.ab.popup = {};
json.ab.popup.menuitem = [];
json.ab.popup.menuitem[0] = {};
json.ab.popup.menuitem[0].onclick = "CreateNewDoc()";
json.ab.popup.menuitem[0].value = "New";
json.ab.popup.menuitem[1] = {};
json.ab.popup.menuitem[1].onclick = "OpenDoc()";
json.ab.popup.menuitem[1].value = "Open";
json.ab.popup.menuitem[2] = {};
json.ab.popup.menuitem[2].onclick = "CloseDoc()";
json.ab.popup.menuitem[2].value = "Close";
json.ab.value = "File";
json.abc = {};
json.abc.id = 1;
json.abc.popup = {};
json.abc.popup.menuitem = [];
json.abc.popup.menuitem[0] = {};
json.abc.popup.menuitem[0].onclick = "CreateNewDoc()";
json.abc.popup.menuitem[0].value = "New";
json.abc.popup.menuitem[1] = {};
json.abc.popup.menuitem[1].onclick = "OpenDoc()";
json.abc.popup.menuitem[1].value = "Open";
json.abc.popup.menuitem[2] = {};
json.abc.popup.menuitem[2].onclick = "CloseDoc()";
json.abc.popup.menuitem[2].value = "Close";
json.abc.value = "File";
